Archive member included because of file (symbol)

/usr/lib/gcc/avr/4.8.2/../../../avr/lib/avr5/libprintf_flt.a(vfprintf_flt.o)
                              (vfprintf)
/home/james/workspace_old/RBELib/Release/libRBELib.a(ADC.o)
                              ./main.o (initADC)
/home/james/workspace_old/RBELib/Release/libRBELib.a(Debug.o)
                              ./main.o (initRBELib)
/home/james/workspace_old/RBELib/Release/libRBELib.a(Periph.o)
                              ./main.o (encInit)
/home/james/workspace_old/RBELib/Release/libRBELib.a(SPI.o)
                              ./main.o (initSPI)
/home/james/workspace_old/RBELib/Release/libRBELib.a(USARTDebug.o)
                              ./main.o (debugUSARTInit)
/home/james/workspace_old/RBELib/Release/libRBELib.a(constants.o)
                              ./main.o (t2highrad)
/home/james/workspace_old/RBELib/Release/libRBELib.a(motors.o)
                              ./main.o (initMotors)
/home/james/workspace_old/RBELib/Release/libRBELib.a(pot.o)
                              ./main.o (potAngle)
/home/james/workspace_old/RBELib/Release/libRBELib.a(timer.o)
                              /home/james/workspace_old/RBELib/Release/libRBELib.a(motors.o) (initTimer)
/home/james/workspace_old/RBELib/Release/libRBELib.a(util.o)
                              /home/james/workspace_old/RBELib/Release/libRBELib.a(motors.o) (clipi)
/home/james/workspace_old/RBELib/Release/libRBELib.a(SetServo.o)
                              /home/james/workspace_old/RBELib/Release/libRBELib.a(Debug.o) (initAltCom)
/home/james/workspace_old/RBELib/Release/libRBELib.a(PID.o)
                              /home/james/workspace_old/RBELib/Release/libRBELib.a(motors.o) (setConst)
/home/james/workspace_old/RBELib/Release/libRBELib.a(drive.o)
                              /home/james/workspace_old/RBELib/Release/libRBELib.a(motors.o) (setMotorVolts)
/home/james/workspace_old/RBELib/Release/libRBELib.a(forwardkin.o)
                              /home/james/workspace_old/RBELib/Release/libRBELib.a(motors.o) (forward)
/home/james/workspace_old/RBELib/Release/libRBELib.a(ik.o)
                              /home/james/workspace_old/RBELib/Release/libRBELib.a(motors.o) (getJoint)
/home/james/workspace_old/RBELib/Release/libRBELib.a(DAC.o)
                              /home/james/workspace_old/RBELib/Release/libRBELib.a(drive.o) (setDAC)
/usr/lib/gcc/avr/4.8.2/../../../avr/lib/avr5/libm.a(acos.o)
                              /home/james/workspace_old/RBELib/Release/libRBELib.a(ik.o) (acos)
/usr/lib/gcc/avr/4.8.2/../../../avr/lib/avr5/libm.a(addsf3.o)
                              /home/james/workspace_old/RBELib/Release/libRBELib.a(PID.o) (__subsf3)
/usr/lib/gcc/avr/4.8.2/../../../avr/lib/avr5/libm.a(addsf3x.o)
                              /usr/lib/gcc/avr/4.8.2/../../../avr/lib/avr5/libm.a(acos.o) (__addsf3x)
/usr/lib/gcc/avr/4.8.2/../../../avr/lib/avr5/libm.a(atan2.o)
                              /home/james/workspace_old/RBELib/Release/libRBELib.a(ik.o) (atan2)
/usr/lib/gcc/avr/4.8.2/../../../avr/lib/avr5/libm.a(atan.o)
                              /usr/lib/gcc/avr/4.8.2/../../../avr/lib/avr5/libm.a(atan2.o) (atan)
/usr/lib/gcc/avr/4.8.2/../../../avr/lib/avr5/libm.a(cmpsf2.o)
                              /home/james/workspace_old/RBELib/Release/libRBELib.a(util.o) (__ltsf2)
/usr/lib/gcc/avr/4.8.2/../../../avr/lib/avr5/libm.a(cos.o)
                              /home/james/workspace_old/RBELib/Release/libRBELib.a(forwardkin.o) (cos)
/usr/lib/gcc/avr/4.8.2/../../../avr/lib/avr5/libm.a(divsf3.o)
                              /home/james/workspace_old/RBELib/Release/libRBELib.a(PID.o) (__divsf3)
/usr/lib/gcc/avr/4.8.2/../../../avr/lib/avr5/libm.a(divsf3x.o)
                              /usr/lib/gcc/avr/4.8.2/../../../avr/lib/avr5/libm.a(divsf3.o) (__divsf3x)
/usr/lib/gcc/avr/4.8.2/../../../avr/lib/avr5/libm.a(fixsfsi.o)
                              /home/james/workspace_old/RBELib/Release/libRBELib.a(Periph.o) (__fixsfsi)
/usr/lib/gcc/avr/4.8.2/../../../avr/lib/avr5/libm.a(fixunssfsi.o)
                              /usr/lib/gcc/avr/4.8.2/../../../avr/lib/avr5/libm.a(fixsfsi.o) (__fixunssfsi)
/usr/lib/gcc/avr/4.8.2/../../../avr/lib/avr5/libm.a(floatsisf.o)
                              /home/james/workspace_old/RBELib/Release/libRBELib.a(Periph.o) (__floatsisf)
/usr/lib/gcc/avr/4.8.2/../../../avr/lib/avr5/libm.a(fp_arccos.o)
                              /usr/lib/gcc/avr/4.8.2/../../../avr/lib/avr5/libm.a(acos.o) (__fp_arccos)
/usr/lib/gcc/avr/4.8.2/../../../avr/lib/avr5/libm.a(fp_cmp.o)
                              /usr/lib/gcc/avr/4.8.2/../../../avr/lib/avr5/libm.a(cmpsf2.o) (__fp_cmp)
/usr/lib/gcc/avr/4.8.2/../../../avr/lib/avr5/libm.a(fp_inf.o)
                              /usr/lib/gcc/avr/4.8.2/../../../avr/lib/avr5/libm.a(addsf3x.o) (__fp_inf)
/usr/lib/gcc/avr/4.8.2/../../../avr/lib/avr5/libm.a(fp_nan.o)
                              /usr/lib/gcc/avr/4.8.2/../../../avr/lib/avr5/libm.a(addsf3x.o) (__fp_nan)
/usr/lib/gcc/avr/4.8.2/../../../avr/lib/avr5/libm.a(fp_powser.o)
                              /usr/lib/gcc/avr/4.8.2/../../../avr/lib/avr5/libm.a(atan.o) (__fp_powser)
/usr/lib/gcc/avr/4.8.2/../../../avr/lib/avr5/libm.a(fp_pscA.o)
                              /usr/lib/gcc/avr/4.8.2/../../../avr/lib/avr5/libm.a(addsf3x.o) (__fp_pscA)
/usr/lib/gcc/avr/4.8.2/../../../avr/lib/avr5/libm.a(fp_pscB.o)
                              /usr/lib/gcc/avr/4.8.2/../../../avr/lib/avr5/libm.a(addsf3x.o) (__fp_pscB)
/usr/lib/gcc/avr/4.8.2/../../../avr/lib/avr5/libm.a(fp_rempio2.o)
                              /usr/lib/gcc/avr/4.8.2/../../../avr/lib/avr5/libm.a(cos.o) (__fp_rempio2)
/usr/lib/gcc/avr/4.8.2/../../../avr/lib/avr5/libm.a(fp_round.o)
                              /usr/lib/gcc/avr/4.8.2/../../../avr/lib/avr5/libm.a(acos.o) (__fp_round)
/usr/lib/gcc/avr/4.8.2/../../../avr/lib/avr5/libm.a(fp_sinus.o)
                              /usr/lib/gcc/avr/4.8.2/../../../avr/lib/avr5/libm.a(cos.o) (__fp_sinus)
/usr/lib/gcc/avr/4.8.2/../../../avr/lib/avr5/libm.a(fp_split3.o)
                              /usr/lib/gcc/avr/4.8.2/../../../avr/lib/avr5/libm.a(addsf3x.o) (__fp_split3)
/usr/lib/gcc/avr/4.8.2/../../../avr/lib/avr5/libm.a(fp_zero.o)
                              /usr/lib/gcc/avr/4.8.2/../../../avr/lib/avr5/libm.a(addsf3x.o) (__fp_zero)
/usr/lib/gcc/avr/4.8.2/../../../avr/lib/avr5/libm.a(gesf2.o)
                              /home/james/workspace_old/RBELib/Release/libRBELib.a(util.o) (__gtsf2)
/usr/lib/gcc/avr/4.8.2/../../../avr/lib/avr5/libm.a(inverse.o)
                              /usr/lib/gcc/avr/4.8.2/../../../avr/lib/avr5/libm.a(atan.o) (inverse)
/usr/lib/gcc/avr/4.8.2/../../../avr/lib/avr5/libm.a(mulsf3.o)
                              /home/james/workspace_old/RBELib/Release/libRBELib.a(Periph.o) (__mulsf3)
/usr/lib/gcc/avr/4.8.2/../../../avr/lib/avr5/libm.a(mulsf3x.o)
                              /usr/lib/gcc/avr/4.8.2/../../../avr/lib/avr5/libm.a(atan.o) (__mulsf3x)
/usr/lib/gcc/avr/4.8.2/../../../avr/lib/avr5/libm.a(sin.o)
                              /home/james/workspace_old/RBELib/Release/libRBELib.a(PID.o) (sin)
/usr/lib/gcc/avr/4.8.2/../../../avr/lib/avr5/libm.a(sqrt.o)
                              /home/james/workspace_old/RBELib/Release/libRBELib.a(ik.o) (sqrt)
/usr/lib/gcc/avr/4.8.2/../../../avr/lib/avr5/libm.a(square.o)
                              /usr/lib/gcc/avr/4.8.2/../../../avr/lib/avr5/libm.a(atan.o) (square)
/usr/lib/gcc/avr/4.8.2/../../../avr/lib/avr5/libm.a(unordsf2.o)
                              /home/james/workspace_old/RBELib/Release/libRBELib.a(ik.o) (__unordsf2)
/usr/lib/gcc/avr/4.8.2/../../../avr/lib/avr5/libm.a(fp_mpack.o)
                              /usr/lib/gcc/avr/4.8.2/../../../avr/lib/avr5/libm.a(sqrt.o) (__fp_mpack)
/usr/lib/gcc/avr/4.8.2/../../../avr/lib/avr5/libm.a(fp_norm2.o)
                              /usr/lib/gcc/avr/4.8.2/../../../avr/lib/avr5/libm.a(sqrt.o) (__fp_norm2)
/usr/lib/gcc/avr/4.8.2/../../../avr/lib/avr5/libm.a(fp_powsodd.o)
                              /usr/lib/gcc/avr/4.8.2/../../../avr/lib/avr5/libm.a(fp_sinus.o) (__fp_powsodd)
/usr/lib/gcc/avr/4.8.2/avr5/libgcc.a(_mulhisi3.o)
                              /home/james/workspace_old/RBELib/Release/libRBELib.a(ik.o) (__mulhisi3)
/usr/lib/gcc/avr/4.8.2/avr5/libgcc.a(_umulhisi3.o)
                              /home/james/workspace_old/RBELib/Release/libRBELib.a(drive.o) (__umulhisi3)
/usr/lib/gcc/avr/4.8.2/avr5/libgcc.a(_usmulhisi3.o)
                              /usr/lib/gcc/avr/4.8.2/avr5/libgcc.a(_mulhisi3.o) (__usmulhisi3_tail)
/usr/lib/gcc/avr/4.8.2/avr5/libgcc.a(_muluhisi3.o)
                              /home/james/workspace_old/RBELib/Release/libRBELib.a(timer.o) (__muluhisi3)
/usr/lib/gcc/avr/4.8.2/avr5/libgcc.a(_mulshisi3.o)
                              /home/james/workspace_old/RBELib/Release/libRBELib.a(drive.o) (__mulshisi3)
/usr/lib/gcc/avr/4.8.2/avr5/libgcc.a(_divmodhi4.o)
                              /home/james/workspace_old/RBELib/Release/libRBELib.a(PID.o) (__divmodhi4)
/usr/lib/gcc/avr/4.8.2/avr5/libgcc.a(_udivmodsi4.o)
                              /home/james/workspace_old/RBELib/Release/libRBELib.a(USARTDebug.o) (__udivmodsi4)
/usr/lib/gcc/avr/4.8.2/avr5/libgcc.a(_divmodsi4.o)
                              /home/james/workspace_old/RBELib/Release/libRBELib.a(drive.o) (__divmodsi4)
/usr/lib/gcc/avr/4.8.2/avr5/libgcc.a(_negsi2.o)
                              /usr/lib/gcc/avr/4.8.2/avr5/libgcc.a(_divmodsi4.o) (__negsi2)
/usr/lib/gcc/avr/4.8.2/avr5/libgcc.a(_prologue.o)
                              /usr/lib/gcc/avr/4.8.2/../../../avr/lib/avr5/libprintf_flt.a(vfprintf_flt.o) (__prologue_saves__)
/usr/lib/gcc/avr/4.8.2/avr5/libgcc.a(_epilogue.o)
                              /usr/lib/gcc/avr/4.8.2/../../../avr/lib/avr5/libprintf_flt.a(vfprintf_flt.o) (__epilogue_restores__)
/usr/lib/gcc/avr/4.8.2/avr5/libgcc.a(_exit.o)
                              /usr/lib/gcc/avr/4.8.2/../../../avr/lib/avr5/crtm644p.o (exit)
/usr/lib/gcc/avr/4.8.2/avr5/libgcc.a(_copy_data.o)
                              ./main.o (__do_copy_data)
/usr/lib/gcc/avr/4.8.2/avr5/libgcc.a(_clear_bss.o)
                              ./main.o (__do_clear_bss)
/usr/lib/gcc/avr/4.8.2/avr5/libgcc.a(_udivmodhi4.o)
                              /usr/lib/gcc/avr/4.8.2/avr5/libgcc.a(_divmodhi4.o) (__udivmodhi4)
/usr/lib/gcc/avr/4.8.2/../../../avr/lib/avr5/libc.a(ftoa_engine.o)
                              /usr/lib/gcc/avr/4.8.2/../../../avr/lib/avr5/libprintf_flt.a(vfprintf_flt.o) (__ftoa_engine)
/usr/lib/gcc/avr/4.8.2/../../../avr/lib/avr5/libc.a(strnlen_P.o)
                              /usr/lib/gcc/avr/4.8.2/../../../avr/lib/avr5/libprintf_flt.a(vfprintf_flt.o) (strnlen_P)
/usr/lib/gcc/avr/4.8.2/../../../avr/lib/avr5/libc.a(strnlen.o)
                              /usr/lib/gcc/avr/4.8.2/../../../avr/lib/avr5/libprintf_flt.a(vfprintf_flt.o) (strnlen)
/usr/lib/gcc/avr/4.8.2/../../../avr/lib/avr5/libc.a(fputc.o)
                              /usr/lib/gcc/avr/4.8.2/../../../avr/lib/avr5/libprintf_flt.a(vfprintf_flt.o) (fputc)
/usr/lib/gcc/avr/4.8.2/../../../avr/lib/avr5/libc.a(iob.o)
                              /home/james/workspace_old/RBELib/Release/libRBELib.a(Debug.o) (__iob)
/usr/lib/gcc/avr/4.8.2/../../../avr/lib/avr5/libc.a(printf.o)
                              ./main.o (printf)
/usr/lib/gcc/avr/4.8.2/../../../avr/lib/avr5/libc.a(puts.o)
                              ./main.o (puts)
/usr/lib/gcc/avr/4.8.2/../../../avr/lib/avr5/libc.a(sprintf.o)
                              /home/james/workspace_old/RBELib/Release/libRBELib.a(SetServo.o) (sprintf)
/usr/lib/gcc/avr/4.8.2/../../../avr/lib/avr5/libc.a(ultoa_invert.o)
                              /usr/lib/gcc/avr/4.8.2/../../../avr/lib/avr5/libprintf_flt.a(vfprintf_flt.o) (__ultoa_invert)

Allocating common symbols
Common symbol       size              file

enc0                0x2               ./main.o
t1lowdeg            0x2               ./main.o
pidConsts           0x18              /home/james/workspace_old/RBELib/Release/libRBELib.a(PID.o)
enc1                0x2               ./main.o
__iob               0x6               /usr/lib/gcc/avr/4.8.2/../../../avr/lib/avr5/libc.a(iob.o)

Memory Configuration

Name             Origin             Length             Attributes
text             0x0000000000000000 0x0000000000020000 xr
data             0x0000000000800060 0x000000000000ffa0 rw !x
eeprom           0x0000000000810000 0x0000000000010000 rw !x
fuse             0x0000000000820000 0x0000000000000400 rw !x
lock             0x0000000000830000 0x0000000000000400 rw !x
signature        0x0000000000840000 0x0000000000000400 rw !x
user_signatures  0x0000000000850000 0x0000000000000400 rw !x
*default*        0x0000000000000000 0xffffffffffffffff

Linker script and memory map

Address of section .data set to 0x800100
LOAD /usr/lib/gcc/avr/4.8.2/../../../avr/lib/avr5/crtm644p.o
LOAD /usr/lib/gcc/avr/4.8.2/../../../avr/lib/avr5/libprintf_flt.a
LOAD /usr/lib/gcc/avr/4.8.2/../../../avr/lib/avr5/libm.a
LOAD ./main.o
LOAD /home/james/workspace_old/RBELib/Release/libRBELib.a
LOAD /usr/lib/gcc/avr/4.8.2/../../../avr/lib/avr5/libm.a
START GROUP
LOAD /usr/lib/gcc/avr/4.8.2/avr5/libgcc.a
LOAD /usr/lib/gcc/avr/4.8.2/../../../avr/lib/avr5/libm.a
LOAD /usr/lib/gcc/avr/4.8.2/../../../avr/lib/avr5/libc.a
END GROUP

.hash
 *(.hash)

.dynsym
 *(.dynsym)

.dynstr
 *(.dynstr)

.gnu.version
 *(.gnu.version)

.gnu.version_d
 *(.gnu.version_d)

.gnu.version_r
 *(.gnu.version_r)

.rel.init
 *(.rel.init)

.rela.init
 *(.rela.init)

.rel.text
 *(.rel.text)
 *(.rel.text.*)
 *(.rel.gnu.linkonce.t*)

.rela.text
 *(.rela.text)
 *(.rela.text.*)
 *(.rela.gnu.linkonce.t*)

.rel.fini
 *(.rel.fini)

.rela.fini
 *(.rela.fini)

.rel.rodata
 *(.rel.rodata)
 *(.rel.rodata.*)
 *(.rel.gnu.linkonce.r*)

.rela.rodata
 *(.rela.rodata)
 *(.rela.rodata.*)
 *(.rela.gnu.linkonce.r*)

.rel.data
 *(.rel.data)
 *(.rel.data.*)
 *(.rel.gnu.linkonce.d*)

.rela.data
 *(.rela.data)
 *(.rela.data.*)
 *(.rela.gnu.linkonce.d*)

.rel.ctors
 *(.rel.ctors)

.rela.ctors
 *(.rela.ctors)

.rel.dtors
 *(.rel.dtors)

.rela.dtors
 *(.rela.dtors)

.rel.got
 *(.rel.got)

.rela.got
 *(.rela.got)

.rel.bss
 *(.rel.bss)

.rela.bss
 *(.rela.bss)

.rel.plt
 *(.rel.plt)

.rela.plt
 *(.rela.plt)

.text           0x0000000000000000     0x2d72
 *(.vectors)
 .vectors       0x0000000000000000       0x7c /usr/lib/gcc/avr/4.8.2/../../../avr/lib/avr5/crtm644p.o
                0x0000000000000000                __vectors
                0x0000000000000000                __vector_default
 *(.vectors)
 *(.progmem.gcc*)
 .progmem.gcc_fplib
                0x000000000000007c       0x2d /usr/lib/gcc/avr/4.8.2/../../../avr/lib/avr5/libm.a(atan.o)
 .progmem.gcc_fplib
                0x00000000000000a9       0x28 /usr/lib/gcc/avr/4.8.2/../../../avr/lib/avr5/libm.a(fp_arccos.o)
 .progmem.gcc_fplib
                0x00000000000000d1       0x1e /usr/lib/gcc/avr/4.8.2/../../../avr/lib/avr5/libm.a(fp_sinus.o)
 *(.progmem*)
 .progmem.data  0x00000000000000ef        0x8 /usr/lib/gcc/avr/4.8.2/../../../avr/lib/avr5/libprintf_flt.a(vfprintf_flt.o)
 .progmem.data  0x00000000000000f7       0xfa /usr/lib/gcc/avr/4.8.2/../../../avr/lib/avr5/libc.a(ftoa_engine.o)
                0x00000000000001f2                . = ALIGN (0x2)
 *fill*         0x00000000000001f1        0x1 
                0x00000000000001f2                __trampolines_start = .
 *(.trampolines)
 .trampolines   0x00000000000001f2        0x0 linker stubs
 *(.trampolines*)
                0x00000000000001f2                __trampolines_end = .
 *(.jumptables)
 *(.jumptables*)
 *(.lowtext)
 *(.lowtext*)
                0x00000000000001f2                __ctors_start = .
 *(.ctors)
                0x00000000000001f2                __ctors_end = .
                0x00000000000001f2                __dtors_start = .
 *(.dtors)
                0x00000000000001f2                __dtors_end = .
 SORT(*)(.ctors)
 SORT(*)(.dtors)
 *(.init0)
 .init0         0x00000000000001f2        0x0 /usr/lib/gcc/avr/4.8.2/../../../avr/lib/avr5/crtm644p.o
                0x00000000000001f2                __init
 *(.init0)
 *(.init1)
 *(.init1)
 *(.init2)
 .init2         0x00000000000001f2        0xc /usr/lib/gcc/avr/4.8.2/../../../avr/lib/avr5/crtm644p.o
 *(.init2)
 *(.init3)
 *(.init3)
 *(.init4)
 .init4         0x00000000000001fe       0x16 /usr/lib/gcc/avr/4.8.2/avr5/libgcc.a(_copy_data.o)
                0x00000000000001fe                __do_copy_data
 .init4         0x0000000000000214       0x10 /usr/lib/gcc/avr/4.8.2/avr5/libgcc.a(_clear_bss.o)
                0x0000000000000214                __do_clear_bss
 *(.init4)
 *(.init5)
 *(.init5)
 *(.init6)
 *(.init6)
 *(.init7)
 *(.init7)
 *(.init8)
 *(.init8)
 *(.init9)
 .init9         0x0000000000000224        0x8 /usr/lib/gcc/avr/4.8.2/../../../avr/lib/avr5/crtm644p.o
 *(.init9)
 *(.text)
 .text          0x000000000000022c        0x4 /usr/lib/gcc/avr/4.8.2/../../../avr/lib/avr5/crtm644p.o
                0x000000000000022c                __vector_22
                0x000000000000022c                __vector_28
                0x000000000000022c                __vector_1
                0x000000000000022c                __vector_12
                0x000000000000022c                __bad_interrupt
                0x000000000000022c                __vector_6
                0x000000000000022c                __vector_3
                0x000000000000022c                __vector_23
                0x000000000000022c                __vector_30
                0x000000000000022c                __vector_25
                0x000000000000022c                __vector_11
                0x000000000000022c                __vector_17
                0x000000000000022c                __vector_19
                0x000000000000022c                __vector_7
                0x000000000000022c                __vector_27
                0x000000000000022c                __vector_5
                0x000000000000022c                __vector_4
                0x000000000000022c                __vector_2
                0x000000000000022c                __vector_21
                0x000000000000022c                __vector_15
                0x000000000000022c                __vector_29
                0x000000000000022c                __vector_8
                0x000000000000022c                __vector_26
                0x000000000000022c                __vector_14
                0x000000000000022c                __vector_10
                0x000000000000022c                __vector_18
                0x000000000000022c                __vector_20
 .text          0x0000000000000230        0x0 /usr/lib/gcc/avr/4.8.2/../../../avr/lib/avr5/libprintf_flt.a(vfprintf_flt.o)
 .text          0x0000000000000230        0x0 ./main.o
 .text          0x0000000000000230        0x0 /home/james/workspace_old/RBELib/Release/libRBELib.a(ADC.o)
 .text          0x0000000000000230        0x0 /home/james/workspace_old/RBELib/Release/libRBELib.a(Debug.o)
 .text          0x0000000000000230        0x0 /home/james/workspace_old/RBELib/Release/libRBELib.a(Periph.o)
 .text          0x0000000000000230        0x0 /home/james/workspace_old/RBELib/Release/libRBELib.a(SPI.o)
 .text          0x0000000000000230        0x0 /home/james/workspace_old/RBELib/Release/libRBELib.a(USARTDebug.o)
 .text          0x0000000000000230        0x0 /home/james/workspace_old/RBELib/Release/libRBELib.a(constants.o)
 .text          0x0000000000000230        0x0 /home/james/workspace_old/RBELib/Release/libRBELib.a(motors.o)
 .text          0x0000000000000230        0x0 /home/james/workspace_old/RBELib/Release/libRBELib.a(pot.o)
 .text          0x0000000000000230        0x0 /home/james/workspace_old/RBELib/Release/libRBELib.a(timer.o)
 .text          0x0000000000000230        0x0 /home/james/workspace_old/RBELib/Release/libRBELib.a(util.o)
 .text          0x0000000000000230        0x0 /home/james/workspace_old/RBELib/Release/libRBELib.a(SetServo.o)
 .text          0x0000000000000230        0x0 /home/james/workspace_old/RBELib/Release/libRBELib.a(PID.o)
 .text          0x0000000000000230        0x0 /home/james/workspace_old/RBELib/Release/libRBELib.a(drive.o)
 .text          0x0000000000000230        0x0 /home/james/workspace_old/RBELib/Release/libRBELib.a(forwardkin.o)
 .text          0x0000000000000230        0x0 /home/james/workspace_old/RBELib/Release/libRBELib.a(ik.o)
 .text          0x0000000000000230        0x0 /home/james/workspace_old/RBELib/Release/libRBELib.a(DAC.o)
 .text          0x0000000000000230        0x0 /usr/lib/gcc/avr/4.8.2/../../../avr/lib/avr5/libm.a(acos.o)
 .text          0x0000000000000230        0x0 /usr/lib/gcc/avr/4.8.2/../../../avr/lib/avr5/libm.a(addsf3.o)
 .text          0x0000000000000230        0x0 /usr/lib/gcc/avr/4.8.2/../../../avr/lib/avr5/libm.a(addsf3x.o)
 .text          0x0000000000000230        0x0 /usr/lib/gcc/avr/4.8.2/../../../avr/lib/avr5/libm.a(atan2.o)
 .text          0x0000000000000230        0x0 /usr/lib/gcc/avr/4.8.2/../../../avr/lib/avr5/libm.a(atan.o)
 .text          0x0000000000000230        0x0 /usr/lib/gcc/avr/4.8.2/../../../avr/lib/avr5/libm.a(cmpsf2.o)
 .text          0x0000000000000230        0x0 /usr/lib/gcc/avr/4.8.2/../../../avr/lib/avr5/libm.a(cos.o)
 .text          0x0000000000000230        0x0 /usr/lib/gcc/avr/4.8.2/../../../avr/lib/avr5/libm.a(divsf3.o)
 .text          0x0000000000000230        0x0 /usr/lib/gcc/avr/4.8.2/../../../avr/lib/avr5/libm.a(divsf3x.o)
 .text          0x0000000000000230        0x0 /usr/lib/gcc/avr/4.8.2/../../../avr/lib/avr5/libm.a(fixsfsi.o)
 .text          0x0000000000000230        0x0 /usr/lib/gcc/avr/4.8.2/../../../avr/lib/avr5/libm.a(fixunssfsi.o)
 .text          0x0000000000000230        0x0 /usr/lib/gcc/avr/4.8.2/../../../avr/lib/avr5/libm.a(floatsisf.o)
 .text          0x0000000000000230        0x0 /usr/lib/gcc/avr/4.8.2/../../../avr/lib/avr5/libm.a(fp_arccos.o)
 .text          0x0000000000000230        0x0 /usr/lib/gcc/avr/4.8.2/../../../avr/lib/avr5/libm.a(fp_cmp.o)
 .text          0x0000000000000230        0x0 /usr/lib/gcc/avr/4.8.2/../../../avr/lib/avr5/libm.a(fp_inf.o)
 .text          0x0000000000000230        0x0 /usr/lib/gcc/avr/4.8.2/../../../avr/lib/avr5/libm.a(fp_nan.o)
 .text          0x0000000000000230        0x0 /usr/lib/gcc/avr/4.8.2/../../../avr/lib/avr5/libm.a(fp_powser.o)
 .text          0x0000000000000230        0x0 /usr/lib/gcc/avr/4.8.2/../../../avr/lib/avr5/libm.a(fp_pscA.o)
 .text          0x0000000000000230        0x0 /usr/lib/gcc/avr/4.8.2/../../../avr/lib/avr5/libm.a(fp_pscB.o)
 .text          0x0000000000000230        0x0 /usr/lib/gcc/avr/4.8.2/../../../avr/lib/avr5/libm.a(fp_rempio2.o)
 .text          0x0000000000000230        0x0 /usr/lib/gcc/avr/4.8.2/../../../avr/lib/avr5/libm.a(fp_round.o)
 .text          0x0000000000000230        0x0 /usr/lib/gcc/avr/4.8.2/../../../avr/lib/avr5/libm.a(fp_sinus.o)
 .text          0x0000000000000230        0x0 /usr/lib/gcc/avr/4.8.2/../../../avr/lib/avr5/libm.a(fp_split3.o)
 .text          0x0000000000000230        0x0 /usr/lib/gcc/avr/4.8.2/../../../avr/lib/avr5/libm.a(fp_zero.o)
 .text          0x0000000000000230        0x0 /usr/lib/gcc/avr/4.8.2/../../../avr/lib/avr5/libm.a(gesf2.o)
 .text          0x0000000000000230        0x0 /usr/lib/gcc/avr/4.8.2/../../../avr/lib/avr5/libm.a(inverse.o)
 .text          0x0000000000000230        0x0 /usr/lib/gcc/avr/4.8.2/../../../avr/lib/avr5/libm.a(mulsf3.o)
 .text          0x0000000000000230        0x0 /usr/lib/gcc/avr/4.8.2/../../../avr/lib/avr5/libm.a(mulsf3x.o)
 .text          0x0000000000000230        0x0 /usr/lib/gcc/avr/4.8.2/../../../avr/lib/avr5/libm.a(sin.o)
 .text          0x0000000000000230        0x0 /usr/lib/gcc/avr/4.8.2/../../../avr/lib/avr5/libm.a(sqrt.o)
 .text          0x0000000000000230        0x0 /usr/lib/gcc/avr/4.8.2/../../../avr/lib/avr5/libm.a(square.o)
 .text          0x0000000000000230        0x0 /usr/lib/gcc/avr/4.8.2/../../../avr/lib/avr5/libm.a(unordsf2.o)
 .text          0x0000000000000230        0x0 /usr/lib/gcc/avr/4.8.2/../../../avr/lib/avr5/libm.a(fp_mpack.o)
 .text          0x0000000000000230        0x0 /usr/lib/gcc/avr/4.8.2/../../../avr/lib/avr5/libm.a(fp_norm2.o)
 .text          0x0000000000000230        0x0 /usr/lib/gcc/avr/4.8.2/../../../avr/lib/avr5/libm.a(fp_powsodd.o)
 .text          0x0000000000000230        0x0 /usr/lib/gcc/avr/4.8.2/avr5/libgcc.a(_mulhisi3.o)
 .text          0x0000000000000230        0x0 /usr/lib/gcc/avr/4.8.2/avr5/libgcc.a(_umulhisi3.o)
 .text          0x0000000000000230        0x0 /usr/lib/gcc/avr/4.8.2/avr5/libgcc.a(_usmulhisi3.o)
 .text          0x0000000000000230        0x0 /usr/lib/gcc/avr/4.8.2/avr5/libgcc.a(_muluhisi3.o)
 .text          0x0000000000000230        0x0 /usr/lib/gcc/avr/4.8.2/avr5/libgcc.a(_mulshisi3.o)
 .text          0x0000000000000230        0x0 /usr/lib/gcc/avr/4.8.2/avr5/libgcc.a(_divmodhi4.o)
 .text          0x0000000000000230        0x0 /usr/lib/gcc/avr/4.8.2/avr5/libgcc.a(_udivmodsi4.o)
 .text          0x0000000000000230        0x0 /usr/lib/gcc/avr/4.8.2/avr5/libgcc.a(_divmodsi4.o)
 .text          0x0000000000000230        0x0 /usr/lib/gcc/avr/4.8.2/avr5/libgcc.a(_negsi2.o)
 .text          0x0000000000000230        0x0 /usr/lib/gcc/avr/4.8.2/avr5/libgcc.a(_prologue.o)
 .text          0x0000000000000230        0x0 /usr/lib/gcc/avr/4.8.2/avr5/libgcc.a(_epilogue.o)
 .text          0x0000000000000230        0x0 /usr/lib/gcc/avr/4.8.2/avr5/libgcc.a(_exit.o)
 .text          0x0000000000000230        0x0 /usr/lib/gcc/avr/4.8.2/avr5/libgcc.a(_copy_data.o)
 .text          0x0000000000000230        0x0 /usr/lib/gcc/avr/4.8.2/avr5/libgcc.a(_clear_bss.o)
 .text          0x0000000000000230        0x0 /usr/lib/gcc/avr/4.8.2/avr5/libgcc.a(_udivmodhi4.o)
 .text          0x0000000000000230        0x0 /usr/lib/gcc/avr/4.8.2/../../../avr/lib/avr5/libc.a(ftoa_engine.o)
 .text          0x0000000000000230        0x0 /usr/lib/gcc/avr/4.8.2/../../../avr/lib/avr5/libc.a(strnlen_P.o)
 .text          0x0000000000000230        0x0 /usr/lib/gcc/avr/4.8.2/../../../avr/lib/avr5/libc.a(strnlen.o)
 .text          0x0000000000000230        0x0 /usr/lib/gcc/avr/4.8.2/../../../avr/lib/avr5/libc.a(fputc.o)
 .text          0x0000000000000230        0x0 /usr/lib/gcc/avr/4.8.2/../../../avr/lib/avr5/libc.a(iob.o)
 .text          0x0000000000000230        0x0 /usr/lib/gcc/avr/4.8.2/../../../avr/lib/avr5/libc.a(printf.o)
 .text          0x0000000000000230        0x0 /usr/lib/gcc/avr/4.8.2/../../../avr/lib/avr5/libc.a(puts.o)
 .text          0x0000000000000230        0x0 /usr/lib/gcc/avr/4.8.2/../../../avr/lib/avr5/libc.a(sprintf.o)
 .text          0x0000000000000230        0x0 /usr/lib/gcc/avr/4.8.2/../../../avr/lib/avr5/libc.a(ultoa_invert.o)
                0x0000000000000230                . = ALIGN (0x2)
 *(.text.*)
 .text.avr-libc
                0x0000000000000230      0x6f6 /usr/lib/gcc/avr/4.8.2/../../../avr/lib/avr5/libprintf_flt.a(vfprintf_flt.o)
                0x0000000000000230                vfprintf
 .text.isr      0x0000000000000926       0xa8 ./main.o
                0x0000000000000926                isr
 .text.initAll  0x00000000000009ce       0x56 ./main.o
                0x00000000000009ce                initAll
 .text.startup.main
                0x0000000000000a24       0x92 ./main.o
                0x0000000000000a24                main
 .text.initADC  0x0000000000000ab6       0x6e /home/james/workspace_old/RBELib/Release/libRBELib.a(ADC.o)
                0x0000000000000ab6                initADC
 .text.clearADC
                0x0000000000000b24       0x14 /home/james/workspace_old/RBELib/Release/libRBELib.a(ADC.o)
                0x0000000000000b24                clearADC
 .text.getADCFree
                0x0000000000000b38        0xa /home/james/workspace_old/RBELib/Release/libRBELib.a(ADC.o)
                0x0000000000000b38                getADCFree
 .text.changeADC
                0x0000000000000b42       0x1c /home/james/workspace_old/RBELib/Release/libRBELib.a(ADC.o)
                0x0000000000000b42                changeADC
 .text.getADC   0x0000000000000b5e       0x2a /home/james/workspace_old/RBELib/Release/libRBELib.a(ADC.o)
                0x0000000000000b5e                getADC
 .text.setADCInterrupt
                0x0000000000000b88        0xa /home/james/workspace_old/RBELib/Release/libRBELib.a(ADC.o)
                0x0000000000000b88                setADCInterrupt
 .text.__vector_24
                0x0000000000000b92       0x52 /home/james/workspace_old/RBELib/Release/libRBELib.a(ADC.o)
                0x0000000000000b92                __vector_24
 .text.printfRBE
                0x0000000000000be4        0xa /home/james/workspace_old/RBELib/Release/libRBELib.a(Debug.o)
                0x0000000000000be4                printfRBE
 .text.initRBELib
                0x0000000000000bee       0x18 /home/james/workspace_old/RBELib/Release/libRBELib.a(Debug.o)
                0x0000000000000bee                initRBELib
 .text.encCmd   0x0000000000000c06       0x76 /home/james/workspace_old/RBELib/Release/libRBELib.a(Periph.o)
                0x0000000000000c06                encCmd
 .text.encInit  0x0000000000000c7c       0x54 /home/james/workspace_old/RBELib/Release/libRBELib.a(Periph.o)
                0x0000000000000c7c                encInit
 .text.encCount
                0x0000000000000cd0       0x3c /home/james/workspace_old/RBELib/Release/libRBELib.a(Periph.o)
                0x0000000000000cd0                encCount
 .text.encAngle
                0x0000000000000d0c       0x4a /home/james/workspace_old/RBELib/Release/libRBELib.a(Periph.o)
                0x0000000000000d0c                encAngle
 .text.resetEncCount
                0x0000000000000d56       0x14 /home/james/workspace_old/RBELib/Release/libRBELib.a(Periph.o)
                0x0000000000000d56                resetEncCount
 .text.setEncCount
                0x0000000000000d6a       0x2c /home/james/workspace_old/RBELib/Release/libRBELib.a(Periph.o)
                0x0000000000000d6a                setEncCount
 .text.getAccelRaw
                0x0000000000000d96       0x42 /home/james/workspace_old/RBELib/Release/libRBELib.a(Periph.o)
                0x0000000000000d96                getAccelRaw
 .text.resetAccelRef
                0x0000000000000dd8       0x12 /home/james/workspace_old/RBELib/Release/libRBELib.a(Periph.o)
                0x0000000000000dd8                resetAccelRef
 .text.getAccel
                0x0000000000000dea       0x32 /home/james/workspace_old/RBELib/Release/libRBELib.a(Periph.o)
                0x0000000000000dea                getAccel
 .text.initSPI  0x0000000000000e1c       0x98 /home/james/workspace_old/RBELib/Release/libRBELib.a(SPI.o)
                0x0000000000000e1c                initSPI
 .text.setSPIClkDivide
                0x0000000000000eb4       0x22 /home/james/workspace_old/RBELib/Release/libRBELib.a(SPI.o)
                0x0000000000000eb4                setSPIClkDivide
 .text.spiTransceive
                0x0000000000000ed6        0xc /home/james/workspace_old/RBELib/Release/libRBELib.a(SPI.o)
                0x0000000000000ed6                spiTransceive
 .text.debugUSARTInit
                0x0000000000000ee2       0x38 /home/james/workspace_old/RBELib/Release/libRBELib.a(USARTDebug.o)
                0x0000000000000ee2                debugUSARTInit
 .text.putCharDebug
                0x0000000000000f1a        0xe /home/james/workspace_old/RBELib/Release/libRBELib.a(USARTDebug.o)
                0x0000000000000f1a                putCharDebug
 .text.getCharDebug
                0x0000000000000f28        0xe /home/james/workspace_old/RBELib/Release/libRBELib.a(USARTDebug.o)
                0x0000000000000f28                getCharDebug
 .text.writeMotors
                0x0000000000000f36       0x6c /home/james/workspace_old/RBELib/Release/libRBELib.a(motors.o)
                0x0000000000000f36                writeMotors
 .text.initMotors
                0x0000000000000fa2       0xae /home/james/workspace_old/RBELib/Release/libRBELib.a(motors.o)
                0x0000000000000fa2                initMotors
 .text.getPos   0x0000000000001050       0x38 /home/james/workspace_old/RBELib/Release/libRBELib.a(motors.o)
                0x0000000000001050                getPos
 .text.motorISR
                0x0000000000001088       0xf8 /home/james/workspace_old/RBELib/Release/libRBELib.a(motors.o)
                0x0000000000001088                motorISR
 .text.gotoXY   0x0000000000001180       0x4c /home/james/workspace_old/RBELib/Release/libRBELib.a(motors.o)
                0x0000000000001180                gotoXY
 .text.gotoAngles
                0x00000000000011cc       0x1c /home/james/workspace_old/RBELib/Release/libRBELib.a(motors.o)
                0x00000000000011cc                gotoAngles
 .text.potAngle
                0x00000000000011e8       0x84 /home/james/workspace_old/RBELib/Release/libRBELib.a(pot.o)
                0x00000000000011e8                potAngle
 .text.potVolts
                0x000000000000126c       0x1e /home/james/workspace_old/RBELib/Release/libRBELib.a(pot.o)
                0x000000000000126c                potVolts
 .text.initTimer
                0x000000000000128a       0xb4 /home/james/workspace_old/RBELib/Release/libRBELib.a(timer.o)
                0x000000000000128a                initTimer
 .text.getTimer
                0x000000000000133e       0x2c /home/james/workspace_old/RBELib/Release/libRBELib.a(timer.o)
                0x000000000000133e                getTimer
 .text.initPWM  0x000000000000136a       0x38 /home/james/workspace_old/RBELib/Release/libRBELib.a(timer.o)
                0x000000000000136a                initPWM
 .text.setPWM   0x00000000000013a2       0x2e /home/james/workspace_old/RBELib/Release/libRBELib.a(timer.o)
                0x00000000000013a2                setPWM
 .text.setCompValue
                0x00000000000013d0       0x44 /home/james/workspace_old/RBELib/Release/libRBELib.a(timer.o)
                0x00000000000013d0                setCompValue
 .text.setTimerInterrupt
                0x0000000000001414       0x2a /home/james/workspace_old/RBELib/Release/libRBELib.a(timer.o)
                0x0000000000001414                setTimerInterrupt
 .text.__vector_16
                0x000000000000143e       0x52 /home/james/workspace_old/RBELib/Release/libRBELib.a(timer.o)
                0x000000000000143e                __vector_16
 .text.__vector_13
                0x0000000000001490       0x52 /home/james/workspace_old/RBELib/Release/libRBELib.a(timer.o)
                0x0000000000001490                __vector_13
 .text.__vector_9
                0x00000000000014e2       0x52 /home/james/workspace_old/RBELib/Release/libRBELib.a(timer.o)
                0x00000000000014e2                __vector_9
 .text.clipf    0x0000000000001534       0x6a /home/james/workspace_old/RBELib/Release/libRBELib.a(util.o)
                0x0000000000001534                clipf
 .text.clipi    0x000000000000159e       0x14 /home/james/workspace_old/RBELib/Release/libRBELib.a(util.o)
                0x000000000000159e                clipi
 .text.initAltCom
                0x00000000000015b2       0x38 /home/james/workspace_old/RBELib/Release/libRBELib.a(SetServo.o)
                0x00000000000015b2                initAltCom
 .text.setCharDebug
                0x00000000000015ea        0xe /home/james/workspace_old/RBELib/Release/libRBELib.a(SetServo.o)
                0x00000000000015ea                setCharDebug
 .text.coPrintf
                0x00000000000015f8       0x18 /home/james/workspace_old/RBELib/Release/libRBELib.a(SetServo.o)
                0x00000000000015f8                coPrintf
 .text.setServo
                0x0000000000001610       0x5c /home/james/workspace_old/RBELib/Release/libRBELib.a(SetServo.o)
                0x0000000000001610                setServo
 .text.setConst
                0x000000000000166c       0x84 /home/james/workspace_old/RBELib/Release/libRBELib.a(PID.o)
                0x000000000000166c                setConst
 .text.calcPID  0x00000000000016f0      0x2aa /home/james/workspace_old/RBELib/Release/libRBELib.a(PID.o)
                0x00000000000016f0                calcPID
 .text.calcFF   0x000000000000199a       0x88 /home/james/workspace_old/RBELib/Release/libRBELib.a(PID.o)
                0x000000000000199a                calcFF
 .text.setMotorVolts
                0x0000000000001a22       0x9c /home/james/workspace_old/RBELib/Release/libRBELib.a(drive.o)
                0x0000000000001a22                setMotorVolts
 .text.getCurrent
                0x0000000000001abe       0x28 /home/james/workspace_old/RBELib/Release/libRBELib.a(drive.o)
                0x0000000000001abe                getCurrent
 .text.forward  0x0000000000001ae6      0x15c /home/james/workspace_old/RBELib/Release/libRBELib.a(forwardkin.o)
                0x0000000000001ae6                forward
 .text.inBounds
                0x0000000000001c42       0xca /home/james/workspace_old/RBELib/Release/libRBELib.a(ik.o)
                0x0000000000001c42                inBounds
 .text.getJoint
                0x0000000000001d0c      0x35c /home/james/workspace_old/RBELib/Release/libRBELib.a(ik.o)
                0x0000000000001d0c                getJoint
 .text.setDAC   0x0000000000002068       0x46 /home/james/workspace_old/RBELib/Release/libRBELib.a(DAC.o)
                0x0000000000002068                setDAC
 .text.resetDAC
                0x00000000000020ae       0x56 /home/james/workspace_old/RBELib/Release/libRBELib.a(DAC.o)
                0x00000000000020ae                resetDAC
 .text.avr-libc.fplib
                0x0000000000002104       0x1c /usr/lib/gcc/avr/4.8.2/../../../avr/lib/avr5/libm.a(acos.o)
                0x0000000000002104                acos
 .text.avr-libc.fplib
                0x0000000000002120        0xa /usr/lib/gcc/avr/4.8.2/../../../avr/lib/avr5/libm.a(addsf3.o)
                0x0000000000002120                __subsf3
                0x0000000000002122                __addsf3
 .text.avr-libc.fplib
                0x000000000000212a       0xc0 /usr/lib/gcc/avr/4.8.2/../../../avr/lib/avr5/libm.a(addsf3x.o)
                0x0000000000002144                __addsf3x
 .text.avr-libc.fplib
                0x00000000000021ea       0x74 /usr/lib/gcc/avr/4.8.2/../../../avr/lib/avr5/libm.a(atan2.o)
                0x0000000000002208                atan2
 .text.avr-libc.fplib
                0x000000000000225e       0x50 /usr/lib/gcc/avr/4.8.2/../../../avr/lib/avr5/libm.a(atan.o)
                0x000000000000225e                atan
 .text.avr-libc.fplib
                0x00000000000022ae        0x8 /usr/lib/gcc/avr/4.8.2/../../../avr/lib/avr5/libm.a(cmpsf2.o)
                0x00000000000022ae                __lesf2
                0x00000000000022ae                __nesf2
                0x00000000000022ae                __eqsf2
                0x00000000000022ae                __cmpsf2
                0x00000000000022ae                __ltsf2
 .text.avr-libc.fplib
                0x00000000000022b6        0x6 /usr/lib/gcc/avr/4.8.2/../../../avr/lib/avr5/libm.a(cos.o)
                0x00000000000022b6                cos
 .text.avr-libc.fplib
                0x00000000000022bc        0x4 /usr/lib/gcc/avr/4.8.2/../../../avr/lib/avr5/libm.a(divsf3.o)
                0x00000000000022bc                __divsf3
 .text.avr-libc.fplib
                0x00000000000022c0       0xcc /usr/lib/gcc/avr/4.8.2/../../../avr/lib/avr5/libm.a(divsf3x.o)
                0x00000000000022d6                __divsf3x
                0x00000000000022da                __divsf3_pse
 .text.avr-libc.fplib
                0x000000000000238c        0xa /usr/lib/gcc/avr/4.8.2/../../../avr/lib/avr5/libm.a(fixsfsi.o)
                0x000000000000238c                __fixsfsi
 .text.avr-libc.fplib
                0x0000000000002396       0x58 /usr/lib/gcc/avr/4.8.2/../../../avr/lib/avr5/libm.a(fixunssfsi.o)
                0x0000000000002396                __fixunssfsi
 .text.avr-libc.fplib
                0x00000000000023ee       0x7a /usr/lib/gcc/avr/4.8.2/../../../avr/lib/avr5/libm.a(floatsisf.o)
                0x00000000000023ee                __floatunsisf
                0x00000000000023f2                __floatsisf
 .text.avr-libc.fplib
                0x0000000000002468       0x36 /usr/lib/gcc/avr/4.8.2/../../../avr/lib/avr5/libm.a(fp_arccos.o)
                0x0000000000002468                __fp_arccos
 .text.avr-libc.fplib
                0x000000000000249e       0x48 /usr/lib/gcc/avr/4.8.2/../../../avr/lib/avr5/libm.a(fp_cmp.o)
                0x000000000000249e                __fp_cmp
 .text.avr-libc.fplib
                0x00000000000024e6        0xc /usr/lib/gcc/avr/4.8.2/../../../avr/lib/avr5/libm.a(fp_inf.o)
                0x00000000000024e6                __fp_inf
 .text.avr-libc.fplib
                0x00000000000024f2        0x6 /usr/lib/gcc/avr/4.8.2/../../../avr/lib/avr5/libm.a(fp_nan.o)
                0x00000000000024f2                __fp_nan
 .text.avr-libc.fplib
                0x00000000000024f8       0x4a /usr/lib/gcc/avr/4.8.2/../../../avr/lib/avr5/libm.a(fp_powser.o)
                0x00000000000024f8                __fp_powser
 .text.avr-libc.fplib
                0x0000000000002542        0xe /usr/lib/gcc/avr/4.8.2/../../../avr/lib/avr5/libm.a(fp_pscA.o)
                0x0000000000002542                __fp_pscA
 .text.avr-libc.fplib
                0x0000000000002550        0xe /usr/lib/gcc/avr/4.8.2/../../../avr/lib/avr5/libm.a(fp_pscB.o)
                0x0000000000002550                __fp_pscB
 .text.avr-libc.fplib
                0x000000000000255e       0x50 /usr/lib/gcc/avr/4.8.2/../../../avr/lib/avr5/libm.a(fp_rempio2.o)
                0x0000000000002560                __fp_rempio2
 .text.avr-libc.fplib
                0x00000000000025ae       0x22 /usr/lib/gcc/avr/4.8.2/../../../avr/lib/avr5/libm.a(fp_round.o)
                0x00000000000025ae                __fp_round
 .text.avr-libc.fplib
                0x00000000000025d0       0x22 /usr/lib/gcc/avr/4.8.2/../../../avr/lib/avr5/libm.a(fp_sinus.o)
                0x00000000000025d0                __fp_sinus
 .text.avr-libc.fplib
                0x00000000000025f2       0x44 /usr/lib/gcc/avr/4.8.2/../../../avr/lib/avr5/libm.a(fp_split3.o)
                0x00000000000025f2                __fp_split3
                0x0000000000002602                __fp_splitA
 .text.avr-libc.fplib
                0x0000000000002636        0xe /usr/lib/gcc/avr/4.8.2/../../../avr/lib/avr5/libm.a(fp_zero.o)
                0x0000000000002636                __fp_zero
                0x0000000000002638                __fp_szero
 .text.avr-libc.fplib
                0x0000000000002644        0x8 /usr/lib/gcc/avr/4.8.2/../../../avr/lib/avr5/libm.a(gesf2.o)
                0x0000000000002644                __gtsf2
                0x0000000000002644                __gesf2
 .text.avr-libc.fplib
                0x000000000000264c        0xe /usr/lib/gcc/avr/4.8.2/../../../avr/lib/avr5/libm.a(inverse.o)
                0x000000000000264c                inverse
 .text.avr-libc.fplib
                0x000000000000265a        0x4 /usr/lib/gcc/avr/4.8.2/../../../avr/lib/avr5/libm.a(mulsf3.o)
                0x000000000000265a                __mulsf3
 .text.avr-libc.fplib
                0x000000000000265e       0xc2 /usr/lib/gcc/avr/4.8.2/../../../avr/lib/avr5/libm.a(mulsf3x.o)
                0x0000000000002672                __mulsf3x
                0x0000000000002676                __mulsf3_pse
 .text.avr-libc.fplib
                0x0000000000002720        0xc /usr/lib/gcc/avr/4.8.2/../../../avr/lib/avr5/libm.a(sin.o)
                0x0000000000002720                sin
 .text.avr-libc.fplib
                0x000000000000272c       0x84 /usr/lib/gcc/avr/4.8.2/../../../avr/lib/avr5/libm.a(sqrt.o)
                0x0000000000002734                sqrt
 .text.avr-libc.fplib
                0x00000000000027b0        0x6 /usr/lib/gcc/avr/4.8.2/../../../avr/lib/avr5/libm.a(square.o)
                0x00000000000027b0                square
 .text.avr-libc.fplib
                0x00000000000027b6        0x8 /usr/lib/gcc/avr/4.8.2/../../../avr/lib/avr5/libm.a(unordsf2.o)
                0x00000000000027b6                __unordsf2
 .text.avr-libc.fplib
                0x00000000000027be       0x1c /usr/lib/gcc/avr/4.8.2/../../../avr/lib/avr5/libm.a(fp_mpack.o)
                0x00000000000027be                __fp_mpack
                0x00000000000027c2                __fp_mpack_finite
 .text.avr-libc.fplib
                0x00000000000027da        0xe /usr/lib/gcc/avr/4.8.2/../../../avr/lib/avr5/libm.a(fp_norm2.o)
                0x00000000000027da                __fp_norm2
 .text.avr-libc.fplib
                0x00000000000027e8       0x22 /usr/lib/gcc/avr/4.8.2/../../../avr/lib/avr5/libm.a(fp_powsodd.o)
                0x00000000000027e8                __fp_powsodd
 .text.libgcc.mul
                0x000000000000280a       0x10 /usr/lib/gcc/avr/4.8.2/avr5/libgcc.a(_mulhisi3.o)
                0x000000000000280a                __mulhisi3
 .text.libgcc.div
                0x000000000000281a        0x0 /usr/lib/gcc/avr/4.8.2/avr5/libgcc.a(_mulhisi3.o)
 .text.libgcc   0x000000000000281a        0x0 /usr/lib/gcc/avr/4.8.2/avr5/libgcc.a(_mulhisi3.o)
 .text.libgcc.prologue
                0x000000000000281a        0x0 /usr/lib/gcc/avr/4.8.2/avr5/libgcc.a(_mulhisi3.o)
 .text.libgcc.builtins
                0x000000000000281a        0x0 /usr/lib/gcc/avr/4.8.2/avr5/libgcc.a(_mulhisi3.o)
 .text.libgcc.fmul
                0x000000000000281a        0x0 /usr/lib/gcc/avr/4.8.2/avr5/libgcc.a(_mulhisi3.o)
 .text.libgcc.fixed
                0x000000000000281a        0x0 /usr/lib/gcc/avr/4.8.2/avr5/libgcc.a(_mulhisi3.o)
 .text.libgcc.mul
                0x000000000000281a       0x1e /usr/lib/gcc/avr/4.8.2/avr5/libgcc.a(_umulhisi3.o)
                0x000000000000281a                __umulhisi3
 .text.libgcc.div
                0x0000000000002838        0x0 /usr/lib/gcc/avr/4.8.2/avr5/libgcc.a(_umulhisi3.o)
 .text.libgcc   0x0000000000002838        0x0 /usr/lib/gcc/avr/4.8.2/avr5/libgcc.a(_umulhisi3.o)
 .text.libgcc.prologue
                0x0000000000002838        0x0 /usr/lib/gcc/avr/4.8.2/avr5/libgcc.a(_umulhisi3.o)
 .text.libgcc.builtins
                0x0000000000002838        0x0 /usr/lib/gcc/avr/4.8.2/avr5/libgcc.a(_umulhisi3.o)
 .text.libgcc.fmul
                0x0000000000002838        0x0 /usr/lib/gcc/avr/4.8.2/avr5/libgcc.a(_umulhisi3.o)
 .text.libgcc.fixed
                0x0000000000002838        0x0 /usr/lib/gcc/avr/4.8.2/avr5/libgcc.a(_umulhisi3.o)
 .text.libgcc.mul
                0x0000000000002838        0xe /usr/lib/gcc/avr/4.8.2/avr5/libgcc.a(_usmulhisi3.o)
                0x0000000000002838                __usmulhisi3
                0x000000000000283c                __usmulhisi3_tail
 .text.libgcc.div
                0x0000000000002846        0x0 /usr/lib/gcc/avr/4.8.2/avr5/libgcc.a(_usmulhisi3.o)
 .text.libgcc   0x0000000000002846        0x0 /usr/lib/gcc/avr/4.8.2/avr5/libgcc.a(_usmulhisi3.o)
 .text.libgcc.prologue
                0x0000000000002846        0x0 /usr/lib/gcc/avr/4.8.2/avr5/libgcc.a(_usmulhisi3.o)
 .text.libgcc.builtins
                0x0000000000002846        0x0 /usr/lib/gcc/avr/4.8.2/avr5/libgcc.a(_usmulhisi3.o)
 .text.libgcc.fmul
                0x0000000000002846        0x0 /usr/lib/gcc/avr/4.8.2/avr5/libgcc.a(_usmulhisi3.o)
 .text.libgcc.fixed
                0x0000000000002846        0x0 /usr/lib/gcc/avr/4.8.2/avr5/libgcc.a(_usmulhisi3.o)
 .text.libgcc.mul
                0x0000000000002846       0x16 /usr/lib/gcc/avr/4.8.2/avr5/libgcc.a(_muluhisi3.o)
                0x0000000000002846                __muluhisi3
 .text.libgcc.div
                0x000000000000285c        0x0 /usr/lib/gcc/avr/4.8.2/avr5/libgcc.a(_muluhisi3.o)
 .text.libgcc   0x000000000000285c        0x0 /usr/lib/gcc/avr/4.8.2/avr5/libgcc.a(_muluhisi3.o)
 .text.libgcc.prologue
                0x000000000000285c        0x0 /usr/lib/gcc/avr/4.8.2/avr5/libgcc.a(_muluhisi3.o)
 .text.libgcc.builtins
                0x000000000000285c        0x0 /usr/lib/gcc/avr/4.8.2/avr5/libgcc.a(_muluhisi3.o)
 .text.libgcc.fmul
                0x000000000000285c        0x0 /usr/lib/gcc/avr/4.8.2/avr5/libgcc.a(_muluhisi3.o)
 .text.libgcc.fixed
                0x000000000000285c        0x0 /usr/lib/gcc/avr/4.8.2/avr5/libgcc.a(_muluhisi3.o)
 .text.libgcc.mul
                0x000000000000285c       0x10 /usr/lib/gcc/avr/4.8.2/avr5/libgcc.a(_mulshisi3.o)
                0x000000000000285c                __mulshisi3
                0x0000000000002862                __mulohisi3
 .text.libgcc.div
                0x000000000000286c        0x0 /usr/lib/gcc/avr/4.8.2/avr5/libgcc.a(_mulshisi3.o)
 .text.libgcc   0x000000000000286c        0x0 /usr/lib/gcc/avr/4.8.2/avr5/libgcc.a(_mulshisi3.o)
 .text.libgcc.prologue
                0x000000000000286c        0x0 /usr/lib/gcc/avr/4.8.2/avr5/libgcc.a(_mulshisi3.o)
 .text.libgcc.builtins
                0x000000000000286c        0x0 /usr/lib/gcc/avr/4.8.2/avr5/libgcc.a(_mulshisi3.o)
 .text.libgcc.fmul
                0x000000000000286c        0x0 /usr/lib/gcc/avr/4.8.2/avr5/libgcc.a(_mulshisi3.o)
 .text.libgcc.fixed
                0x000000000000286c        0x0 /usr/lib/gcc/avr/4.8.2/avr5/libgcc.a(_mulshisi3.o)
 .text.libgcc.mul
                0x000000000000286c        0x0 /usr/lib/gcc/avr/4.8.2/avr5/libgcc.a(_divmodhi4.o)
 .text.libgcc.div
                0x000000000000286c       0x28 /usr/lib/gcc/avr/4.8.2/avr5/libgcc.a(_divmodhi4.o)
                0x000000000000286c                __divmodhi4
                0x000000000000286c                _div
 .text.libgcc   0x0000000000002894        0x0 /usr/lib/gcc/avr/4.8.2/avr5/libgcc.a(_divmodhi4.o)
 .text.libgcc.prologue
                0x0000000000002894        0x0 /usr/lib/gcc/avr/4.8.2/avr5/libgcc.a(_divmodhi4.o)
 .text.libgcc.builtins
                0x0000000000002894        0x0 /usr/lib/gcc/avr/4.8.2/avr5/libgcc.a(_divmodhi4.o)
 .text.libgcc.fmul
                0x0000000000002894        0x0 /usr/lib/gcc/avr/4.8.2/avr5/libgcc.a(_divmodhi4.o)
 .text.libgcc.fixed
                0x0000000000002894        0x0 /usr/lib/gcc/avr/4.8.2/avr5/libgcc.a(_divmodhi4.o)
 .text.libgcc.mul
                0x0000000000002894        0x0 /usr/lib/gcc/avr/4.8.2/avr5/libgcc.a(_udivmodsi4.o)
 .text.libgcc.div
                0x0000000000002894       0x44 /usr/lib/gcc/avr/4.8.2/avr5/libgcc.a(_udivmodsi4.o)
                0x0000000000002894                __udivmodsi4
 .text.libgcc   0x00000000000028d8        0x0 /usr/lib/gcc/avr/4.8.2/avr5/libgcc.a(_udivmodsi4.o)
 .text.libgcc.prologue
                0x00000000000028d8        0x0 /usr/lib/gcc/avr/4.8.2/avr5/libgcc.a(_udivmodsi4.o)
 .text.libgcc.builtins
                0x00000000000028d8        0x0 /usr/lib/gcc/avr/4.8.2/avr5/libgcc.a(_udivmodsi4.o)
 .text.libgcc.fmul
                0x00000000000028d8        0x0 /usr/lib/gcc/avr/4.8.2/avr5/libgcc.a(_udivmodsi4.o)
 .text.libgcc.fixed
                0x00000000000028d8        0x0 /usr/lib/gcc/avr/4.8.2/avr5/libgcc.a(_udivmodsi4.o)
 .text.libgcc.mul
                0x00000000000028d8        0x0 /usr/lib/gcc/avr/4.8.2/avr5/libgcc.a(_divmodsi4.o)
 .text.libgcc.div
                0x00000000000028d8       0x2e /usr/lib/gcc/avr/4.8.2/avr5/libgcc.a(_divmodsi4.o)
                0x00000000000028d8                __divmodsi4
 .text.libgcc   0x0000000000002906        0x0 /usr/lib/gcc/avr/4.8.2/avr5/libgcc.a(_divmodsi4.o)
 .text.libgcc.prologue
                0x0000000000002906        0x0 /usr/lib/gcc/avr/4.8.2/avr5/libgcc.a(_divmodsi4.o)
 .text.libgcc.builtins
                0x0000000000002906        0x0 /usr/lib/gcc/avr/4.8.2/avr5/libgcc.a(_divmodsi4.o)
 .text.libgcc.fmul
                0x0000000000002906        0x0 /usr/lib/gcc/avr/4.8.2/avr5/libgcc.a(_divmodsi4.o)
 .text.libgcc.fixed
                0x0000000000002906        0x0 /usr/lib/gcc/avr/4.8.2/avr5/libgcc.a(_divmodsi4.o)
 .text.libgcc.mul
                0x0000000000002906        0x0 /usr/lib/gcc/avr/4.8.2/avr5/libgcc.a(_negsi2.o)
 .text.libgcc.div
                0x0000000000002906       0x10 /usr/lib/gcc/avr/4.8.2/avr5/libgcc.a(_negsi2.o)
                0x0000000000002906                __negsi2
 .text.libgcc   0x0000000000002916        0x0 /usr/lib/gcc/avr/4.8.2/avr5/libgcc.a(_negsi2.o)
 .text.libgcc.prologue
                0x0000000000002916        0x0 /usr/lib/gcc/avr/4.8.2/avr5/libgcc.a(_negsi2.o)
 .text.libgcc.builtins
                0x0000000000002916        0x0 /usr/lib/gcc/avr/4.8.2/avr5/libgcc.a(_negsi2.o)
 .text.libgcc.fmul
                0x0000000000002916        0x0 /usr/lib/gcc/avr/4.8.2/avr5/libgcc.a(_negsi2.o)
 .text.libgcc.fixed
                0x0000000000002916        0x0 /usr/lib/gcc/avr/4.8.2/avr5/libgcc.a(_negsi2.o)
 .text.libgcc.mul
                0x0000000000002916        0x0 /usr/lib/gcc/avr/4.8.2/avr5/libgcc.a(_prologue.o)
 .text.libgcc.div
                0x0000000000002916        0x0 /usr/lib/gcc/avr/4.8.2/avr5/libgcc.a(_prologue.o)
 .text.libgcc   0x0000000000002916        0x0 /usr/lib/gcc/avr/4.8.2/avr5/libgcc.a(_prologue.o)
 .text.libgcc.prologue
                0x0000000000002916       0x38 /usr/lib/gcc/avr/4.8.2/avr5/libgcc.a(_prologue.o)
                0x0000000000002916                __prologue_saves__
 .text.libgcc.builtins
                0x000000000000294e        0x0 /usr/lib/gcc/avr/4.8.2/avr5/libgcc.a(_prologue.o)
 .text.libgcc.fmul
                0x000000000000294e        0x0 /usr/lib/gcc/avr/4.8.2/avr5/libgcc.a(_prologue.o)
 .text.libgcc.fixed
                0x000000000000294e        0x0 /usr/lib/gcc/avr/4.8.2/avr5/libgcc.a(_prologue.o)
 .text.libgcc.mul
                0x000000000000294e        0x0 /usr/lib/gcc/avr/4.8.2/avr5/libgcc.a(_epilogue.o)
 .text.libgcc.div
                0x000000000000294e        0x0 /usr/lib/gcc/avr/4.8.2/avr5/libgcc.a(_epilogue.o)
 .text.libgcc   0x000000000000294e        0x0 /usr/lib/gcc/avr/4.8.2/avr5/libgcc.a(_epilogue.o)
 .text.libgcc.prologue
                0x000000000000294e       0x36 /usr/lib/gcc/avr/4.8.2/avr5/libgcc.a(_epilogue.o)
                0x000000000000294e                __epilogue_restores__
 .text.libgcc.builtins
                0x0000000000002984        0x0 /usr/lib/gcc/avr/4.8.2/avr5/libgcc.a(_epilogue.o)
 .text.libgcc.fmul
                0x0000000000002984        0x0 /usr/lib/gcc/avr/4.8.2/avr5/libgcc.a(_epilogue.o)
 .text.libgcc.fixed
                0x0000000000002984        0x0 /usr/lib/gcc/avr/4.8.2/avr5/libgcc.a(_epilogue.o)
 .text.libgcc.mul
                0x0000000000002984        0x0 /usr/lib/gcc/avr/4.8.2/avr5/libgcc.a(_exit.o)
 .text.libgcc.div
                0x0000000000002984        0x0 /usr/lib/gcc/avr/4.8.2/avr5/libgcc.a(_exit.o)
 .text.libgcc   0x0000000000002984        0x0 /usr/lib/gcc/avr/4.8.2/avr5/libgcc.a(_exit.o)
 .text.libgcc.prologue
                0x0000000000002984        0x0 /usr/lib/gcc/avr/4.8.2/avr5/libgcc.a(_exit.o)
 .text.libgcc.builtins
                0x0000000000002984        0x0 /usr/lib/gcc/avr/4.8.2/avr5/libgcc.a(_exit.o)
 .text.libgcc.fmul
                0x0000000000002984        0x0 /usr/lib/gcc/avr/4.8.2/avr5/libgcc.a(_exit.o)
 .text.libgcc.fixed
                0x0000000000002984        0x0 /usr/lib/gcc/avr/4.8.2/avr5/libgcc.a(_exit.o)
 .text.libgcc.mul
                0x0000000000002984        0x0 /usr/lib/gcc/avr/4.8.2/avr5/libgcc.a(_copy_data.o)
 .text.libgcc.div
                0x0000000000002984        0x0 /usr/lib/gcc/avr/4.8.2/avr5/libgcc.a(_copy_data.o)
 .text.libgcc   0x0000000000002984        0x0 /usr/lib/gcc/avr/4.8.2/avr5/libgcc.a(_copy_data.o)
 .text.libgcc.prologue
                0x0000000000002984        0x0 /usr/lib/gcc/avr/4.8.2/avr5/libgcc.a(_copy_data.o)
 .text.libgcc.builtins
                0x0000000000002984        0x0 /usr/lib/gcc/avr/4.8.2/avr5/libgcc.a(_copy_data.o)
 .text.libgcc.fmul
                0x0000000000002984        0x0 /usr/lib/gcc/avr/4.8.2/avr5/libgcc.a(_copy_data.o)
 .text.libgcc.fixed
                0x0000000000002984        0x0 /usr/lib/gcc/avr/4.8.2/avr5/libgcc.a(_copy_data.o)
 .text.libgcc.mul
                0x0000000000002984        0x0 /usr/lib/gcc/avr/4.8.2/avr5/libgcc.a(_clear_bss.o)
 .text.libgcc.div
                0x0000000000002984        0x0 /usr/lib/gcc/avr/4.8.2/avr5/libgcc.a(_clear_bss.o)
 .text.libgcc   0x0000000000002984        0x0 /usr/lib/gcc/avr/4.8.2/avr5/libgcc.a(_clear_bss.o)
 .text.libgcc.prologue
                0x0000000000002984        0x0 /usr/lib/gcc/avr/4.8.2/avr5/libgcc.a(_clear_bss.o)
 .text.libgcc.builtins
                0x0000000000002984        0x0 /usr/lib/gcc/avr/4.8.2/avr5/libgcc.a(_clear_bss.o)
 .text.libgcc.fmul
                0x0000000000002984        0x0 /usr/lib/gcc/avr/4.8.2/avr5/libgcc.a(_clear_bss.o)
 .text.libgcc.fixed
                0x0000000000002984        0x0 /usr/lib/gcc/avr/4.8.2/avr5/libgcc.a(_clear_bss.o)
 .text.libgcc.mul
                0x0000000000002984        0x0 /usr/lib/gcc/avr/4.8.2/avr5/libgcc.a(_udivmodhi4.o)
 .text.libgcc.div
                0x0000000000002984       0x28 /usr/lib/gcc/avr/4.8.2/avr5/libgcc.a(_udivmodhi4.o)
                0x0000000000002984                __udivmodhi4
 .text.libgcc   0x00000000000029ac        0x0 /usr/lib/gcc/avr/4.8.2/avr5/libgcc.a(_udivmodhi4.o)
 .text.libgcc.prologue
                0x00000000000029ac        0x0 /usr/lib/gcc/avr/4.8.2/avr5/libgcc.a(_udivmodhi4.o)
 .text.libgcc.builtins
                0x00000000000029ac        0x0 /usr/lib/gcc/avr/4.8.2/avr5/libgcc.a(_udivmodhi4.o)
 .text.libgcc.fmul
                0x00000000000029ac        0x0 /usr/lib/gcc/avr/4.8.2/avr5/libgcc.a(_udivmodhi4.o)
 .text.libgcc.fixed
                0x00000000000029ac        0x0 /usr/lib/gcc/avr/4.8.2/avr5/libgcc.a(_udivmodhi4.o)
 .text.avr-libc
                0x00000000000029ac      0x1b0 /usr/lib/gcc/avr/4.8.2/../../../avr/lib/avr5/libc.a(ftoa_engine.o)
                0x00000000000029ac                __ftoa_engine
 .text.avr-libc
                0x0000000000002b5c       0x16 /usr/lib/gcc/avr/4.8.2/../../../avr/lib/avr5/libc.a(strnlen_P.o)
                0x0000000000002b5c                strnlen_P
 .text.avr-libc
                0x0000000000002b72       0x16 /usr/lib/gcc/avr/4.8.2/../../../avr/lib/avr5/libc.a(strnlen.o)
                0x0000000000002b72                strnlen
 .text.avr-libc
                0x0000000000002b88       0x64 /usr/lib/gcc/avr/4.8.2/../../../avr/lib/avr5/libc.a(fputc.o)
                0x0000000000002b88                fputc
 .text.avr-libc
                0x0000000000002bec       0x28 /usr/lib/gcc/avr/4.8.2/../../../avr/lib/avr5/libc.a(printf.o)
                0x0000000000002bec                printf
 .text.avr-libc
                0x0000000000002c14       0x5a /usr/lib/gcc/avr/4.8.2/../../../avr/lib/avr5/libc.a(puts.o)
                0x0000000000002c14                puts
 .text.avr-libc
                0x0000000000002c6e       0x44 /usr/lib/gcc/avr/4.8.2/../../../avr/lib/avr5/libc.a(sprintf.o)
                0x0000000000002c6e                sprintf
 .text.avr-libc
                0x0000000000002cb2       0xbc /usr/lib/gcc/avr/4.8.2/../../../avr/lib/avr5/libc.a(ultoa_invert.o)
                0x0000000000002cb2                __ultoa_invert
                0x0000000000002d6e                . = ALIGN (0x2)
 *(.fini9)
 .fini9         0x0000000000002d6e        0x0 /usr/lib/gcc/avr/4.8.2/avr5/libgcc.a(_exit.o)
                0x0000000000002d6e                exit
                0x0000000000002d6e                _exit
 *(.fini9)
 *(.fini8)
 *(.fini8)
 *(.fini7)
 *(.fini7)
 *(.fini6)
 *(.fini6)
 *(.fini5)
 *(.fini5)
 *(.fini4)
 *(.fini4)
 *(.fini3)
 *(.fini3)
 *(.fini2)
 *(.fini2)
 *(.fini1)
 *(.fini1)
 *(.fini0)
 .fini0         0x0000000000002d6e        0x4 /usr/lib/gcc/avr/4.8.2/avr5/libgcc.a(_exit.o)
 *(.fini0)
                0x0000000000002d72                _etext = .

.data           0x0000000000800100       0x9e load address 0x0000000000002d72
                0x0000000000800100                PROVIDE (__data_start, .)
 *(.data)
 .data          0x0000000000800100        0x0 /usr/lib/gcc/avr/4.8.2/../../../avr/lib/avr5/crtm644p.o
 .data          0x0000000000800100        0x0 /usr/lib/gcc/avr/4.8.2/../../../avr/lib/avr5/libprintf_flt.a(vfprintf_flt.o)
 .data          0x0000000000800100        0x0 ./main.o
 .data          0x0000000000800100        0x0 /home/james/workspace_old/RBELib/Release/libRBELib.a(ADC.o)
 .data          0x0000000000800100        0x0 /home/james/workspace_old/RBELib/Release/libRBELib.a(Debug.o)
 .data          0x0000000000800100        0x0 /home/james/workspace_old/RBELib/Release/libRBELib.a(Periph.o)
 .data          0x0000000000800100        0x0 /home/james/workspace_old/RBELib/Release/libRBELib.a(SPI.o)
 .data          0x0000000000800100        0x0 /home/james/workspace_old/RBELib/Release/libRBELib.a(USARTDebug.o)
 .data          0x0000000000800100        0x0 /home/james/workspace_old/RBELib/Release/libRBELib.a(constants.o)
 .data          0x0000000000800100        0x0 /home/james/workspace_old/RBELib/Release/libRBELib.a(motors.o)
 .data          0x0000000000800100        0x0 /home/james/workspace_old/RBELib/Release/libRBELib.a(pot.o)
 .data          0x0000000000800100        0x0 /home/james/workspace_old/RBELib/Release/libRBELib.a(timer.o)
 .data          0x0000000000800100        0x0 /home/james/workspace_old/RBELib/Release/libRBELib.a(util.o)
 .data          0x0000000000800100        0x0 /home/james/workspace_old/RBELib/Release/libRBELib.a(SetServo.o)
 .data          0x0000000000800100        0x0 /home/james/workspace_old/RBELib/Release/libRBELib.a(PID.o)
 .data          0x0000000000800100        0x0 /home/james/workspace_old/RBELib/Release/libRBELib.a(drive.o)
 .data          0x0000000000800100        0x0 /home/james/workspace_old/RBELib/Release/libRBELib.a(forwardkin.o)
 .data          0x0000000000800100        0x0 /home/james/workspace_old/RBELib/Release/libRBELib.a(ik.o)
 .data          0x0000000000800100        0x0 /home/james/workspace_old/RBELib/Release/libRBELib.a(DAC.o)
 .data          0x0000000000800100        0x0 /usr/lib/gcc/avr/4.8.2/../../../avr/lib/avr5/libm.a(acos.o)
 .data          0x0000000000800100        0x0 /usr/lib/gcc/avr/4.8.2/../../../avr/lib/avr5/libm.a(addsf3.o)
 .data          0x0000000000800100        0x0 /usr/lib/gcc/avr/4.8.2/../../../avr/lib/avr5/libm.a(addsf3x.o)
 .data          0x0000000000800100        0x0 /usr/lib/gcc/avr/4.8.2/../../../avr/lib/avr5/libm.a(atan2.o)
 .data          0x0000000000800100        0x0 /usr/lib/gcc/avr/4.8.2/../../../avr/lib/avr5/libm.a(atan.o)
 .data          0x0000000000800100        0x0 /usr/lib/gcc/avr/4.8.2/../../../avr/lib/avr5/libm.a(cmpsf2.o)
 .data          0x0000000000800100        0x0 /usr/lib/gcc/avr/4.8.2/../../../avr/lib/avr5/libm.a(cos.o)
 .data          0x0000000000800100        0x0 /usr/lib/gcc/avr/4.8.2/../../../avr/lib/avr5/libm.a(divsf3.o)
 .data          0x0000000000800100        0x0 /usr/lib/gcc/avr/4.8.2/../../../avr/lib/avr5/libm.a(divsf3x.o)
 .data          0x0000000000800100        0x0 /usr/lib/gcc/avr/4.8.2/../../../avr/lib/avr5/libm.a(fixsfsi.o)
 .data          0x0000000000800100        0x0 /usr/lib/gcc/avr/4.8.2/../../../avr/lib/avr5/libm.a(fixunssfsi.o)
 .data          0x0000000000800100        0x0 /usr/lib/gcc/avr/4.8.2/../../../avr/lib/avr5/libm.a(floatsisf.o)
 .data          0x0000000000800100        0x0 /usr/lib/gcc/avr/4.8.2/../../../avr/lib/avr5/libm.a(fp_arccos.o)
 .data          0x0000000000800100        0x0 /usr/lib/gcc/avr/4.8.2/../../../avr/lib/avr5/libm.a(fp_cmp.o)
 .data          0x0000000000800100        0x0 /usr/lib/gcc/avr/4.8.2/../../../avr/lib/avr5/libm.a(fp_inf.o)
 .data          0x0000000000800100        0x0 /usr/lib/gcc/avr/4.8.2/../../../avr/lib/avr5/libm.a(fp_nan.o)
 .data          0x0000000000800100        0x0 /usr/lib/gcc/avr/4.8.2/../../../avr/lib/avr5/libm.a(fp_powser.o)
 .data          0x0000000000800100        0x0 /usr/lib/gcc/avr/4.8.2/../../../avr/lib/avr5/libm.a(fp_pscA.o)
 .data          0x0000000000800100        0x0 /usr/lib/gcc/avr/4.8.2/../../../avr/lib/avr5/libm.a(fp_pscB.o)
 .data          0x0000000000800100        0x0 /usr/lib/gcc/avr/4.8.2/../../../avr/lib/avr5/libm.a(fp_rempio2.o)
 .data          0x0000000000800100        0x0 /usr/lib/gcc/avr/4.8.2/../../../avr/lib/avr5/libm.a(fp_round.o)
 .data          0x0000000000800100        0x0 /usr/lib/gcc/avr/4.8.2/../../../avr/lib/avr5/libm.a(fp_sinus.o)
 .data          0x0000000000800100        0x0 /usr/lib/gcc/avr/4.8.2/../../../avr/lib/avr5/libm.a(fp_split3.o)
 .data          0x0000000000800100        0x0 /usr/lib/gcc/avr/4.8.2/../../../avr/lib/avr5/libm.a(fp_zero.o)
 .data          0x0000000000800100        0x0 /usr/lib/gcc/avr/4.8.2/../../../avr/lib/avr5/libm.a(gesf2.o)
 .data          0x0000000000800100        0x0 /usr/lib/gcc/avr/4.8.2/../../../avr/lib/avr5/libm.a(inverse.o)
 .data          0x0000000000800100        0x0 /usr/lib/gcc/avr/4.8.2/../../../avr/lib/avr5/libm.a(mulsf3.o)
 .data          0x0000000000800100        0x0 /usr/lib/gcc/avr/4.8.2/../../../avr/lib/avr5/libm.a(mulsf3x.o)
 .data          0x0000000000800100        0x0 /usr/lib/gcc/avr/4.8.2/../../../avr/lib/avr5/libm.a(sin.o)
 .data          0x0000000000800100        0x0 /usr/lib/gcc/avr/4.8.2/../../../avr/lib/avr5/libm.a(sqrt.o)
 .data          0x0000000000800100        0x0 /usr/lib/gcc/avr/4.8.2/../../../avr/lib/avr5/libm.a(square.o)
 .data          0x0000000000800100        0x0 /usr/lib/gcc/avr/4.8.2/../../../avr/lib/avr5/libm.a(unordsf2.o)
 .data          0x0000000000800100        0x0 /usr/lib/gcc/avr/4.8.2/../../../avr/lib/avr5/libm.a(fp_mpack.o)
 .data          0x0000000000800100        0x0 /usr/lib/gcc/avr/4.8.2/../../../avr/lib/avr5/libm.a(fp_norm2.o)
 .data          0x0000000000800100        0x0 /usr/lib/gcc/avr/4.8.2/../../../avr/lib/avr5/libm.a(fp_powsodd.o)
 .data          0x0000000000800100        0x0 /usr/lib/gcc/avr/4.8.2/avr5/libgcc.a(_mulhisi3.o)
 .data          0x0000000000800100        0x0 /usr/lib/gcc/avr/4.8.2/avr5/libgcc.a(_umulhisi3.o)
 .data          0x0000000000800100        0x0 /usr/lib/gcc/avr/4.8.2/avr5/libgcc.a(_usmulhisi3.o)
 .data          0x0000000000800100        0x0 /usr/lib/gcc/avr/4.8.2/avr5/libgcc.a(_muluhisi3.o)
 .data          0x0000000000800100        0x0 /usr/lib/gcc/avr/4.8.2/avr5/libgcc.a(_mulshisi3.o)
 .data          0x0000000000800100        0x0 /usr/lib/gcc/avr/4.8.2/avr5/libgcc.a(_divmodhi4.o)
 .data          0x0000000000800100        0x0 /usr/lib/gcc/avr/4.8.2/avr5/libgcc.a(_udivmodsi4.o)
 .data          0x0000000000800100        0x0 /usr/lib/gcc/avr/4.8.2/avr5/libgcc.a(_divmodsi4.o)
 .data          0x0000000000800100        0x0 /usr/lib/gcc/avr/4.8.2/avr5/libgcc.a(_negsi2.o)
 .data          0x0000000000800100        0x0 /usr/lib/gcc/avr/4.8.2/avr5/libgcc.a(_prologue.o)
 .data          0x0000000000800100        0x0 /usr/lib/gcc/avr/4.8.2/avr5/libgcc.a(_epilogue.o)
 .data          0x0000000000800100        0x0 /usr/lib/gcc/avr/4.8.2/avr5/libgcc.a(_exit.o)
 .data          0x0000000000800100        0x0 /usr/lib/gcc/avr/4.8.2/avr5/libgcc.a(_copy_data.o)
 .data          0x0000000000800100        0x0 /usr/lib/gcc/avr/4.8.2/avr5/libgcc.a(_clear_bss.o)
 .data          0x0000000000800100        0x0 /usr/lib/gcc/avr/4.8.2/avr5/libgcc.a(_udivmodhi4.o)
 .data          0x0000000000800100        0x0 /usr/lib/gcc/avr/4.8.2/../../../avr/lib/avr5/libc.a(ftoa_engine.o)
 .data          0x0000000000800100        0x0 /usr/lib/gcc/avr/4.8.2/../../../avr/lib/avr5/libc.a(strnlen_P.o)
 .data          0x0000000000800100        0x0 /usr/lib/gcc/avr/4.8.2/../../../avr/lib/avr5/libc.a(strnlen.o)
 .data          0x0000000000800100        0x0 /usr/lib/gcc/avr/4.8.2/../../../avr/lib/avr5/libc.a(fputc.o)
 .data          0x0000000000800100        0x0 /usr/lib/gcc/avr/4.8.2/../../../avr/lib/avr5/libc.a(iob.o)
 .data          0x0000000000800100        0x0 /usr/lib/gcc/avr/4.8.2/../../../avr/lib/avr5/libc.a(printf.o)
 .data          0x0000000000800100        0x0 /usr/lib/gcc/avr/4.8.2/../../../avr/lib/avr5/libc.a(puts.o)
 .data          0x0000000000800100        0x0 /usr/lib/gcc/avr/4.8.2/../../../avr/lib/avr5/libc.a(sprintf.o)
 .data          0x0000000000800100        0x0 /usr/lib/gcc/avr/4.8.2/../../../avr/lib/avr5/libc.a(ultoa_invert.o)
 *(.data*)
 .data.RBEOut   0x0000000000800100        0xe /home/james/workspace_old/RBELib/Release/libRBELib.a(Debug.o)
 .data.reset    0x000000000080010e        0x1 /home/james/workspace_old/RBELib/Release/libRBELib.a(motors.o)
 .data.curxy    0x000000000080010f        0x4 /home/james/workspace_old/RBELib/Release/libRBELib.a(motors.o)
 *(.rodata)
 *(.rodata*)
 .rodata.str1.1
                0x0000000000800113       0x1f ./main.o
 .rodata.t1lodeg
                0x0000000000800132        0x2 /home/james/workspace_old/RBELib/Release/libRBELib.a(constants.o)
                0x0000000000800132                t1lodeg
 .rodata.t2highrad
                0x0000000000800134        0x4 /home/james/workspace_old/RBELib/Release/libRBELib.a(constants.o)
                0x0000000000800134                t2highrad
 .rodata.t2lowrad
                0x0000000000800138        0x4 /home/james/workspace_old/RBELib/Release/libRBELib.a(constants.o)
                0x0000000000800138                t2lowrad
 .rodata.t1highrad
                0x000000000080013c        0x4 /home/james/workspace_old/RBELib/Release/libRBELib.a(constants.o)
                0x000000000080013c                t1highrad
 .rodata.t1lowrad
                0x0000000000800140        0x4 /home/james/workspace_old/RBELib/Release/libRBELib.a(constants.o)
                0x0000000000800140                t1lowrad
 .rodata.t2higdeg
                0x0000000000800144        0x2 /home/james/workspace_old/RBELib/Release/libRBELib.a(constants.o)
                0x0000000000800144                t2higdeg
 .rodata.t2lodeg
                0x0000000000800146        0x2 /home/james/workspace_old/RBELib/Release/libRBELib.a(constants.o)
                0x0000000000800146                t2lodeg
 .rodata.t1higdeg
                0x0000000000800148        0x2 /home/james/workspace_old/RBELib/Release/libRBELib.a(constants.o)
                0x0000000000800148                t1higdeg
 .rodata.kArmHeight
                0x000000000080014a        0x4 /home/james/workspace_old/RBELib/Release/libRBELib.a(constants.o)
                0x000000000080014a                kArmHeight
 .rodata.kArmLen
                0x000000000080014e        0x4 /home/james/workspace_old/RBELib/Release/libRBELib.a(constants.o)
                0x000000000080014e                kArmLen
 .rodata.kMaxDAC
                0x0000000000800152        0x2 /home/james/workspace_old/RBELib/Release/libRBELib.a(constants.o)
                0x0000000000800152                kMaxDAC
 .rodata.Kd_L   0x0000000000800154        0x4 /home/james/workspace_old/RBELib/Release/libRBELib.a(constants.o)
                0x0000000000800154                Kd_L
 .rodata.Ki_L   0x0000000000800158        0x4 /home/james/workspace_old/RBELib/Release/libRBELib.a(constants.o)
                0x0000000000800158                Ki_L
 .rodata.Kp_L   0x000000000080015c        0x4 /home/james/workspace_old/RBELib/Release/libRBELib.a(constants.o)
                0x000000000080015c                Kp_L
 .rodata.Kd_H   0x0000000000800160        0x4 /home/james/workspace_old/RBELib/Release/libRBELib.a(constants.o)
                0x0000000000800160                Kd_H
 .rodata.Ki_H   0x0000000000800164        0x4 /home/james/workspace_old/RBELib/Release/libRBELib.a(constants.o)
                0x0000000000800164                Ki_H
 .rodata.Kp_H   0x0000000000800168        0x4 /home/james/workspace_old/RBELib/Release/libRBELib.a(constants.o)
                0x0000000000800168                Kp_H
 .rodata.kdt    0x000000000080016c        0x4 /home/james/workspace_old/RBELib/Release/libRBELib.a(constants.o)
                0x000000000080016c                kdt
 .rodata.kVMotor
                0x0000000000800170        0x2 /home/james/workspace_old/RBELib/Release/libRBELib.a(constants.o)
                0x0000000000800170                kVMotor
 .rodata.kPotHigh
                0x0000000000800172        0x1 /home/james/workspace_old/RBELib/Release/libRBELib.a(constants.o)
                0x0000000000800172                kPotHigh
 .rodata.kPotLow
                0x0000000000800173        0x1 /home/james/workspace_old/RBELib/Release/libRBELib.a(constants.o)
                0x0000000000800173                kPotLow
 .rodata.kEncToDegH
                0x0000000000800174        0x4 /home/james/workspace_old/RBELib/Release/libRBELib.a(constants.o)
                0x0000000000800174                kEncToDegH
 .rodata.kEncToDegL
                0x0000000000800178        0x4 /home/james/workspace_old/RBELib/Release/libRBELib.a(constants.o)
                0x0000000000800178                kEncToDegL
 .rodata.kPotRawToVolts
                0x000000000080017c        0x2 /home/james/workspace_old/RBELib/Release/libRBELib.a(constants.o)
                0x000000000080017c                kPotRawToVolts
 .rodata.kRawOffsetH
                0x000000000080017e        0x2 /home/james/workspace_old/RBELib/Release/libRBELib.a(constants.o)
                0x000000000080017e                kRawOffsetH
 .rodata.kRawOffsetL
                0x0000000000800180        0x2 /home/james/workspace_old/RBELib/Release/libRBELib.a(constants.o)
                0x0000000000800180                kRawOffsetL
 .rodata.kPotRawToAngleScaleH
                0x0000000000800182        0x4 /home/james/workspace_old/RBELib/Release/libRBELib.a(constants.o)
                0x0000000000800182                kPotRawToAngleScaleH
 .rodata.kPotRawToAngleScaleL
                0x0000000000800186        0x4 /home/james/workspace_old/RBELib/Release/libRBELib.a(constants.o)
                0x0000000000800186                kPotRawToAngleScaleL
 .rodata.str1.1
                0x000000000080018a       0x14 /home/james/workspace_old/RBELib/Release/libRBELib.a(SetServo.o)
 *(.gnu.linkonce.d*)
                0x000000000080019e                . = ALIGN (0x2)
                0x000000000080019e                _edata = .
                0x000000000080019e                PROVIDE (__data_end, .)

.bss            0x000000000080019e       0x4b
                0x000000000080019e                PROVIDE (__bss_start, .)
 *(.bss)
 .bss           0x000000000080019e        0x0 /usr/lib/gcc/avr/4.8.2/../../../avr/lib/avr5/crtm644p.o
 .bss           0x000000000080019e        0x0 /usr/lib/gcc/avr/4.8.2/../../../avr/lib/avr5/libprintf_flt.a(vfprintf_flt.o)
 .bss           0x000000000080019e        0x0 ./main.o
 .bss           0x000000000080019e        0x0 /home/james/workspace_old/RBELib/Release/libRBELib.a(ADC.o)
 .bss           0x000000000080019e        0x0 /home/james/workspace_old/RBELib/Release/libRBELib.a(Debug.o)
 .bss           0x000000000080019e        0x0 /home/james/workspace_old/RBELib/Release/libRBELib.a(Periph.o)
 .bss           0x000000000080019e        0x0 /home/james/workspace_old/RBELib/Release/libRBELib.a(SPI.o)
 .bss           0x000000000080019e        0x0 /home/james/workspace_old/RBELib/Release/libRBELib.a(USARTDebug.o)
 .bss           0x000000000080019e        0x0 /home/james/workspace_old/RBELib/Release/libRBELib.a(constants.o)
 .bss           0x000000000080019e        0x0 /home/james/workspace_old/RBELib/Release/libRBELib.a(motors.o)
 .bss           0x000000000080019e        0x0 /home/james/workspace_old/RBELib/Release/libRBELib.a(pot.o)
 .bss           0x000000000080019e        0x0 /home/james/workspace_old/RBELib/Release/libRBELib.a(timer.o)
 .bss           0x000000000080019e        0x0 /home/james/workspace_old/RBELib/Release/libRBELib.a(util.o)
 .bss           0x000000000080019e        0x0 /home/james/workspace_old/RBELib/Release/libRBELib.a(SetServo.o)
 .bss           0x000000000080019e        0x0 /home/james/workspace_old/RBELib/Release/libRBELib.a(PID.o)
 .bss           0x000000000080019e        0x0 /home/james/workspace_old/RBELib/Release/libRBELib.a(drive.o)
 .bss           0x000000000080019e        0x0 /home/james/workspace_old/RBELib/Release/libRBELib.a(forwardkin.o)
 .bss           0x000000000080019e        0x0 /home/james/workspace_old/RBELib/Release/libRBELib.a(ik.o)
 .bss           0x000000000080019e        0x0 /home/james/workspace_old/RBELib/Release/libRBELib.a(DAC.o)
 .bss           0x000000000080019e        0x0 /usr/lib/gcc/avr/4.8.2/../../../avr/lib/avr5/libm.a(acos.o)
 .bss           0x000000000080019e        0x0 /usr/lib/gcc/avr/4.8.2/../../../avr/lib/avr5/libm.a(addsf3.o)
 .bss           0x000000000080019e        0x0 /usr/lib/gcc/avr/4.8.2/../../../avr/lib/avr5/libm.a(addsf3x.o)
 .bss           0x000000000080019e        0x0 /usr/lib/gcc/avr/4.8.2/../../../avr/lib/avr5/libm.a(atan2.o)
 .bss           0x000000000080019e        0x0 /usr/lib/gcc/avr/4.8.2/../../../avr/lib/avr5/libm.a(atan.o)
 .bss           0x000000000080019e        0x0 /usr/lib/gcc/avr/4.8.2/../../../avr/lib/avr5/libm.a(cmpsf2.o)
 .bss           0x000000000080019e        0x0 /usr/lib/gcc/avr/4.8.2/../../../avr/lib/avr5/libm.a(cos.o)
 .bss           0x000000000080019e        0x0 /usr/lib/gcc/avr/4.8.2/../../../avr/lib/avr5/libm.a(divsf3.o)
 .bss           0x000000000080019e        0x0 /usr/lib/gcc/avr/4.8.2/../../../avr/lib/avr5/libm.a(divsf3x.o)
 .bss           0x000000000080019e        0x0 /usr/lib/gcc/avr/4.8.2/../../../avr/lib/avr5/libm.a(fixsfsi.o)
 .bss           0x000000000080019e        0x0 /usr/lib/gcc/avr/4.8.2/../../../avr/lib/avr5/libm.a(fixunssfsi.o)
 .bss           0x000000000080019e        0x0 /usr/lib/gcc/avr/4.8.2/../../../avr/lib/avr5/libm.a(floatsisf.o)
 .bss           0x000000000080019e        0x0 /usr/lib/gcc/avr/4.8.2/../../../avr/lib/avr5/libm.a(fp_arccos.o)
 .bss           0x000000000080019e        0x0 /usr/lib/gcc/avr/4.8.2/../../../avr/lib/avr5/libm.a(fp_cmp.o)
 .bss           0x000000000080019e        0x0 /usr/lib/gcc/avr/4.8.2/../../../avr/lib/avr5/libm.a(fp_inf.o)
 .bss           0x000000000080019e        0x0 /usr/lib/gcc/avr/4.8.2/../../../avr/lib/avr5/libm.a(fp_nan.o)
 .bss           0x000000000080019e        0x0 /usr/lib/gcc/avr/4.8.2/../../../avr/lib/avr5/libm.a(fp_powser.o)
 .bss           0x000000000080019e        0x0 /usr/lib/gcc/avr/4.8.2/../../../avr/lib/avr5/libm.a(fp_pscA.o)
 .bss           0x000000000080019e        0x0 /usr/lib/gcc/avr/4.8.2/../../../avr/lib/avr5/libm.a(fp_pscB.o)
 .bss           0x000000000080019e        0x0 /usr/lib/gcc/avr/4.8.2/../../../avr/lib/avr5/libm.a(fp_rempio2.o)
 .bss           0x000000000080019e        0x0 /usr/lib/gcc/avr/4.8.2/../../../avr/lib/avr5/libm.a(fp_round.o)
 .bss           0x000000000080019e        0x0 /usr/lib/gcc/avr/4.8.2/../../../avr/lib/avr5/libm.a(fp_sinus.o)
 .bss           0x000000000080019e        0x0 /usr/lib/gcc/avr/4.8.2/../../../avr/lib/avr5/libm.a(fp_split3.o)
 .bss           0x000000000080019e        0x0 /usr/lib/gcc/avr/4.8.2/../../../avr/lib/avr5/libm.a(fp_zero.o)
 .bss           0x000000000080019e        0x0 /usr/lib/gcc/avr/4.8.2/../../../avr/lib/avr5/libm.a(gesf2.o)
 .bss           0x000000000080019e        0x0 /usr/lib/gcc/avr/4.8.2/../../../avr/lib/avr5/libm.a(inverse.o)
 .bss           0x000000000080019e        0x0 /usr/lib/gcc/avr/4.8.2/../../../avr/lib/avr5/libm.a(mulsf3.o)
 .bss           0x000000000080019e        0x0 /usr/lib/gcc/avr/4.8.2/../../../avr/lib/avr5/libm.a(mulsf3x.o)
 .bss           0x000000000080019e        0x0 /usr/lib/gcc/avr/4.8.2/../../../avr/lib/avr5/libm.a(sin.o)
 .bss           0x000000000080019e        0x0 /usr/lib/gcc/avr/4.8.2/../../../avr/lib/avr5/libm.a(sqrt.o)
 .bss           0x000000000080019e        0x0 /usr/lib/gcc/avr/4.8.2/../../../avr/lib/avr5/libm.a(square.o)
 .bss           0x000000000080019e        0x0 /usr/lib/gcc/avr/4.8.2/../../../avr/lib/avr5/libm.a(unordsf2.o)
 .bss           0x000000000080019e        0x0 /usr/lib/gcc/avr/4.8.2/../../../avr/lib/avr5/libm.a(fp_mpack.o)
 .bss           0x000000000080019e        0x0 /usr/lib/gcc/avr/4.8.2/../../../avr/lib/avr5/libm.a(fp_norm2.o)
 .bss           0x000000000080019e        0x0 /usr/lib/gcc/avr/4.8.2/../../../avr/lib/avr5/libm.a(fp_powsodd.o)
 .bss           0x000000000080019e        0x0 /usr/lib/gcc/avr/4.8.2/avr5/libgcc.a(_mulhisi3.o)
 .bss           0x000000000080019e        0x0 /usr/lib/gcc/avr/4.8.2/avr5/libgcc.a(_umulhisi3.o)
 .bss           0x000000000080019e        0x0 /usr/lib/gcc/avr/4.8.2/avr5/libgcc.a(_usmulhisi3.o)
 .bss           0x000000000080019e        0x0 /usr/lib/gcc/avr/4.8.2/avr5/libgcc.a(_muluhisi3.o)
 .bss           0x000000000080019e        0x0 /usr/lib/gcc/avr/4.8.2/avr5/libgcc.a(_mulshisi3.o)
 .bss           0x000000000080019e        0x0 /usr/lib/gcc/avr/4.8.2/avr5/libgcc.a(_divmodhi4.o)
 .bss           0x000000000080019e        0x0 /usr/lib/gcc/avr/4.8.2/avr5/libgcc.a(_udivmodsi4.o)
 .bss           0x000000000080019e        0x0 /usr/lib/gcc/avr/4.8.2/avr5/libgcc.a(_divmodsi4.o)
 .bss           0x000000000080019e        0x0 /usr/lib/gcc/avr/4.8.2/avr5/libgcc.a(_negsi2.o)
 .bss           0x000000000080019e        0x0 /usr/lib/gcc/avr/4.8.2/avr5/libgcc.a(_prologue.o)
 .bss           0x000000000080019e        0x0 /usr/lib/gcc/avr/4.8.2/avr5/libgcc.a(_epilogue.o)
 .bss           0x000000000080019e        0x0 /usr/lib/gcc/avr/4.8.2/avr5/libgcc.a(_exit.o)
 .bss           0x000000000080019e        0x0 /usr/lib/gcc/avr/4.8.2/avr5/libgcc.a(_copy_data.o)
 .bss           0x000000000080019e        0x0 /usr/lib/gcc/avr/4.8.2/avr5/libgcc.a(_clear_bss.o)
 .bss           0x000000000080019e        0x0 /usr/lib/gcc/avr/4.8.2/avr5/libgcc.a(_udivmodhi4.o)
 .bss           0x000000000080019e        0x0 /usr/lib/gcc/avr/4.8.2/../../../avr/lib/avr5/libc.a(ftoa_engine.o)
 .bss           0x000000000080019e        0x0 /usr/lib/gcc/avr/4.8.2/../../../avr/lib/avr5/libc.a(strnlen_P.o)
 .bss           0x000000000080019e        0x0 /usr/lib/gcc/avr/4.8.2/../../../avr/lib/avr5/libc.a(strnlen.o)
 .bss           0x000000000080019e        0x0 /usr/lib/gcc/avr/4.8.2/../../../avr/lib/avr5/libc.a(fputc.o)
 .bss           0x000000000080019e        0x0 /usr/lib/gcc/avr/4.8.2/../../../avr/lib/avr5/libc.a(iob.o)
 .bss           0x000000000080019e        0x0 /usr/lib/gcc/avr/4.8.2/../../../avr/lib/avr5/libc.a(printf.o)
 .bss           0x000000000080019e        0x0 /usr/lib/gcc/avr/4.8.2/../../../avr/lib/avr5/libc.a(puts.o)
 .bss           0x000000000080019e        0x0 /usr/lib/gcc/avr/4.8.2/../../../avr/lib/avr5/libc.a(sprintf.o)
 .bss           0x000000000080019e        0x0 /usr/lib/gcc/avr/4.8.2/../../../avr/lib/avr5/libc.a(ultoa_invert.o)
 *(.bss*)
 .bss.p2.2170   0x000000000080019e        0x2 ./main.o
 .bss.p1.2169   0x00000000008001a0        0x2 ./main.o
 .bss.g_ADCCallback
                0x00000000008001a2        0x2 /home/james/workspace_old/RBELib/Release/libRBELib.a(ADC.o)
 .bss.vref      0x00000000008001a4        0x2 /home/james/workspace_old/RBELib/Release/libRBELib.a(Periph.o)
 .bss.useEnc.1619
                0x00000000008001a6        0x5 /home/james/workspace_old/RBELib/Release/libRBELib.a(motors.o)
 .bss.enable    0x00000000008001ab        0x1 /home/james/workspace_old/RBELib/Release/libRBELib.a(motors.o)
 .bss.curjoint  0x00000000008001ac        0x5 /home/james/workspace_old/RBELib/Release/libRBELib.a(motors.o)
 .bss.goaljoint
                0x00000000008001b1        0x5 /home/james/workspace_old/RBELib/Release/libRBELib.a(motors.o)
 .bss.isrdone   0x00000000008001b6        0x1 /home/james/workspace_old/RBELib/Release/libRBELib.a(motors.o)
                0x00000000008001b6                isrdone
 .bss.timer2    0x00000000008001b7        0x2 /home/james/workspace_old/RBELib/Release/libRBELib.a(timer.o)
 .bss.timer1    0x00000000008001b9        0x2 /home/james/workspace_old/RBELib/Release/libRBELib.a(timer.o)
 .bss.timer0    0x00000000008001bb        0x2 /home/james/workspace_old/RBELib/Release/libRBELib.a(timer.o)
 .bss.prevError.1552
                0x00000000008001bd        0x4 /home/james/workspace_old/RBELib/Release/libRBELib.a(PID.o)
 .bss.suml.1550
                0x00000000008001c1        0x2 /home/james/workspace_old/RBELib/Release/libRBELib.a(PID.o)
 .bss.sumh.1551
                0x00000000008001c3        0x2 /home/james/workspace_old/RBELib/Release/libRBELib.a(PID.o)
 *(COMMON)
 COMMON         0x00000000008001c5        0x6 ./main.o
                0x00000000008001c5                enc0
                0x00000000008001c7                t1lowdeg
                0x00000000008001c9                enc1
 COMMON         0x00000000008001cb       0x18 /home/james/workspace_old/RBELib/Release/libRBELib.a(PID.o)
                0x00000000008001cb                pidConsts
 COMMON         0x00000000008001e3        0x6 /usr/lib/gcc/avr/4.8.2/../../../avr/lib/avr5/libc.a(iob.o)
                0x00000000008001e3                __iob
                0x00000000008001e9                PROVIDE (__bss_end, .)
                0x0000000000002d72                __data_load_start = LOADADDR (.data)
                0x0000000000002e10                __data_load_end = (__data_load_start + SIZEOF (.data))

.noinit         0x00000000008001e9        0x0
                0x00000000008001e9                PROVIDE (__noinit_start, .)
 *(.noinit*)
                0x00000000008001e9                PROVIDE (__noinit_end, .)
                0x00000000008001e9                _end = .
                0x00000000008001e9                PROVIDE (__heap_start, .)

.eeprom         0x0000000000810000        0x0
 *(.eeprom*)
                0x0000000000810000                __eeprom_end = .

.fuse
 *(.fuse)
 *(.lfuse)
 *(.hfuse)
 *(.efuse)

.lock
 *(.lock*)

.signature
 *(.signature*)

.user_signatures
 *(.user_signatures*)

.stab           0x0000000000000000     0x6c30
 *(.stab)
 .stab          0x0000000000000000      0x6cc /usr/lib/gcc/avr/4.8.2/../../../avr/lib/avr5/crtm644p.o
 .stab          0x00000000000006cc     0x1404 /usr/lib/gcc/avr/4.8.2/../../../avr/lib/avr5/libprintf_flt.a(vfprintf_flt.o)
                                       0x1410 (size before relaxing)
 .stab          0x0000000000001ad0       0xd8 /usr/lib/gcc/avr/4.8.2/../../../avr/lib/avr5/libm.a(acos.o)
                                         0xe4 (size before relaxing)
 .stab          0x0000000000001ba8       0x78 /usr/lib/gcc/avr/4.8.2/../../../avr/lib/avr5/libm.a(addsf3.o)
                                         0x84 (size before relaxing)
 .stab          0x0000000000001c20      0x4bc /usr/lib/gcc/avr/4.8.2/../../../avr/lib/avr5/libm.a(addsf3x.o)
                                        0x4c8 (size before relaxing)
 .stab          0x00000000000020dc      0x2f4 /usr/lib/gcc/avr/4.8.2/../../../avr/lib/avr5/libm.a(atan2.o)
                                        0x300 (size before relaxing)
 .stab          0x00000000000023d0      0x210 /usr/lib/gcc/avr/4.8.2/../../../avr/lib/avr5/libm.a(atan.o)
                                        0x21c (size before relaxing)
 .stab          0x00000000000025e0       0x90 /usr/lib/gcc/avr/4.8.2/../../../avr/lib/avr5/libm.a(cmpsf2.o)
                                         0x9c (size before relaxing)
 .stab          0x0000000000002670       0x54 /usr/lib/gcc/avr/4.8.2/../../../avr/lib/avr5/libm.a(cos.o)
                                         0x60 (size before relaxing)
 .stab          0x00000000000026c4       0x48 /usr/lib/gcc/avr/4.8.2/../../../avr/lib/avr5/libm.a(divsf3.o)
                                         0x54 (size before relaxing)
 .stab          0x000000000000270c      0x510 /usr/lib/gcc/avr/4.8.2/../../../avr/lib/avr5/libm.a(divsf3x.o)
                                        0x51c (size before relaxing)
 .stab          0x0000000000002c1c       0x6c /usr/lib/gcc/avr/4.8.2/../../../avr/lib/avr5/libm.a(fixsfsi.o)
                                         0x78 (size before relaxing)
 .stab          0x0000000000002c88      0x240 /usr/lib/gcc/avr/4.8.2/../../../avr/lib/avr5/libm.a(fixunssfsi.o)
                                        0x24c (size before relaxing)
 .stab          0x0000000000002ec8      0x318 /usr/lib/gcc/avr/4.8.2/../../../avr/lib/avr5/libm.a(floatsisf.o)
                                        0x324 (size before relaxing)
 .stab          0x00000000000031e0      0x174 /usr/lib/gcc/avr/4.8.2/../../../avr/lib/avr5/libm.a(fp_arccos.o)
                                        0x180 (size before relaxing)
 .stab          0x0000000000003354      0x1e0 /usr/lib/gcc/avr/4.8.2/../../../avr/lib/avr5/libm.a(fp_cmp.o)
                                        0x1ec (size before relaxing)
 .stab          0x0000000000003534       0x78 /usr/lib/gcc/avr/4.8.2/../../../avr/lib/avr5/libm.a(fp_inf.o)
                                         0x84 (size before relaxing)
 .stab          0x00000000000035ac       0x54 /usr/lib/gcc/avr/4.8.2/../../../avr/lib/avr5/libm.a(fp_nan.o)
                                         0x60 (size before relaxing)
 .stab          0x0000000000003600      0x1ec /usr/lib/gcc/avr/4.8.2/../../../avr/lib/avr5/libm.a(fp_powser.o)
                                        0x1f8 (size before relaxing)
 .stab          0x00000000000037ec       0x84 /usr/lib/gcc/avr/4.8.2/../../../avr/lib/avr5/libm.a(fp_pscA.o)
                                         0x90 (size before relaxing)
 .stab          0x0000000000003870       0x84 /usr/lib/gcc/avr/4.8.2/../../../avr/lib/avr5/libm.a(fp_pscB.o)
                                         0x90 (size before relaxing)
 .stab          0x00000000000038f4      0x21c /usr/lib/gcc/avr/4.8.2/../../../avr/lib/avr5/libm.a(fp_rempio2.o)
                                        0x228 (size before relaxing)
 .stab          0x0000000000003b10       0xfc /usr/lib/gcc/avr/4.8.2/../../../avr/lib/avr5/libm.a(fp_round.o)
                                        0x108 (size before relaxing)
 .stab          0x0000000000003c0c       0xfc /usr/lib/gcc/avr/4.8.2/../../../avr/lib/avr5/libm.a(fp_sinus.o)
                                        0x108 (size before relaxing)
 .stab          0x0000000000003d08      0x1d4 /usr/lib/gcc/avr/4.8.2/../../../avr/lib/avr5/libm.a(fp_split3.o)
                                        0x1e0 (size before relaxing)
 .stab          0x0000000000003edc       0x90 /usr/lib/gcc/avr/4.8.2/../../../avr/lib/avr5/libm.a(fp_zero.o)
                                         0x9c (size before relaxing)
 .stab          0x0000000000003f6c       0x6c /usr/lib/gcc/avr/4.8.2/../../../avr/lib/avr5/libm.a(gesf2.o)
                                         0x78 (size before relaxing)
 .stab          0x0000000000003fd8       0x84 /usr/lib/gcc/avr/4.8.2/../../../avr/lib/avr5/libm.a(inverse.o)
                                         0x90 (size before relaxing)
 .stab          0x000000000000405c       0x48 /usr/lib/gcc/avr/4.8.2/../../../avr/lib/avr5/libm.a(mulsf3.o)
                                         0x54 (size before relaxing)
 .stab          0x00000000000040a4      0x4d4 /usr/lib/gcc/avr/4.8.2/../../../avr/lib/avr5/libm.a(mulsf3x.o)
                                        0x4e0 (size before relaxing)
 .stab          0x0000000000004578       0x78 /usr/lib/gcc/avr/4.8.2/../../../avr/lib/avr5/libm.a(sin.o)
                                         0x84 (size before relaxing)
 .stab          0x00000000000045f0      0x354 /usr/lib/gcc/avr/4.8.2/../../../avr/lib/avr5/libm.a(sqrt.o)
                                        0x360 (size before relaxing)
 .stab          0x0000000000004944       0x54 /usr/lib/gcc/avr/4.8.2/../../../avr/lib/avr5/libm.a(square.o)
                                         0x60 (size before relaxing)
 .stab          0x0000000000004998       0x60 /usr/lib/gcc/avr/4.8.2/../../../avr/lib/avr5/libm.a(unordsf2.o)
                                         0x6c (size before relaxing)
 .stab          0x00000000000049f8       0xe4 /usr/lib/gcc/avr/4.8.2/../../../avr/lib/avr5/libm.a(fp_mpack.o)
                                         0xf0 (size before relaxing)
 .stab          0x0000000000004adc       0x84 /usr/lib/gcc/avr/4.8.2/../../../avr/lib/avr5/libm.a(fp_norm2.o)
                                         0x90 (size before relaxing)
 .stab          0x0000000000004b60       0xfc /usr/lib/gcc/avr/4.8.2/../../../avr/lib/avr5/libm.a(fp_powsodd.o)
                                        0x108 (size before relaxing)
 .stab          0x0000000000004c5c      0xa38 /usr/lib/gcc/avr/4.8.2/../../../avr/lib/avr5/libc.a(ftoa_engine.o)
                                        0xa44 (size before relaxing)
 .stab          0x0000000000005694       0x9c /usr/lib/gcc/avr/4.8.2/../../../avr/lib/avr5/libc.a(strnlen_P.o)
                                         0xa8 (size before relaxing)
 .stab          0x0000000000005730       0x9c /usr/lib/gcc/avr/4.8.2/../../../avr/lib/avr5/libc.a(strnlen.o)
                                         0xa8 (size before relaxing)
 .stab          0x00000000000057cc      0x354 /usr/lib/gcc/avr/4.8.2/../../../avr/lib/avr5/libc.a(fputc.o)
                                        0x534 (size before relaxing)
 .stab          0x0000000000005b20      0x2ac /usr/lib/gcc/avr/4.8.2/../../../avr/lib/avr5/libc.a(iob.o)
                                        0x48c (size before relaxing)
 .stab          0x0000000000005dcc      0x30c /usr/lib/gcc/avr/4.8.2/../../../avr/lib/avr5/libc.a(printf.o)
                                        0x4ec (size before relaxing)
 .stab          0x00000000000060d8      0x36c /usr/lib/gcc/avr/4.8.2/../../../avr/lib/avr5/libc.a(puts.o)
                                        0x54c (size before relaxing)
 .stab          0x0000000000006444      0x36c /usr/lib/gcc/avr/4.8.2/../../../avr/lib/avr5/libc.a(sprintf.o)
                                        0x54c (size before relaxing)
 .stab          0x00000000000067b0      0x480 /usr/lib/gcc/avr/4.8.2/../../../avr/lib/avr5/libc.a(ultoa_invert.o)
                                        0x48c (size before relaxing)

.stabstr        0x0000000000000000     0x170e
 *(.stabstr)
 .stabstr       0x0000000000000000     0x170e /usr/lib/gcc/avr/4.8.2/../../../avr/lib/avr5/crtm644p.o

.stab.excl
 *(.stab.excl)

.stab.exclstr
 *(.stab.exclstr)

.stab.index
 *(.stab.index)

.stab.indexstr
 *(.stab.indexstr)

.comment        0x0000000000000000       0x11
 *(.comment)
 .comment       0x0000000000000000       0x11 /usr/lib/gcc/avr/4.8.2/../../../avr/lib/avr5/libprintf_flt.a(vfprintf_flt.o)
                                         0x12 (size before relaxing)
 .comment       0x0000000000000000       0x12 ./main.o
 .comment       0x0000000000000000       0x12 /home/james/workspace_old/RBELib/Release/libRBELib.a(ADC.o)
 .comment       0x0000000000000000       0x12 /home/james/workspace_old/RBELib/Release/libRBELib.a(Debug.o)
 .comment       0x0000000000000000       0x12 /home/james/workspace_old/RBELib/Release/libRBELib.a(Periph.o)
 .comment       0x0000000000000000       0x12 /home/james/workspace_old/RBELib/Release/libRBELib.a(SPI.o)
 .comment       0x0000000000000000       0x12 /home/james/workspace_old/RBELib/Release/libRBELib.a(USARTDebug.o)
 .comment       0x0000000000000000       0x12 /home/james/workspace_old/RBELib/Release/libRBELib.a(constants.o)
 .comment       0x0000000000000000       0x12 /home/james/workspace_old/RBELib/Release/libRBELib.a(motors.o)
 .comment       0x0000000000000000       0x12 /home/james/workspace_old/RBELib/Release/libRBELib.a(pot.o)
 .comment       0x0000000000000000       0x12 /home/james/workspace_old/RBELib/Release/libRBELib.a(timer.o)
 .comment       0x0000000000000000       0x12 /home/james/workspace_old/RBELib/Release/libRBELib.a(util.o)
 .comment       0x0000000000000000       0x12 /home/james/workspace_old/RBELib/Release/libRBELib.a(SetServo.o)
 .comment       0x0000000000000000       0x12 /home/james/workspace_old/RBELib/Release/libRBELib.a(PID.o)
 .comment       0x0000000000000000       0x12 /home/james/workspace_old/RBELib/Release/libRBELib.a(drive.o)
 .comment       0x0000000000000000       0x12 /home/james/workspace_old/RBELib/Release/libRBELib.a(forwardkin.o)
 .comment       0x0000000000000000       0x12 /home/james/workspace_old/RBELib/Release/libRBELib.a(ik.o)
 .comment       0x0000000000000000       0x12 /home/james/workspace_old/RBELib/Release/libRBELib.a(DAC.o)
 .comment       0x0000000000000000       0x12 /usr/lib/gcc/avr/4.8.2/../../../avr/lib/avr5/libc.a(fputc.o)
 .comment       0x0000000000000000       0x12 /usr/lib/gcc/avr/4.8.2/../../../avr/lib/avr5/libc.a(iob.o)
 .comment       0x0000000000000000       0x12 /usr/lib/gcc/avr/4.8.2/../../../avr/lib/avr5/libc.a(printf.o)
 .comment       0x0000000000000000       0x12 /usr/lib/gcc/avr/4.8.2/../../../avr/lib/avr5/libc.a(puts.o)
 .comment       0x0000000000000000       0x12 /usr/lib/gcc/avr/4.8.2/../../../avr/lib/avr5/libc.a(sprintf.o)

.debug
 *(.debug)

.line
 *(.line)

.debug_srcinfo
 *(.debug_srcinfo)

.debug_sfnames
 *(.debug_sfnames)

.debug_aranges
 *(.debug_aranges)

.debug_pubnames
 *(.debug_pubnames)

.debug_info
 *(.debug_info)
 *(.gnu.linkonce.wi.*)

.debug_abbrev
 *(.debug_abbrev)

.debug_line
 *(.debug_line)

.debug_frame
 *(.debug_frame)

.debug_str
 *(.debug_str)

.debug_loc
 *(.debug_loc)

.debug_macinfo
 *(.debug_macinfo)

.debug_pubtypes
 *(.debug_pubtypes)

.debug_ranges
 *(.debug_ranges)

.debug_macro
 *(.debug_macro)
OUTPUT(lab3.elf elf32-avr)
LOAD linker stubs
