Archive member included because of file (symbol)

/usr/lib/gcc/avr/4.8.2/../../../avr/lib/avr5/libprintf_flt.a(vfprintf_flt.o)
                              (vfprintf)
/home/james/workspace_old/RBELib/Release/libRBELib.a(ADC.o)
                              ./main.o (initADC)
/home/james/workspace_old/RBELib/Release/libRBELib.a(DAC.o)
                              ./main.o (setDAC)
/home/james/workspace_old/RBELib/Release/libRBELib.a(Debug.o)
                              ./main.o (initRBELib)
/home/james/workspace_old/RBELib/Release/libRBELib.a(PID.o)
                              ./main.o (calcPID)
/home/james/workspace_old/RBELib/Release/libRBELib.a(SPI.o)
                              ./main.o (initSPI)
/home/james/workspace_old/RBELib/Release/libRBELib.a(USARTDebug.o)
                              ./main.o (debugUSARTInit)
/home/james/workspace_old/RBELib/Release/libRBELib.a(constants.o)
                              ./main.o (kWeightCutoff)
/home/james/workspace_old/RBELib/Release/libRBELib.a(drive.o)
                              ./main.o (setMotorVolts)
/home/james/workspace_old/RBELib/Release/libRBELib.a(forwardkin.o)
                              ./main.o (forward)
/home/james/workspace_old/RBELib/Release/libRBELib.a(ik.o)
                              ./main.o (getJoint)
/home/james/workspace_old/RBELib/Release/libRBELib.a(motors.o)
                              ./main.o (initMotors)
/home/james/workspace_old/RBELib/Release/libRBELib.a(pot.o)
                              ./main.o (potAngle)
/home/james/workspace_old/RBELib/Release/libRBELib.a(timer.o)
                              /home/james/workspace_old/RBELib/Release/libRBELib.a(motors.o) (initTimer)
/home/james/workspace_old/RBELib/Release/libRBELib.a(util.o)
                              /home/james/workspace_old/RBELib/Release/libRBELib.a(PID.o) (clipf)
/home/james/workspace_old/RBELib/Release/libRBELib.a(SetServo.o)
                              /home/james/workspace_old/RBELib/Release/libRBELib.a(Debug.o) (initAltCom)
/home/james/workspace_old/RBELib/Release/libRBELib.a(Periph.o)
                              /home/james/workspace_old/RBELib/Release/libRBELib.a(motors.o) (encAngle)
/usr/lib/gcc/avr/4.8.2/../../../avr/lib/avr5/libm.a(acos.o)
                              /home/james/workspace_old/RBELib/Release/libRBELib.a(ik.o) (acos)
/usr/lib/gcc/avr/4.8.2/../../../avr/lib/avr5/libm.a(addsf3.o)
                              ./main.o (__subsf3)
/usr/lib/gcc/avr/4.8.2/../../../avr/lib/avr5/libm.a(addsf3x.o)
                              /usr/lib/gcc/avr/4.8.2/../../../avr/lib/avr5/libm.a(acos.o) (__addsf3x)
/usr/lib/gcc/avr/4.8.2/../../../avr/lib/avr5/libm.a(atan2.o)
                              /home/james/workspace_old/RBELib/Release/libRBELib.a(ik.o) (atan2)
/usr/lib/gcc/avr/4.8.2/../../../avr/lib/avr5/libm.a(atan.o)
                              /usr/lib/gcc/avr/4.8.2/../../../avr/lib/avr5/libm.a(atan2.o) (atan)
/usr/lib/gcc/avr/4.8.2/../../../avr/lib/avr5/libm.a(cmpsf2.o)
                              /home/james/workspace_old/RBELib/Release/libRBELib.a(ik.o) (__ltsf2)
/usr/lib/gcc/avr/4.8.2/../../../avr/lib/avr5/libm.a(cos.o)
                              /home/james/workspace_old/RBELib/Release/libRBELib.a(forwardkin.o) (cos)
/usr/lib/gcc/avr/4.8.2/../../../avr/lib/avr5/libm.a(divsf3.o)
                              ./main.o (__divsf3)
/usr/lib/gcc/avr/4.8.2/../../../avr/lib/avr5/libm.a(divsf3x.o)
                              /usr/lib/gcc/avr/4.8.2/../../../avr/lib/avr5/libm.a(divsf3.o) (__divsf3x)
/usr/lib/gcc/avr/4.8.2/../../../avr/lib/avr5/libm.a(fixsfsi.o)
                              ./main.o (__fixsfsi)
/usr/lib/gcc/avr/4.8.2/../../../avr/lib/avr5/libm.a(fixunssfsi.o)
                              /usr/lib/gcc/avr/4.8.2/../../../avr/lib/avr5/libm.a(fixsfsi.o) (__fixunssfsi)
/usr/lib/gcc/avr/4.8.2/../../../avr/lib/avr5/libm.a(floatsisf.o)
                              ./main.o (__floatunsisf)
/usr/lib/gcc/avr/4.8.2/../../../avr/lib/avr5/libm.a(fp_arccos.o)
                              /usr/lib/gcc/avr/4.8.2/../../../avr/lib/avr5/libm.a(acos.o) (__fp_arccos)
/usr/lib/gcc/avr/4.8.2/../../../avr/lib/avr5/libm.a(fp_cmp.o)
                              /usr/lib/gcc/avr/4.8.2/../../../avr/lib/avr5/libm.a(cmpsf2.o) (__fp_cmp)
/usr/lib/gcc/avr/4.8.2/../../../avr/lib/avr5/libm.a(fp_inf.o)
                              /usr/lib/gcc/avr/4.8.2/../../../avr/lib/avr5/libm.a(addsf3x.o) (__fp_inf)
/usr/lib/gcc/avr/4.8.2/../../../avr/lib/avr5/libm.a(fp_nan.o)
                              /usr/lib/gcc/avr/4.8.2/../../../avr/lib/avr5/libm.a(addsf3x.o) (__fp_nan)
/usr/lib/gcc/avr/4.8.2/../../../avr/lib/avr5/libm.a(fp_powser.o)
                              /usr/lib/gcc/avr/4.8.2/../../../avr/lib/avr5/libm.a(atan.o) (__fp_powser)
/usr/lib/gcc/avr/4.8.2/../../../avr/lib/avr5/libm.a(fp_pscA.o)
                              /usr/lib/gcc/avr/4.8.2/../../../avr/lib/avr5/libm.a(addsf3x.o) (__fp_pscA)
[...]
Memory Configuration

Name             Origin             Length             Attributes
text             0x0000000000000000 0x0000000000020000 xr
data             0x0000000000800060 0x000000000000ffa0 rw !x
eeprom           0x0000000000810000 0x0000000000010000 rw !x
fuse             0x0000000000820000 0x0000000000000400 rw !x
lock             0x0000000000830000 0x0000000000000400 rw !x
signature        0x0000000000840000 0x0000000000000400 rw !x
user_signatures  0x0000000000850000 0x0000000000000400 rw !x
*default*        0x0000000000000000 0xffffffffffffffff

Linker script and memory map

Address of section .data set to 0x800100
LOAD /usr/lib/gcc/avr/4.8.2/../../../avr/lib/avr5/crtm644p.o
LOAD /usr/lib/gcc/avr/4.8.2/../../../avr/lib/avr5/libprintf_flt.a
LOAD /usr/lib/gcc/avr/4.8.2/../../../avr/lib/avr5/libm.a
LOAD ./main.o
LOAD /home/james/workspace_old/RBELib/Release/libRBELib.a
LOAD /usr/lib/gcc/avr/4.8.2/../../../avr/lib/avr5/libm.a
START GROUP
LOAD /usr/lib/gcc/avr/4.8.2/avr5/libgcc.a
LOAD /usr/lib/gcc/avr/4.8.2/../../../avr/lib/avr5/libm.a
LOAD /usr/lib/gcc/avr/4.8.2/../../../avr/lib/avr5/libc.a
END GROUP

.hash
 *(.hash)

.dynsym
 *(.dynsym)

.dynstr
 *(.dynstr)

.gnu.version
 *(.gnu.version)

.gnu.version_d
 *(.gnu.version_d)

.gnu.version_r
 *(.gnu.version_r)

.rel.init
 *(.rel.init)

.rela.init
 *(.rela.init)

.rel.text
 *(.rel.text)
 *(.rel.text.*)
 *(.rel.gnu.linkonce.t*)

.rela.text
 *(.rela.text)
 *(.rela.text.*)
 *(.rela.gnu.linkonce.t*)

.rel.fini
 *(.rel.fini)

.rela.fini
 *(.rela.fini)

.rel.rodata
 *(.rel.rodata)
 *(.rel.rodata.*)
 *(.rel.gnu.linkonce.r*)

.rela.rodata
 *(.rela.rodata)
 *(.rela.rodata.*)
 *(.rela.gnu.linkonce.r*)

.rel.data
 *(.rel.data)
 *(.rel.data.*)
 *(.rel.gnu.linkonce.d*)

.rela.data
 *(.rela.data)
 *(.rela.data.*)
 *(.rela.gnu.linkonce.d*)

.rel.ctors
 *(.rel.ctors)

.rela.ctors
 *(.rela.ctors)

.rel.dtors
 *(.rel.dtors)

.rela.dtors
 *(.rela.dtors)

.rel.got
 *(.rel.got)

.rela.got
 *(.rela.got)

.rel.bss
 *(.rel.bss)

.rela.bss
 *(.rela.bss)

.rel.plt
 *(.rel.plt)

.rela.plt
 *(.rela.plt)

.text           0x0000000000000000     0x3902
 *(.vectors)
 .vectors       0x0000000000000000       0x7c /usr/lib/gcc/avr/4.8.2/../../../avr/lib/avr5/crtm644p.o
                0x0000000000000000                __vectors
                0x0000000000000000                __vector_default
 *(.vectors)
 *(.progmem.gcc*)
 .progmem.gcc_fplib
                0x000000000000007c       0x2d /usr/lib/gcc/avr/4.8.2/../../../avr/lib/avr5/libm.a(atan.o)
 .progmem.gcc_fplib
                0x00000000000000a9       0x28 /usr/lib/gcc/avr/4.8.2/../../../avr/lib/avr5/libm.a(fp_arccos.o)
 .progmem.gcc_fplib
                0x00000000000000d1       0x1e /usr/lib/gcc/avr/4.8.2/../../../avr/lib/avr5/libm.a(fp_sinus.o)
 .progmem.gcc_fplib
                0x00000000000000ef       0x28 /usr/lib/gcc/avr/4.8.2/../../../avr/lib/avr5/libm.a(exp.o)
 .progmem.gcc_fplib
                0x0000000000000117       0x5a /usr/lib/gcc/avr/4.8.2/../../../avr/lib/avr5/libm.a(log.o)
 *(.progmem*)
 .progmem.data  0x0000000000000171        0x8 /usr/lib/gcc/avr/4.8.2/../../../avr/lib/avr5/libprintf_flt.a(vfprintf_flt.o)
 .progmem.data  0x0000000000000179       0xfa /usr/lib/gcc/avr/4.8.2/../../../avr/lib/avr5/libc.a(ftoa_engine.o)
                0x0000000000000274                . = ALIGN (0x2)
 *fill*         0x0000000000000273        0x1 
                0x0000000000000274                __trampolines_start = .
 *(.trampolines)
 .trampolines   0x0000000000000274        0x0 linker stubs
 *(.trampolines*)
                0x0000000000000274                __trampolines_end = .
 *(.jumptables)
 *(.jumptables*)
 *(.lowtext)
 *(.lowtext*)
                0x0000000000000274                __ctors_start = .
 *(.ctors)
                0x0000000000000274                __ctors_end = .
                0x0000000000000274                __dtors_start = .
 *(.dtors)
                0x0000000000000274                __dtors_end = .
 SORT(*)(.ctors)
 SORT(*)(.dtors)
 *(.init0)
 .init0         0x0000000000000274        0x0 /usr/lib/gcc/avr/4.8.2/../../../avr/lib/avr5/crtm644p.o
                0x0000000000000274                __init
 *(.init0)
 *(.init1)
 *(.init1)
 *(.init2)
 .init2         0x0000000000000274        0xc /usr/lib/gcc/avr/4.8.2/../../../avr/lib/avr5/crtm644p.o
 *(.init2)
 *(.init3)
 *(.init3)
 *(.init4)
 .init4         0x0000000000000280       0x16 /usr/lib/gcc/avr/4.8.2/avr5/libgcc.a(_copy_data.o)
                0x0000000000000280                __do_copy_data
 .init4         0x0000000000000296       0x10 /usr/lib/gcc/avr/4.8.2/avr5/libgcc.a(_clear_bss.o)
                0x0000000000000296                __do_clear_bss
 *(.init4)
 *(.init5)
 *(.init5)
 *(.init6)
 *(.init6)
 *(.init7)
 *(.init7)
 *(.init8)
 *(.init8)
 *(.init9)
 .init9         0x00000000000002a6        0x8 /usr/lib/gcc/avr/4.8.2/../../../avr/lib/avr5/crtm644p.o
 *(.init9)
 *(.text)
 .text          0x00000000000002ae        0x4 /usr/lib/gcc/avr/4.8.2/../../../avr/lib/avr5/crtm644p.o
                0x00000000000002ae                __vector_22
                0x00000000000002ae                __vector_28
                0x00000000000002ae                __vector_1
                0x00000000000002ae                __vector_12
                0x00000000000002ae                __bad_interrupt
                0x00000000000002ae                __vector_6
                0x00000000000002ae                __vector_3
                0x00000000000002ae                __vector_23
                0x00000000000002ae                __vector_30
                0x00000000000002ae                __vector_25
                0x00000000000002ae                __vector_11
                0x00000000000002ae                __vector_17
                0x00000000000002ae                __vector_19
                0x00000000000002ae                __vector_7
                0x00000000000002ae                __vector_27
                0x00000000000002ae                __vector_5
                0x00000000000002ae                __vector_4
                0x00000000000002ae                __vector_2
                0x00000000000002ae                __vector_21
                0x00000000000002ae                __vector_15
                0x00000000000002ae                __vector_29
                0x00000000000002ae                __vector_8
                0x00000000000002ae                __vector_26
                0x00000000000002ae                __vector_14
                0x00000000000002ae                __vector_10
                0x00000000000002ae                __vector_18
                0x00000000000002ae                __vector_20
 .text          0x00000000000002b2        0x0 /usr/lib/gcc/avr/4.8.2/../../../avr/lib/avr5/libprintf_flt.a(vfprintf_flt.o)
 .text          0x00000000000002b2        0x0 ./main.o
 .text          0x00000000000002b2        0x0 /home/james/workspace_old/RBELib/Release/libRBELib.a(ADC.o)
 .text          0x00000000000002b2        0x0 /home/james/workspace_old/RBELib/Release/libRBELib.a(DAC.o)
 .text          0x00000000000002b2        0x0 /home/james/workspace_old/RBELib/Release/libRBELib.a(Debug.o)
 .text          0x00000000000002b2        0x0 /home/james/workspace_old/RBELib/Release/libRBELib.a(PID.o)
 .text          0x00000000000002b2        0x0 /home/james/workspace_old/RBELib/Release/libRBELib.a(SPI.o)
 .text          0x00000000000002b2        0x0 /home/james/workspace_old/RBELib/Release/libRBELib.a(USARTDebug.o)
 .text          0x00000000000002b2        0x0 /home/james/workspace_old/RBELib/Release/libRBELib.a(constants.o)
 .text          0x00000000000002b2        0x0 /home/james/workspace_old/RBELib/Release/libRBELib.a(drive.o)
 .text          0x00000000000002b2        0x0 /home/james/workspace_old/RBELib/Release/libRBELib.a(forwardkin.o)
 .text          0x00000000000002b2        0x0 /home/james/workspace_old/RBELib/Release/libRBELib.a(ik.o)
 .text          0x00000000000002b2        0x0 /home/james/workspace_old/RBELib/Release/libRBELib.a(motors.o)
 .text          0x00000000000002b2        0x0 /home/james/workspace_old/RBELib/Release/libRBELib.a(pot.o)
 .text          0x00000000000002b2        0x0 /home/james/workspace_old/RBELib/Release/libRBELib.a(timer.o)
 .text          0x00000000000002b2        0x0 /home/james/workspace_old/RBELib/Release/libRBELib.a(util.o)
 .text          0x00000000000002b2        0x0 /home/james/workspace_old/RBELib/Release/libRBELib.a(SetServo.o)
 .text          0x00000000000002b2        0x0 /home/james/workspace_old/RBELib/Release/libRBELib.a(Periph.o)
 .text          0x00000000000002b2        0x0 /usr/lib/gcc/avr/4.8.2/../../../avr/lib/avr5/libm.a(acos.o)
 .text          0x00000000000002b2        0x0 /usr/lib/gcc/avr/4.8.2/../../../avr/lib/avr5/libm.a(addsf3.o)
 .text          0x00000000000002b2        0x0 /usr/lib/gcc/avr/4.8.2/../../../avr/lib/avr5/libm.a(addsf3x.o)
 .text          0x00000000000002b2        0x0 /usr/lib/gcc/avr/4.8.2/../../../avr/lib/avr5/libm.a(atan2.o)
 .text          0x00000000000002b2        0x0 /usr/lib/gcc/avr/4.8.2/../../../avr/lib/avr5/libm.a(atan.o)
 .text          0x00000000000002b2        0x0 /usr/lib/gcc/avr/4.8.2/../../../avr/lib/avr5/libm.a(cmpsf2.o)
 .text          0x00000000000002b2        0x0 /usr/lib/gcc/avr/4.8.2/../../../avr/lib/avr5/libm.a(cos.o)
 .text          0x00000000000002b2        0x0 /usr/lib/gcc/avr/4.8.2/../../../avr/lib/avr5/libm.a(divsf3.o)
 .text          0x00000000000002b2        0x0 /usr/lib/gcc/avr/4.8.2/../../../avr/lib/avr5/libm.a(divsf3x.o)
 .text          0x00000000000002b2        0x0 /usr/lib/gcc/avr/4.8.2/../../../avr/lib/avr5/libm.a(fixsfsi.o)
 .text          0x00000000000002b2        0x0 /usr/lib/gcc/avr/4.8.2/../../../avr/lib/avr5/libm.a(fixunssfsi.o)
 .text          0x00000000000002b2        0x0 /usr/lib/gcc/avr/4.8.2/../../../avr/lib/avr5/libm.a(floatsisf.o)
 .text          0x00000000000002b2        0x0 /usr/lib/gcc/avr/4.8.2/../../../avr/lib/avr5/libm.a(fp_arccos.o)
 .text          0x00000000000002b2        0x0 /usr/lib/gcc/avr/4.8.2/../../../avr/lib/avr5/libm.a(fp_cmp.o)
 .text          0x00000000000002b2        0x0 /usr/lib/gcc/avr/4.8.2/../../../avr/lib/avr5/libm.a(fp_inf.o)
 .text          0x00000000000002b2        0x0 /usr/lib/gcc/avr/4.8.2/../../../avr/lib/avr5/libm.a(fp_nan.o)
 .text          0x00000000000002b2        0x0 /usr/lib/gcc/avr/4.8.2/../../../avr/lib/avr5/libm.a(fp_powser.o)
 .text          0x00000000000002b2        0x0 /usr/lib/gcc/avr/4.8.2/../../../avr/lib/avr5/libm.a(fp_pscA.o)
 .text          0x00000000000002b2        0x0 /usr/lib/gcc/avr/4.8.2/../../../avr/lib/avr5/libm.a(fp_pscB.o)
 .text          0x00000000000002b2        0x0 /usr/lib/gcc/avr/4.8.2/../../../avr/lib/avr5/libm.a(fp_rempio2.o)
 .text          0x00000000000002b2        0x0 /usr/lib/gcc/avr/4.8.2/../../../avr/lib/avr5/libm.a(fp_round.o)
 .text          0x00000000000002b2        0x0 /usr/lib/gcc/avr/4.8.2/../../../avr/lib/avr5/libm.a(fp_sinus.o)
 .text          0x00000000000002b2        0x0 /usr/lib/gcc/avr/4.8.2/../../../avr/lib/avr5/libm.a(fp_split3.o)
 .text          0x00000000000002b2        0x0 /usr/lib/gcc/avr/4.8.2/../../../avr/lib/avr5/libm.a(fp_zero.o)
 .text          0x00000000000002b2        0x0 /usr/lib/gcc/avr/4.8.2/../../../avr/lib/avr5/libm.a(gesf2.o)
 .text          0x00000000000002b2        0x0 /usr/lib/gcc/avr/4.8.2/../../../avr/lib/avr5/libm.a(inverse.o)
 .text          0x00000000000002b2        0x0 /usr/lib/gcc/avr/4.8.2/../../../avr/lib/avr5/libm.a(mulsf3.o)
 .text          0x00000000000002b2        0x0 /usr/lib/gcc/avr/4.8.2/../../../avr/lib/avr5/libm.a(mulsf3x.o)
 .text          0x00000000000002b2        0x0 /usr/lib/gcc/avr/4.8.2/../../../avr/lib/avr5/libm.a(pow.o)
 .text          0x00000000000002b2        0x0 /usr/lib/gcc/avr/4.8.2/../../../avr/lib/avr5/libm.a(sin.o)
 .text          0x00000000000002b2        0x0 /usr/lib/gcc/avr/4.8.2/../../../avr/lib/avr5/libm.a(sqrt.o)
 .text          0x00000000000002b2        0x0 /usr/lib/gcc/avr/4.8.2/../../../avr/lib/avr5/libm.a(square.o)
 .text          0x00000000000002b2        0x0 /usr/lib/gcc/avr/4.8.2/../../../avr/lib/avr5/libm.a(unordsf2.o)
 .text          0x00000000000002b2        0x0 /usr/lib/gcc/avr/4.8.2/../../../avr/lib/avr5/libm.a(exp.o)
 .text          0x00000000000002b2        0x0 /usr/lib/gcc/avr/4.8.2/../../../avr/lib/avr5/libm.a(fp_mpack.o)
 .text          0x00000000000002b2        0x0 /usr/lib/gcc/avr/4.8.2/../../../avr/lib/avr5/libm.a(fp_norm2.o)
 .text          0x00000000000002b2        0x0 /usr/lib/gcc/avr/4.8.2/../../../avr/lib/avr5/libm.a(fp_powsodd.o)
 .text          0x00000000000002b2        0x0 /usr/lib/gcc/avr/4.8.2/../../../avr/lib/avr5/libm.a(ldexp.o)
 .text          0x00000000000002b2        0x0 /usr/lib/gcc/avr/4.8.2/../../../avr/lib/avr5/libm.a(log.o)
 .text          0x00000000000002b2        0x0 /usr/lib/gcc/avr/4.8.2/../../../avr/lib/avr5/libm.a(modf.o)
 .text          0x00000000000002b2        0x0 /usr/lib/gcc/avr/4.8.2/avr5/libgcc.a(_mulhisi3.o)
 .text          0x00000000000002b2        0x0 /usr/lib/gcc/avr/4.8.2/avr5/libgcc.a(_umulhisi3.o)
 .text          0x00000000000002b2        0x0 /usr/lib/gcc/avr/4.8.2/avr5/libgcc.a(_usmulhisi3.o)
 .text          0x00000000000002b2        0x0 /usr/lib/gcc/avr/4.8.2/avr5/libgcc.a(_muluhisi3.o)
 .text          0x00000000000002b2        0x0 /usr/lib/gcc/avr/4.8.2/avr5/libgcc.a(_mulshisi3.o)
 .text          0x00000000000002b2        0x0 /usr/lib/gcc/avr/4.8.2/avr5/libgcc.a(_divmodhi4.o)
 .text          0x00000000000002b2        0x0 /usr/lib/gcc/avr/4.8.2/avr5/libgcc.a(_udivmodsi4.o)
 .text          0x00000000000002b2        0x0 /usr/lib/gcc/avr/4.8.2/avr5/libgcc.a(_divmodsi4.o)
 .text          0x00000000000002b2        0x0 /usr/lib/gcc/avr/4.8.2/avr5/libgcc.a(_negsi2.o)
 .text          0x00000000000002b2        0x0 /usr/lib/gcc/avr/4.8.2/avr5/libgcc.a(_prologue.o)
 .text          0x00000000000002b2        0x0 /usr/lib/gcc/avr/4.8.2/avr5/libgcc.a(_epilogue.o)
 .text          0x00000000000002b2        0x0 /usr/lib/gcc/avr/4.8.2/avr5/libgcc.a(_exit.o)
 .text          0x00000000000002b2        0x0 /usr/lib/gcc/avr/4.8.2/avr5/libgcc.a(_copy_data.o)
 .text          0x00000000000002b2        0x0 /usr/lib/gcc/avr/4.8.2/avr5/libgcc.a(_clear_bss.o)
 .text          0x00000000000002b2        0x0 /usr/lib/gcc/avr/4.8.2/avr5/libgcc.a(_udivmodhi4.o)
 .text          0x00000000000002b2        0x0 /usr/lib/gcc/avr/4.8.2/../../../avr/lib/avr5/libc.a(ftoa_engine.o)
 .text          0x00000000000002b2        0x0 /usr/lib/gcc/avr/4.8.2/../../../avr/lib/avr5/libc.a(strnlen_P.o)
 .text          0x00000000000002b2        0x0 /usr/lib/gcc/avr/4.8.2/../../../avr/lib/avr5/libc.a(strnlen.o)
 .text          0x00000000000002b2        0x0 /usr/lib/gcc/avr/4.8.2/../../../avr/lib/avr5/libc.a(fputc.o)
 .text          0x00000000000002b2        0x0 /usr/lib/gcc/avr/4.8.2/../../../avr/lib/avr5/libc.a(iob.o)
 .text          0x00000000000002b2        0x0 /usr/lib/gcc/avr/4.8.2/../../../avr/lib/avr5/libc.a(printf.o)
 .text          0x00000000000002b2        0x0 /usr/lib/gcc/avr/4.8.2/../../../avr/lib/avr5/libc.a(puts.o)
 .text          0x00000000000002b2        0x0 /usr/lib/gcc/avr/4.8.2/../../../avr/lib/avr5/libc.a(sprintf.o)
 .text          0x00000000000002b2        0x0 /usr/lib/gcc/avr/4.8.2/../../../avr/lib/avr5/libc.a(ultoa_invert.o)
                0x00000000000002b2                . = ALIGN (0x2)
 *(.text.*)
 .text.avr-libc
                0x00000000000002b2      0x6f6 /usr/lib/gcc/avr/4.8.2/../../../avr/lib/avr5/libprintf_flt.a(vfprintf_flt.o)
                0x00000000000002b2                vfprintf
 .text.triangleDAC
                0x00000000000009a8       0x66 ./main.o
                0x00000000000009a8                triangleDAC
 .text.getP     0x0000000000000a0e       0x3c ./main.o
                0x0000000000000a0e                getP
 .text.getI     0x0000000000000a4a       0x24 ./main.o
                0x0000000000000a4a                getI
 .text.getD     0x0000000000000a6e       0x24 ./main.o
                0x0000000000000a6e                getD
 .text.runPID   0x0000000000000a92      0x578 ./main.o
                0x0000000000000a92                runPID
 .text.printADC
                0x000000000000100a       0x5e ./main.o
                0x000000000000100a                printADC
 .text.printCur
                0x0000000000001068       0x66 ./main.o
                0x0000000000001068                printCur
 .text.initAll  0x00000000000010ce       0x40 ./main.o
                0x00000000000010ce                initAll
 .text.printJoints
                0x000000000000110e       0xbe ./main.o
                0x000000000000110e                printJoints
 .text.startup.main
                0x00000000000011cc       0x42 ./main.o
                0x00000000000011cc                main
 .text.initADC  0x000000000000120e       0x6e /home/james/workspace_old/RBELib/Release/libRBELib.a(ADC.o)
                0x000000000000120e                initADC
 .text.clearADC
                0x000000000000127c       0x14 /home/james/workspace_old/RBELib/Release/libRBELib.a(ADC.o)
                0x000000000000127c                clearADC
 .text.getADCFree
                0x0000000000001290        0xa /home/james/workspace_old/RBELib/Release/libRBELib.a(ADC.o)
                0x0000000000001290                getADCFree
 .text.changeADC
                0x000000000000129a       0x1c /home/james/workspace_old/RBELib/Release/libRBELib.a(ADC.o)
                0x000000000000129a                changeADC
 .text.getADC   0x00000000000012b6       0x2a /home/james/workspace_old/RBELib/Release/libRBELib.a(ADC.o)
                0x00000000000012b6                getADC
 .text.setADCInterrupt
                0x00000000000012e0        0xa /home/james/workspace_old/RBELib/Release/libRBELib.a(ADC.o)
                0x00000000000012e0                setADCInterrupt
 .text.__vector_24
                0x00000000000012ea       0x52 /home/james/workspace_old/RBELib/Release/libRBELib.a(ADC.o)
                0x00000000000012ea                __vector_24
 .text.setDAC   0x000000000000133c       0x46 /home/james/workspace_old/RBELib/Release/libRBELib.a(DAC.o)
                0x000000000000133c                setDAC
 .text.resetDAC
                0x0000000000001382       0x56 /home/james/workspace_old/RBELib/Release/libRBELib.a(DAC.o)
                0x0000000000001382                resetDAC
 .text.printfRBE
                0x00000000000013d8        0xa /home/james/workspace_old/RBELib/Release/libRBELib.a(Debug.o)
                0x00000000000013d8                printfRBE
 .text.initRBELib
                0x00000000000013e2       0x18 /home/james/workspace_old/RBELib/Release/libRBELib.a(Debug.o)
                0x00000000000013e2                initRBELib
 .text.setConst
                0x00000000000013fa       0x84 /home/james/workspace_old/RBELib/Release/libRBELib.a(PID.o)
                0x00000000000013fa                setConst
 .text.calcPID  0x000000000000147e      0x2aa /home/james/workspace_old/RBELib/Release/libRBELib.a(PID.o)
                0x000000000000147e                calcPID
 .text.calcFF   0x0000000000001728       0x88 /home/james/workspace_old/RBELib/Release/libRBELib.a(PID.o)
                0x0000000000001728                calcFF
 .text.initSPI  0x00000000000017b0       0x98 /home/james/workspace_old/RBELib/Release/libRBELib.a(SPI.o)
                0x00000000000017b0                initSPI
 .text.setSPIClkDivide
                0x0000000000001848       0x22 /home/james/workspace_old/RBELib/Release/libRBELib.a(SPI.o)
                0x0000000000001848                setSPIClkDivide
 .text.spiTransceive
                0x000000000000186a        0xc /home/james/workspace_old/RBELib/Release/libRBELib.a(SPI.o)
                0x000000000000186a                spiTransceive
 .text.debugUSARTInit
                0x0000000000001876       0x38 /home/james/workspace_old/RBELib/Release/libRBELib.a(USARTDebug.o)
                0x0000000000001876                debugUSARTInit
 .text.putCharDebug
                0x00000000000018ae        0xe /home/james/workspace_old/RBELib/Release/libRBELib.a(USARTDebug.o)
                0x00000000000018ae                putCharDebug
 .text.getCharDebug
                0x00000000000018bc        0xe /home/james/workspace_old/RBELib/Release/libRBELib.a(USARTDebug.o)
                0x00000000000018bc                getCharDebug
 .text.setMotorVolts
                0x00000000000018ca       0x9c /home/james/workspace_old/RBELib/Release/libRBELib.a(drive.o)
                0x00000000000018ca                setMotorVolts
 .text.getCurrent
                0x0000000000001966       0x28 /home/james/workspace_old/RBELib/Release/libRBELib.a(drive.o)
                0x0000000000001966                getCurrent
 .text.getAvgCurrent
                0x000000000000198e       0x9a /home/james/workspace_old/RBELib/Release/libRBELib.a(drive.o)
                0x000000000000198e                getAvgCurrent
 .text.forward  0x0000000000001a28      0x15c /home/james/workspace_old/RBELib/Release/libRBELib.a(forwardkin.o)
                0x0000000000001a28                forward
 .text.inBounds
                0x0000000000001b84       0xca /home/james/workspace_old/RBELib/Release/libRBELib.a(ik.o)
                0x0000000000001b84                inBounds
 .text.getJoint
                0x0000000000001c4e      0x35c /home/james/workspace_old/RBELib/Release/libRBELib.a(ik.o)
                0x0000000000001c4e                getJoint
 .text.conveyorPos
                0x0000000000001faa       0x20 /home/james/workspace_old/RBELib/Release/libRBELib.a(ik.o)
                0x0000000000001faa                conveyorPos
 .text.liftArm  0x0000000000001fca       0x24 /home/james/workspace_old/RBELib/Release/libRBELib.a(ik.o)
                0x0000000000001fca                liftArm
 .text.writeManual
                0x0000000000001fee       0x1c /home/james/workspace_old/RBELib/Release/libRBELib.a(motors.o)
                0x0000000000001fee                writeManual
 .text.writeMotors
                0x000000000000200a       0x6c /home/james/workspace_old/RBELib/Release/libRBELib.a(motors.o)
                0x000000000000200a                writeMotors
 .text.initMotors
                0x0000000000002076       0xae /home/james/workspace_old/RBELib/Release/libRBELib.a(motors.o)
                0x0000000000002076                initMotors
 .text.getPos   0x0000000000002124       0x38 /home/james/workspace_old/RBELib/Release/libRBELib.a(motors.o)
                0x0000000000002124                getPos
 .text.motorISR
                0x000000000000215c      0x146 /home/james/workspace_old/RBELib/Release/libRBELib.a(motors.o)
                0x000000000000215c                motorISR
 .text.gotoXY   0x00000000000022a2       0x50 /home/james/workspace_old/RBELib/Release/libRBELib.a(motors.o)
                0x00000000000022a2                gotoXY
 .text.gotoAngles
                0x00000000000022f2       0x20 /home/james/workspace_old/RBELib/Release/libRBELib.a(motors.o)
                0x00000000000022f2                gotoAngles
 .text.getHundredths
                0x0000000000002312       0x12 /home/james/workspace_old/RBELib/Release/libRBELib.a(motors.o)
                0x0000000000002312                getHundredths
 .text.potAngle
                0x0000000000002324       0x84 /home/james/workspace_old/RBELib/Release/libRBELib.a(pot.o)
                0x0000000000002324                potAngle
 .text.potVolts
                0x00000000000023a8       0x1e /home/james/workspace_old/RBELib/Release/libRBELib.a(pot.o)
                0x00000000000023a8                potVolts
 .text.initTimer
                0x00000000000023c6       0xb4 /home/james/workspace_old/RBELib/Release/libRBELib.a(timer.o)
                0x00000000000023c6                initTimer
 .text.getTimer
                0x000000000000247a       0x2c /home/james/workspace_old/RBELib/Release/libRBELib.a(timer.o)
                0x000000000000247a                getTimer
 .text.initPWM  0x00000000000024a6       0x38 /home/james/workspace_old/RBELib/Release/libRBELib.a(timer.o)
                0x00000000000024a6                initPWM
 .text.setPWM   0x00000000000024de       0x2e /home/james/workspace_old/RBELib/Release/libRBELib.a(timer.o)
                0x00000000000024de                setPWM
 .text.setCompValue
                0x000000000000250c       0x44 /home/james/workspace_old/RBELib/Release/libRBELib.a(timer.o)
                0x000000000000250c                setCompValue
 .text.setTimerInterrupt
                0x0000000000002550       0x2a /home/james/workspace_old/RBELib/Release/libRBELib.a(timer.o)
                0x0000000000002550                setTimerInterrupt
 .text.__vector_16
                0x000000000000257a       0x52 /home/james/workspace_old/RBELib/Release/libRBELib.a(timer.o)
                0x000000000000257a                __vector_16
 .text.__vector_13
                0x00000000000025cc       0x52 /home/james/workspace_old/RBELib/Release/libRBELib.a(timer.o)
                0x00000000000025cc                __vector_13
 .text.__vector_9
                0x000000000000261e       0x52 /home/james/workspace_old/RBELib/Release/libRBELib.a(timer.o)
                0x000000000000261e                __vector_9
 .text.clipf    0x0000000000002670       0x6a /home/james/workspace_old/RBELib/Release/libRBELib.a(util.o)
                0x0000000000002670                clipf
 .text.clipi    0x00000000000026da       0x14 /home/james/workspace_old/RBELib/Release/libRBELib.a(util.o)
                0x00000000000026da                clipi
 .text.initAltCom
                0x00000000000026ee       0x38 /home/james/workspace_old/RBELib/Release/libRBELib.a(SetServo.o)
                0x00000000000026ee                initAltCom
 .text.setCharDebug
                0x0000000000002726        0xe /home/james/workspace_old/RBELib/Release/libRBELib.a(SetServo.o)
                0x0000000000002726                setCharDebug
 .text.coPrintf
                0x0000000000002734       0x18 /home/james/workspace_old/RBELib/Release/libRBELib.a(SetServo.o)
                0x0000000000002734                coPrintf
 .text.setServo
                0x000000000000274c       0x5c /home/james/workspace_old/RBELib/Release/libRBELib.a(SetServo.o)
                0x000000000000274c                setServo
 .text.servoGrab
                0x00000000000027a8       0x1a /home/james/workspace_old/RBELib/Release/libRBELib.a(SetServo.o)
                0x00000000000027a8                servoGrab
 .text.encCmd   0x00000000000027c2       0x76 /home/james/workspace_old/RBELib/Release/libRBELib.a(Periph.o)
                0x00000000000027c2                encCmd
 .text.encInit  0x0000000000002838       0x54 /home/james/workspace_old/RBELib/Release/libRBELib.a(Periph.o)
                0x0000000000002838                encInit
 .text.encCount
                0x000000000000288c       0x3c /home/james/workspace_old/RBELib/Release/libRBELib.a(Periph.o)
                0x000000000000288c                encCount
 .text.encAngle
                0x00000000000028c8       0x4a /home/james/workspace_old/RBELib/Release/libRBELib.a(Periph.o)
                0x00000000000028c8                encAngle
 .text.resetEncCount
                0x0000000000002912       0x14 /home/james/workspace_old/RBELib/Release/libRBELib.a(Periph.o)
                0x0000000000002912                resetEncCount
 .text.setEncCount
                0x0000000000002926       0x2c /home/james/workspace_old/RBELib/Release/libRBELib.a(Periph.o)
                0x0000000000002926                setEncCount
 .text.getAccelRaw
                0x0000000000002952       0x42 /home/james/workspace_old/RBELib/Release/libRBELib.a(Periph.o)
                0x0000000000002952                getAccelRaw
 .text.resetAccelRef
                0x0000000000002994       0x12 /home/james/workspace_old/RBELib/Release/libRBELib.a(Periph.o)
                0x0000000000002994                resetAccelRef
 .text.getAccel
                0x00000000000029a6       0x32 /home/james/workspace_old/RBELib/Release/libRBELib.a(Periph.o)
                0x00000000000029a6                getAccel
 .text.IRDist   0x00000000000029d8       0x66 /home/james/workspace_old/RBELib/Release/libRBELib.a(Periph.o)
                0x00000000000029d8                IRDist
 .text.avr-libc.fplib
                0x0000000000002a3e       0x1c /usr/lib/gcc/avr/4.8.2/../../../avr/lib/avr5/libm.a(acos.o)
                0x0000000000002a3e                acos
 .text.avr-libc.fplib
                0x0000000000002a5a        0xa /usr/lib/gcc/avr/4.8.2/../../../avr/lib/avr5/libm.a(addsf3.o)
                0x0000000000002a5a                __subsf3
                0x0000000000002a5c                __addsf3
 .text.avr-libc.fplib
                0x0000000000002a64       0xc0 /usr/lib/gcc/avr/4.8.2/../../../avr/lib/avr5/libm.a(addsf3x.o)
                0x0000000000002a7e                __addsf3x
 .text.avr-libc.fplib
                0x0000000000002b24       0x74 /usr/lib/gcc/avr/4.8.2/../../../avr/lib/avr5/libm.a(atan2.o)
                0x0000000000002b42                atan2
 .text.avr-libc.fplib
                0x0000000000002b98       0x50 /usr/lib/gcc/avr/4.8.2/../../../avr/lib/avr5/libm.a(atan.o)
                0x0000000000002b98                atan
 .text.avr-libc.fplib
                0x0000000000002be8        0x8 /usr/lib/gcc/avr/4.8.2/../../../avr/lib/avr5/libm.a(cmpsf2.o)
                0x0000000000002be8                __lesf2
                0x0000000000002be8                __nesf2
                0x0000000000002be8                __eqsf2
                0x0000000000002be8                __cmpsf2
                0x0000000000002be8                __ltsf2
 .text.avr-libc.fplib
                0x0000000000002bf0        0x6 /usr/lib/gcc/avr/4.8.2/../../../avr/lib/avr5/libm.a(cos.o)
                0x0000000000002bf0                cos
 .text.avr-libc.fplib
                0x0000000000002bf6        0x4 /usr/lib/gcc/avr/4.8.2/../../../avr/lib/avr5/libm.a(divsf3.o)
                0x0000000000002bf6                __divsf3
 .text.avr-libc.fplib
                0x0000000000002bfa       0xcc /usr/lib/gcc/avr/4.8.2/../../../avr/lib/avr5/libm.a(divsf3x.o)
                0x0000000000002c10                __divsf3x
                0x0000000000002c14                __divsf3_pse
 .text.avr-libc.fplib
                0x0000000000002cc6        0xa /usr/lib/gcc/avr/4.8.2/../../../avr/lib/avr5/libm.a(fixsfsi.o)
                0x0000000000002cc6                __fixsfsi
 .text.avr-libc.fplib
                0x0000000000002cd0       0x58 /usr/lib/gcc/avr/4.8.2/../../../avr/lib/avr5/libm.a(fixunssfsi.o)
                0x0000000000002cd0                __fixunssfsi
 .text.avr-libc.fplib
                0x0000000000002d28       0x7a /usr/lib/gcc/avr/4.8.2/../../../avr/lib/avr5/libm.a(floatsisf.o)
                0x0000000000002d28                __floatunsisf
                0x0000000000002d2c                __floatsisf
 .text.avr-libc.fplib
                0x0000000000002da2       0x36 /usr/lib/gcc/avr/4.8.2/../../../avr/lib/avr5/libm.a(fp_arccos.o)
                0x0000000000002da2                __fp_arccos
 .text.avr-libc.fplib
                0x0000000000002dd8       0x48 /usr/lib/gcc/avr/4.8.2/../../../avr/lib/avr5/libm.a(fp_cmp.o)
                0x0000000000002dd8                __fp_cmp
 .text.avr-libc.fplib
                0x0000000000002e20        0xc /usr/lib/gcc/avr/4.8.2/../../../avr/lib/avr5/libm.a(fp_inf.o)
                0x0000000000002e20                __fp_inf
 .text.avr-libc.fplib
                0x0000000000002e2c        0x6 /usr/lib/gcc/avr/4.8.2/../../../avr/lib/avr5/libm.a(fp_nan.o)
                0x0000000000002e2c                __fp_nan
 .text.avr-libc.fplib
                0x0000000000002e32       0x4a /usr/lib/gcc/avr/4.8.2/../../../avr/lib/avr5/libm.a(fp_powser.o)
                0x0000000000002e32                __fp_powser
 .text.avr-libc.fplib
                0x0000000000002e7c        0xe /usr/lib/gcc/avr/4.8.2/../../../avr/lib/avr5/libm.a(fp_pscA.o)
                0x0000000000002e7c                __fp_pscA
 .text.avr-libc.fplib
                0x0000000000002e8a        0xe /usr/lib/gcc/avr/4.8.2/../../../avr/lib/avr5/libm.a(fp_pscB.o)
                0x0000000000002e8a                __fp_pscB
 .text.avr-libc.fplib
                0x0000000000002e98       0x50 /usr/lib/gcc/avr/4.8.2/../../../avr/lib/avr5/libm.a(fp_rempio2.o)
                0x0000000000002e9a                __fp_rempio2
 .text.avr-libc.fplib
                0x0000000000002ee8       0x22 /usr/lib/gcc/avr/4.8.2/../../../avr/lib/avr5/libm.a(fp_round.o)
                0x0000000000002ee8                __fp_round
 .text.avr-libc.fplib
                0x0000000000002f0a       0x22 /usr/lib/gcc/avr/4.8.2/../../../avr/lib/avr5/libm.a(fp_sinus.o)
                0x0000000000002f0a                __fp_sinus
 .text.avr-libc.fplib
                0x0000000000002f2c       0x44 /usr/lib/gcc/avr/4.8.2/../../../avr/lib/avr5/libm.a(fp_split3.o)
                0x0000000000002f2c                __fp_split3
                0x0000000000002f3c                __fp_splitA
 .text.avr-libc.fplib
                0x0000000000002f70        0xe /usr/lib/gcc/avr/4.8.2/../../../avr/lib/avr5/libm.a(fp_zero.o)
                0x0000000000002f70                __fp_zero
                0x0000000000002f72                __fp_szero
 .text.avr-libc.fplib
                0x0000000000002f7e        0x8 /usr/lib/gcc/avr/4.8.2/../../../avr/lib/avr5/libm.a(gesf2.o)
                0x0000000000002f7e                __gtsf2
                0x0000000000002f7e                __gesf2
 .text.avr-libc.fplib
                0x0000000000002f86        0xe /usr/lib/gcc/avr/4.8.2/../../../avr/lib/avr5/libm.a(inverse.o)
                0x0000000000002f86                inverse
 .text.avr-libc.fplib
                0x0000000000002f94        0x4 /usr/lib/gcc/avr/4.8.2/../../../avr/lib/avr5/libm.a(mulsf3.o)
                0x0000000000002f94                __mulsf3
 .text.avr-libc.fplib
                0x0000000000002f98       0xc2 /usr/lib/gcc/avr/4.8.2/../../../avr/lib/avr5/libm.a(mulsf3x.o)
                0x0000000000002fac                __mulsf3x
                0x0000000000002fb0                __mulsf3_pse
 .text.avr-libc.fplib
                0x000000000000305a       0x98 /usr/lib/gcc/avr/4.8.2/../../../avr/lib/avr5/libm.a(pow.o)
                0x000000000000305a                pow
 .text.avr-libc.fplib
                0x00000000000030f2        0xc /usr/lib/gcc/avr/4.8.2/../../../avr/lib/avr5/libm.a(sin.o)
                0x00000000000030f2                sin
 .text.avr-libc.fplib
                0x00000000000030fe       0x84 /usr/lib/gcc/avr/4.8.2/../../../avr/lib/avr5/libm.a(sqrt.o)
                0x0000000000003106                sqrt
 .text.avr-libc.fplib
                0x0000000000003182        0x6 /usr/lib/gcc/avr/4.8.2/../../../avr/lib/avr5/libm.a(square.o)
                0x0000000000003182                square
 .text.avr-libc.fplib
                0x0000000000003188        0x8 /usr/lib/gcc/avr/4.8.2/../../../avr/lib/avr5/libm.a(unordsf2.o)
                0x0000000000003188                __unordsf2
 .text.avr-libc.fplib
                0x0000000000003190       0x62 /usr/lib/gcc/avr/4.8.2/../../../avr/lib/avr5/libm.a(exp.o)
                0x000000000000319a                exp
 .text.avr-libc.fplib
                0x00000000000031f2       0x1c /usr/lib/gcc/avr/4.8.2/../../../avr/lib/avr5/libm.a(fp_mpack.o)
                0x00000000000031f2                __fp_mpack
                0x00000000000031f6                __fp_mpack_finite
 .text.avr-libc.fplib
                0x000000000000320e        0xe /usr/lib/gcc/avr/4.8.2/../../../avr/lib/avr5/libm.a(fp_norm2.o)
                0x000000000000320e                __fp_norm2
 .text.avr-libc.fplib
                0x000000000000321c       0x22 /usr/lib/gcc/avr/4.8.2/../../../avr/lib/avr5/libm.a(fp_powsodd.o)
                0x000000000000321c                __fp_powsodd
 .text.avr-libc.fplib
                0x000000000000323e       0x6c /usr/lib/gcc/avr/4.8.2/../../../avr/lib/avr5/libm.a(ldexp.o)
                0x0000000000003242                ldexp
 .text.avr-libc.fplib
                0x00000000000032aa       0x8a /usr/lib/gcc/avr/4.8.2/../../../avr/lib/avr5/libm.a(log.o)
                0x00000000000032b4                log
 .text.avr-libc.fplib
                0x0000000000003334       0x66 /usr/lib/gcc/avr/4.8.2/../../../avr/lib/avr5/libm.a(modf.o)
                0x0000000000003334                modff
                0x0000000000003334                modf
 .text.libgcc.mul
                0x000000000000339a       0x10 /usr/lib/gcc/avr/4.8.2/avr5/libgcc.a(_mulhisi3.o)
                0x000000000000339a                __mulhisi3
 .text.libgcc.div
                0x00000000000033aa        0x0 /usr/lib/gcc/avr/4.8.2/avr5/libgcc.a(_mulhisi3.o)
 .text.libgcc   0x00000000000033aa        0x0 /usr/lib/gcc/avr/4.8.2/avr5/libgcc.a(_mulhisi3.o)
 .text.libgcc.prologue
                0x00000000000033aa        0x0 /usr/lib/gcc/avr/4.8.2/avr5/libgcc.a(_mulhisi3.o)
 .text.libgcc.builtins
                0x00000000000033aa        0x0 /usr/lib/gcc/avr/4.8.2/avr5/libgcc.a(_mulhisi3.o)
 .text.libgcc.fmul
                0x00000000000033aa        0x0 /usr/lib/gcc/avr/4.8.2/avr5/libgcc.a(_mulhisi3.o)
 .text.libgcc.fixed
                0x00000000000033aa        0x0 /usr/lib/gcc/avr/4.8.2/avr5/libgcc.a(_mulhisi3.o)
 .text.libgcc.mul
                0x00000000000033aa       0x1e /usr/lib/gcc/avr/4.8.2/avr5/libgcc.a(_umulhisi3.o)
                0x00000000000033aa                __umulhisi3
 .text.libgcc.div
                0x00000000000033c8        0x0 /usr/lib/gcc/avr/4.8.2/avr5/libgcc.a(_umulhisi3.o)
 .text.libgcc   0x00000000000033c8        0x0 /usr/lib/gcc/avr/4.8.2/avr5/libgcc.a(_umulhisi3.o)
 .text.libgcc.prologue
                0x00000000000033c8        0x0 /usr/lib/gcc/avr/4.8.2/avr5/libgcc.a(_umulhisi3.o)
 .text.libgcc.builtins
                0x00000000000033c8        0x0 /usr/lib/gcc/avr/4.8.2/avr5/libgcc.a(_umulhisi3.o)
 .text.libgcc.fmul
                0x00000000000033c8        0x0 /usr/lib/gcc/avr/4.8.2/avr5/libgcc.a(_umulhisi3.o)
 .text.libgcc.fixed
                0x00000000000033c8        0x0 /usr/lib/gcc/avr/4.8.2/avr5/libgcc.a(_umulhisi3.o)
 .text.libgcc.mul
                0x00000000000033c8        0xe /usr/lib/gcc/avr/4.8.2/avr5/libgcc.a(_usmulhisi3.o)
                0x00000000000033c8                __usmulhisi3
                0x00000000000033cc                __usmulhisi3_tail
 .text.libgcc.div
                0x00000000000033d6        0x0 /usr/lib/gcc/avr/4.8.2/avr5/libgcc.a(_usmulhisi3.o)
 .text.libgcc   0x00000000000033d6        0x0 /usr/lib/gcc/avr/4.8.2/avr5/libgcc.a(_usmulhisi3.o)
 .text.libgcc.prologue
                0x00000000000033d6        0x0 /usr/lib/gcc/avr/4.8.2/avr5/libgcc.a(_usmulhisi3.o)
 .text.libgcc.builtins
                0x00000000000033d6        0x0 /usr/lib/gcc/avr/4.8.2/avr5/libgcc.a(_usmulhisi3.o)
 .text.libgcc.fmul
                0x00000000000033d6        0x0 /usr/lib/gcc/avr/4.8.2/avr5/libgcc.a(_usmulhisi3.o)
 .text.libgcc.fixed
                0x00000000000033d6        0x0 /usr/lib/gcc/avr/4.8.2/avr5/libgcc.a(_usmulhisi3.o)
 .text.libgcc.mul
                0x00000000000033d6       0x16 /usr/lib/gcc/avr/4.8.2/avr5/libgcc.a(_muluhisi3.o)
                0x00000000000033d6                __muluhisi3
 .text.libgcc.div
                0x00000000000033ec        0x0 /usr/lib/gcc/avr/4.8.2/avr5/libgcc.a(_muluhisi3.o)
 .text.libgcc   0x00000000000033ec        0x0 /usr/lib/gcc/avr/4.8.2/avr5/libgcc.a(_muluhisi3.o)
 .text.libgcc.prologue
                0x00000000000033ec        0x0 /usr/lib/gcc/avr/4.8.2/avr5/libgcc.a(_muluhisi3.o)
 .text.libgcc.builtins
                0x00000000000033ec        0x0 /usr/lib/gcc/avr/4.8.2/avr5/libgcc.a(_muluhisi3.o)
 .text.libgcc.fmul
                0x00000000000033ec        0x0 /usr/lib/gcc/avr/4.8.2/avr5/libgcc.a(_muluhisi3.o)
 .text.libgcc.fixed
                0x00000000000033ec        0x0 /usr/lib/gcc/avr/4.8.2/avr5/libgcc.a(_muluhisi3.o)
 .text.libgcc.mul
                0x00000000000033ec       0x10 /usr/lib/gcc/avr/4.8.2/avr5/libgcc.a(_mulshisi3.o)
                0x00000000000033ec                __mulshisi3
                0x00000000000033f2                __mulohisi3
 .text.libgcc.div
                0x00000000000033fc        0x0 /usr/lib/gcc/avr/4.8.2/avr5/libgcc.a(_mulshisi3.o)
 .text.libgcc   0x00000000000033fc        0x0 /usr/lib/gcc/avr/4.8.2/avr5/libgcc.a(_mulshisi3.o)
 .text.libgcc.prologue
                0x00000000000033fc        0x0 /usr/lib/gcc/avr/4.8.2/avr5/libgcc.a(_mulshisi3.o)
 .text.libgcc.builtins
                0x00000000000033fc        0x0 /usr/lib/gcc/avr/4.8.2/avr5/libgcc.a(_mulshisi3.o)
 .text.libgcc.fmul
                0x00000000000033fc        0x0 /usr/lib/gcc/avr/4.8.2/avr5/libgcc.a(_mulshisi3.o)
 .text.libgcc.fixed
                0x00000000000033fc        0x0 /usr/lib/gcc/avr/4.8.2/avr5/libgcc.a(_mulshisi3.o)
 .text.libgcc.mul
                0x00000000000033fc        0x0 /usr/lib/gcc/avr/4.8.2/avr5/libgcc.a(_divmodhi4.o)
 .text.libgcc.div
                0x00000000000033fc       0x28 /usr/lib/gcc/avr/4.8.2/avr5/libgcc.a(_divmodhi4.o)
                0x00000000000033fc                __divmodhi4
                0x00000000000033fc                _div
 .text.libgcc   0x0000000000003424        0x0 /usr/lib/gcc/avr/4.8.2/avr5/libgcc.a(_divmodhi4.o)
 .text.libgcc.prologue
                0x0000000000003424        0x0 /usr/lib/gcc/avr/4.8.2/avr5/libgcc.a(_divmodhi4.o)
 .text.libgcc.builtins
                0x0000000000003424        0x0 /usr/lib/gcc/avr/4.8.2/avr5/libgcc.a(_divmodhi4.o)
 .text.libgcc.fmul
                0x0000000000003424        0x0 /usr/lib/gcc/avr/4.8.2/avr5/libgcc.a(_divmodhi4.o)
 .text.libgcc.fixed
                0x0000000000003424        0x0 /usr/lib/gcc/avr/4.8.2/avr5/libgcc.a(_divmodhi4.o)
 .text.libgcc.mul
                0x0000000000003424        0x0 /usr/lib/gcc/avr/4.8.2/avr5/libgcc.a(_udivmodsi4.o)
 .text.libgcc.div
                0x0000000000003424       0x44 /usr/lib/gcc/avr/4.8.2/avr5/libgcc.a(_udivmodsi4.o)
                0x0000000000003424                __udivmodsi4
 .text.libgcc   0x0000000000003468        0x0 /usr/lib/gcc/avr/4.8.2/avr5/libgcc.a(_udivmodsi4.o)
 .text.libgcc.prologue
                0x0000000000003468        0x0 /usr/lib/gcc/avr/4.8.2/avr5/libgcc.a(_udivmodsi4.o)
 .text.libgcc.builtins
                0x0000000000003468        0x0 /usr/lib/gcc/avr/4.8.2/avr5/libgcc.a(_udivmodsi4.o)
 .text.libgcc.fmul
                0x0000000000003468        0x0 /usr/lib/gcc/avr/4.8.2/avr5/libgcc.a(_udivmodsi4.o)
 .text.libgcc.fixed
                0x0000000000003468        0x0 /usr/lib/gcc/avr/4.8.2/avr5/libgcc.a(_udivmodsi4.o)
 .text.libgcc.mul
                0x0000000000003468        0x0 /usr/lib/gcc/avr/4.8.2/avr5/libgcc.a(_divmodsi4.o)
 .text.libgcc.div
                0x0000000000003468       0x2e /usr/lib/gcc/avr/4.8.2/avr5/libgcc.a(_divmodsi4.o)
                0x0000000000003468                __divmodsi4
 .text.libgcc   0x0000000000003496        0x0 /usr/lib/gcc/avr/4.8.2/avr5/libgcc.a(_divmodsi4.o)
 .text.libgcc.prologue
                0x0000000000003496        0x0 /usr/lib/gcc/avr/4.8.2/avr5/libgcc.a(_divmodsi4.o)
 .text.libgcc.builtins
                0x0000000000003496        0x0 /usr/lib/gcc/avr/4.8.2/avr5/libgcc.a(_divmodsi4.o)
 .text.libgcc.fmul
                0x0000000000003496        0x0 /usr/lib/gcc/avr/4.8.2/avr5/libgcc.a(_divmodsi4.o)
 .text.libgcc.fixed
                0x0000000000003496        0x0 /usr/lib/gcc/avr/4.8.2/avr5/libgcc.a(_divmodsi4.o)
 .text.libgcc.mul
                0x0000000000003496        0x0 /usr/lib/gcc/avr/4.8.2/avr5/libgcc.a(_negsi2.o)
 .text.libgcc.div
                0x0000000000003496       0x10 /usr/lib/gcc/avr/4.8.2/avr5/libgcc.a(_negsi2.o)
                0x0000000000003496                __negsi2
 .text.libgcc   0x00000000000034a6        0x0 /usr/lib/gcc/avr/4.8.2/avr5/libgcc.a(_negsi2.o)
 .text.libgcc.prologue
                0x00000000000034a6        0x0 /usr/lib/gcc/avr/4.8.2/avr5/libgcc.a(_negsi2.o)
 .text.libgcc.builtins
                0x00000000000034a6        0x0 /usr/lib/gcc/avr/4.8.2/avr5/libgcc.a(_negsi2.o)
 .text.libgcc.fmul
                0x00000000000034a6        0x0 /usr/lib/gcc/avr/4.8.2/avr5/libgcc.a(_negsi2.o)
 .text.libgcc.fixed
                0x00000000000034a6        0x0 /usr/lib/gcc/avr/4.8.2/avr5/libgcc.a(_negsi2.o)
 .text.libgcc.mul
                0x00000000000034a6        0x0 /usr/lib/gcc/avr/4.8.2/avr5/libgcc.a(_prologue.o)
 .text.libgcc.div
                0x00000000000034a6        0x0 /usr/lib/gcc/avr/4.8.2/avr5/libgcc.a(_prologue.o)
 .text.libgcc   0x00000000000034a6        0x0 /usr/lib/gcc/avr/4.8.2/avr5/libgcc.a(_prologue.o)
 .text.libgcc.prologue
                0x00000000000034a6       0x38 /usr/lib/gcc/avr/4.8.2/avr5/libgcc.a(_prologue.o)
                0x00000000000034a6                __prologue_saves__
 .text.libgcc.builtins
                0x00000000000034de        0x0 /usr/lib/gcc/avr/4.8.2/avr5/libgcc.a(_prologue.o)
 .text.libgcc.fmul
                0x00000000000034de        0x0 /usr/lib/gcc/avr/4.8.2/avr5/libgcc.a(_prologue.o)
 .text.libgcc.fixed
                0x00000000000034de        0x0 /usr/lib/gcc/avr/4.8.2/avr5/libgcc.a(_prologue.o)
 .text.libgcc.mul
                0x00000000000034de        0x0 /usr/lib/gcc/avr/4.8.2/avr5/libgcc.a(_epilogue.o)
 .text.libgcc.div
                0x00000000000034de        0x0 /usr/lib/gcc/avr/4.8.2/avr5/libgcc.a(_epilogue.o)
 .text.libgcc   0x00000000000034de        0x0 /usr/lib/gcc/avr/4.8.2/avr5/libgcc.a(_epilogue.o)
 .text.libgcc.prologue
                0x00000000000034de       0x36 /usr/lib/gcc/avr/4.8.2/avr5/libgcc.a(_epilogue.o)
                0x00000000000034de                __epilogue_restores__
 .text.libgcc.builtins
                0x0000000000003514        0x0 /usr/lib/gcc/avr/4.8.2/avr5/libgcc.a(_epilogue.o)
 .text.libgcc.fmul
                0x0000000000003514        0x0 /usr/lib/gcc/avr/4.8.2/avr5/libgcc.a(_epilogue.o)
 .text.libgcc.fixed
                0x0000000000003514        0x0 /usr/lib/gcc/avr/4.8.2/avr5/libgcc.a(_epilogue.o)
 .text.libgcc.mul
                0x0000000000003514        0x0 /usr/lib/gcc/avr/4.8.2/avr5/libgcc.a(_exit.o)
 .text.libgcc.div
                0x0000000000003514        0x0 /usr/lib/gcc/avr/4.8.2/avr5/libgcc.a(_exit.o)
 .text.libgcc   0x0000000000003514        0x0 /usr/lib/gcc/avr/4.8.2/avr5/libgcc.a(_exit.o)
 .text.libgcc.prologue
                0x0000000000003514        0x0 /usr/lib/gcc/avr/4.8.2/avr5/libgcc.a(_exit.o)
 .text.libgcc.builtins
                0x0000000000003514        0x0 /usr/lib/gcc/avr/4.8.2/avr5/libgcc.a(_exit.o)
 .text.libgcc.fmul
                0x0000000000003514        0x0 /usr/lib/gcc/avr/4.8.2/avr5/libgcc.a(_exit.o)
 .text.libgcc.fixed
                0x0000000000003514        0x0 /usr/lib/gcc/avr/4.8.2/avr5/libgcc.a(_exit.o)
 .text.libgcc.mul
                0x0000000000003514        0x0 /usr/lib/gcc/avr/4.8.2/avr5/libgcc.a(_copy_data.o)
 .text.libgcc.div
                0x0000000000003514        0x0 /usr/lib/gcc/avr/4.8.2/avr5/libgcc.a(_copy_data.o)
 .text.libgcc   0x0000000000003514        0x0 /usr/lib/gcc/avr/4.8.2/avr5/libgcc.a(_copy_data.o)
 .text.libgcc.prologue
                0x0000000000003514        0x0 /usr/lib/gcc/avr/4.8.2/avr5/libgcc.a(_copy_data.o)
 .text.libgcc.builtins
                0x0000000000003514        0x0 /usr/lib/gcc/avr/4.8.2/avr5/libgcc.a(_copy_data.o)
 .text.libgcc.fmul
                0x0000000000003514        0x0 /usr/lib/gcc/avr/4.8.2/avr5/libgcc.a(_copy_data.o)
 .text.libgcc.fixed
                0x0000000000003514        0x0 /usr/lib/gcc/avr/4.8.2/avr5/libgcc.a(_copy_data.o)
 .text.libgcc.mul
                0x0000000000003514        0x0 /usr/lib/gcc/avr/4.8.2/avr5/libgcc.a(_clear_bss.o)
 .text.libgcc.div
                0x0000000000003514        0x0 /usr/lib/gcc/avr/4.8.2/avr5/libgcc.a(_clear_bss.o)
 .text.libgcc   0x0000000000003514        0x0 /usr/lib/gcc/avr/4.8.2/avr5/libgcc.a(_clear_bss.o)
 .text.libgcc.prologue
                0x0000000000003514        0x0 /usr/lib/gcc/avr/4.8.2/avr5/libgcc.a(_clear_bss.o)
 .text.libgcc.builtins
                0x0000000000003514        0x0 /usr/lib/gcc/avr/4.8.2/avr5/libgcc.a(_clear_bss.o)
 .text.libgcc.fmul
                0x0000000000003514        0x0 /usr/lib/gcc/avr/4.8.2/avr5/libgcc.a(_clear_bss.o)
 .text.libgcc.fixed
                0x0000000000003514        0x0 /usr/lib/gcc/avr/4.8.2/avr5/libgcc.a(_clear_bss.o)
 .text.libgcc.mul
                0x0000000000003514        0x0 /usr/lib/gcc/avr/4.8.2/avr5/libgcc.a(_udivmodhi4.o)
 .text.libgcc.div
                0x0000000000003514       0x28 /usr/lib/gcc/avr/4.8.2/avr5/libgcc.a(_udivmodhi4.o)
                0x0000000000003514                __udivmodhi4
 .text.libgcc   0x000000000000353c        0x0 /usr/lib/gcc/avr/4.8.2/avr5/libgcc.a(_udivmodhi4.o)
 .text.libgcc.prologue
                0x000000000000353c        0x0 /usr/lib/gcc/avr/4.8.2/avr5/libgcc.a(_udivmodhi4.o)
 .text.libgcc.builtins
                0x000000000000353c        0x0 /usr/lib/gcc/avr/4.8.2/avr5/libgcc.a(_udivmodhi4.o)
 .text.libgcc.fmul
                0x000000000000353c        0x0 /usr/lib/gcc/avr/4.8.2/avr5/libgcc.a(_udivmodhi4.o)
 .text.libgcc.fixed
                0x000000000000353c        0x0 /usr/lib/gcc/avr/4.8.2/avr5/libgcc.a(_udivmodhi4.o)
 .text.avr-libc
                0x000000000000353c      0x1b0 /usr/lib/gcc/avr/4.8.2/../../../avr/lib/avr5/libc.a(ftoa_engine.o)
                0x000000000000353c                __ftoa_engine
 .text.avr-libc
                0x00000000000036ec       0x16 /usr/lib/gcc/avr/4.8.2/../../../avr/lib/avr5/libc.a(strnlen_P.o)
                0x00000000000036ec                strnlen_P
 .text.avr-libc
                0x0000000000003702       0x16 /usr/lib/gcc/avr/4.8.2/../../../avr/lib/avr5/libc.a(strnlen.o)
                0x0000000000003702                strnlen
 .text.avr-libc
                0x0000000000003718       0x64 /usr/lib/gcc/avr/4.8.2/../../../avr/lib/avr5/libc.a(fputc.o)
                0x0000000000003718                fputc
 .text.avr-libc
                0x000000000000377c       0x28 /usr/lib/gcc/avr/4.8.2/../../../avr/lib/avr5/libc.a(printf.o)
                0x000000000000377c                printf
 .text.avr-libc
                0x00000000000037a4       0x5a /usr/lib/gcc/avr/4.8.2/../../../avr/lib/avr5/libc.a(puts.o)
                0x00000000000037a4                puts
 .text.avr-libc
                0x00000000000037fe       0x44 /usr/lib/gcc/avr/4.8.2/../../../avr/lib/avr5/libc.a(sprintf.o)
                0x00000000000037fe                sprintf
 .text.avr-libc
                0x0000000000003842       0xbc /usr/lib/gcc/avr/4.8.2/../../../avr/lib/avr5/libc.a(ultoa_invert.o)
                0x0000000000003842                __ultoa_invert
                0x00000000000038fe                . = ALIGN (0x2)
 *(.fini9)
 .fini9         0x00000000000038fe        0x0 /usr/lib/gcc/avr/4.8.2/avr5/libgcc.a(_exit.o)
                0x00000000000038fe                exit
                0x00000000000038fe                _exit
 *(.fini9)
 *(.fini8)
 *(.fini8)
 *(.fini7)
 *(.fini7)
 *(.fini6)
 *(.fini6)
 *(.fini5)
 *(.fini5)
 *(.fini4)
 *(.fini4)
 *(.fini3)
 *(.fini3)
 *(.fini2)
 *(.fini2)
 *(.fini1)
 *(.fini1)
 *(.fini0)
 .fini0         0x00000000000038fe        0x4 /usr/lib/gcc/avr/4.8.2/avr5/libgcc.a(_exit.o)
 *(.fini0)
                0x0000000000003902                _etext = .

.data           0x0000000000800100       0xf2 load address 0x0000000000003902
                0x0000000000800100                PROVIDE (__data_start, .)
 *(.data)
 .data          0x0000000000800100        0x0 /usr/lib/gcc/avr/4.8.2/../../../avr/lib/avr5/crtm644p.o
 .data          0x0000000000800100        0x0 /usr/lib/gcc/avr/4.8.2/../../../avr/lib/avr5/libprintf_flt.a(vfprintf_flt.o)
 .data          0x0000000000800100        0x0 ./main.o
 .data          0x0000000000800100        0x0 /home/james/workspace_old/RBELib/Release/libRBELib.a(ADC.o)
 .data          0x0000000000800100        0x0 /home/james/workspace_old/RBELib/Release/libRBELib.a(DAC.o)
 .data          0x0000000000800100        0x0 /home/james/workspace_old/RBELib/Release/libRBELib.a(Debug.o)
 .data          0x0000000000800100        0x0 /home/james/workspace_old/RBELib/Release/libRBELib.a(PID.o)
 .data          0x0000000000800100        0x0 /home/james/workspace_old/RBELib/Release/libRBELib.a(SPI.o)
 .data          0x0000000000800100        0x0 /home/james/workspace_old/RBELib/Release/libRBELib.a(USARTDebug.o)
 .data          0x0000000000800100        0x0 /home/james/workspace_old/RBELib/Release/libRBELib.a(constants.o)
 .data          0x0000000000800100        0x0 /home/james/workspace_old/RBELib/Release/libRBELib.a(drive.o)
 .data          0x0000000000800100        0x0 /home/james/workspace_old/RBELib/Release/libRBELib.a(forwardkin.o)
 .data          0x0000000000800100        0x0 /home/james/workspace_old/RBELib/Release/libRBELib.a(ik.o)
 .data          0x0000000000800100        0x0 /home/james/workspace_old/RBELib/Release/libRBELib.a(motors.o)
 .data          0x0000000000800100        0x0 /home/james/workspace_old/RBELib/Release/libRBELib.a(pot.o)
 .data          0x0000000000800100        0x0 /home/james/workspace_old/RBELib/Release/libRBELib.a(timer.o)
 .data          0x0000000000800100        0x0 /home/james/workspace_old/RBELib/Release/libRBELib.a(util.o)
 .data          0x0000000000800100        0x0 /home/james/workspace_old/RBELib/Release/libRBELib.a(SetServo.o)
 .data          0x0000000000800100        0x0 /home/james/workspace_old/RBELib/Release/libRBELib.a(Periph.o)
 .data          0x0000000000800100        0x0 /usr/lib/gcc/avr/4.8.2/../../../avr/lib/avr5/libm.a(acos.o)
 .data          0x0000000000800100        0x0 /usr/lib/gcc/avr/4.8.2/../../../avr/lib/avr5/libm.a(addsf3.o)
 .data          0x0000000000800100        0x0 /usr/lib/gcc/avr/4.8.2/../../../avr/lib/avr5/libm.a(addsf3x.o)
 .data          0x0000000000800100        0x0 /usr/lib/gcc/avr/4.8.2/../../../avr/lib/avr5/libm.a(atan2.o)
 .data          0x0000000000800100        0x0 /usr/lib/gcc/avr/4.8.2/../../../avr/lib/avr5/libm.a(atan.o)
 .data          0x0000000000800100        0x0 /usr/lib/gcc/avr/4.8.2/../../../avr/lib/avr5/libm.a(cmpsf2.o)
 .data          0x0000000000800100        0x0 /usr/lib/gcc/avr/4.8.2/../../../avr/lib/avr5/libm.a(cos.o)
 .data          0x0000000000800100        0x0 /usr/lib/gcc/avr/4.8.2/../../../avr/lib/avr5/libm.a(divsf3.o)
 .data          0x0000000000800100        0x0 /usr/lib/gcc/avr/4.8.2/../../../avr/lib/avr5/libm.a(divsf3x.o)
 .data          0x0000000000800100        0x0 /usr/lib/gcc/avr/4.8.2/../../../avr/lib/avr5/libm.a(fixsfsi.o)
 .data          0x0000000000800100        0x0 /usr/lib/gcc/avr/4.8.2/../../../avr/lib/avr5/libm.a(fixunssfsi.o)
 .data          0x0000000000800100        0x0 /usr/lib/gcc/avr/4.8.2/../../../avr/lib/avr5/libm.a(floatsisf.o)
 .data          0x0000000000800100        0x0 /usr/lib/gcc/avr/4.8.2/../../../avr/lib/avr5/libm.a(fp_arccos.o)
 .data          0x0000000000800100        0x0 /usr/lib/gcc/avr/4.8.2/../../../avr/lib/avr5/libm.a(fp_cmp.o)
 .data          0x0000000000800100        0x0 /usr/lib/gcc/avr/4.8.2/../../../avr/lib/avr5/libm.a(fp_inf.o)
 .data          0x0000000000800100        0x0 /usr/lib/gcc/avr/4.8.2/../../../avr/lib/avr5/libm.a(fp_nan.o)
 .data          0x0000000000800100        0x0 /usr/lib/gcc/avr/4.8.2/../../../avr/lib/avr5/libm.a(fp_powser.o)
 .data          0x0000000000800100        0x0 /usr/lib/gcc/avr/4.8.2/../../../avr/lib/avr5/libm.a(fp_pscA.o)
 .data          0x0000000000800100        0x0 /usr/lib/gcc/avr/4.8.2/../../../avr/lib/avr5/libm.a(fp_pscB.o)
 .data          0x0000000000800100        0x0 /usr/lib/gcc/avr/4.8.2/../../../avr/lib/avr5/libm.a(fp_rempio2.o)
 .data          0x0000000000800100        0x0 /usr/lib/gcc/avr/4.8.2/../../../avr/lib/avr5/libm.a(fp_round.o)
 .data          0x0000000000800100        0x0 /usr/lib/gcc/avr/4.8.2/../../../avr/lib/avr5/libm.a(fp_sinus.o)
 .data          0x0000000000800100        0x0 /usr/lib/gcc/avr/4.8.2/../../../avr/lib/avr5/libm.a(fp_split3.o)
 .data          0x0000000000800100        0x0 /usr/lib/gcc/avr/4.8.2/../../../avr/lib/avr5/libm.a(fp_zero.o)
 .data          0x0000000000800100        0x0 /usr/lib/gcc/avr/4.8.2/../../../avr/lib/avr5/libm.a(gesf2.o)
 .data          0x0000000000800100        0x0 /usr/lib/gcc/avr/4.8.2/../../../avr/lib/avr5/libm.a(inverse.o)
 .data          0x0000000000800100        0x0 /usr/lib/gcc/avr/4.8.2/../../../avr/lib/avr5/libm.a(mulsf3.o)
 .data          0x0000000000800100        0x0 /usr/lib/gcc/avr/4.8.2/../../../avr/lib/avr5/libm.a(mulsf3x.o)
 .data          0x0000000000800100        0x0 /usr/lib/gcc/avr/4.8.2/../../../avr/lib/avr5/libm.a(pow.o)
 .data          0x0000000000800100        0x0 /usr/lib/gcc/avr/4.8.2/../../../avr/lib/avr5/libm.a(sin.o)
 .data          0x0000000000800100        0x0 /usr/lib/gcc/avr/4.8.2/../../../avr/lib/avr5/libm.a(sqrt.o)
 .data          0x0000000000800100        0x0 /usr/lib/gcc/avr/4.8.2/../../../avr/lib/avr5/libm.a(square.o)
 .data          0x0000000000800100        0x0 /usr/lib/gcc/avr/4.8.2/../../../avr/lib/avr5/libm.a(unordsf2.o)
 .data          0x0000000000800100        0x0 /usr/lib/gcc/avr/4.8.2/../../../avr/lib/avr5/libm.a(exp.o)
 .data          0x0000000000800100        0x0 /usr/lib/gcc/avr/4.8.2/../../../avr/lib/avr5/libm.a(fp_mpack.o)
 .data          0x0000000000800100        0x0 /usr/lib/gcc/avr/4.8.2/../../../avr/lib/avr5/libm.a(fp_norm2.o)
 .data          0x0000000000800100        0x0 /usr/lib/gcc/avr/4.8.2/../../../avr/lib/avr5/libm.a(fp_powsodd.o)
 .data          0x0000000000800100        0x0 /usr/lib/gcc/avr/4.8.2/../../../avr/lib/avr5/libm.a(ldexp.o)
 .data          0x0000000000800100        0x0 /usr/lib/gcc/avr/4.8.2/../../../avr/lib/avr5/libm.a(log.o)
 .data          0x0000000000800100        0x0 /usr/lib/gcc/avr/4.8.2/../../../avr/lib/avr5/libm.a(modf.o)
 .data          0x0000000000800100        0x0 /usr/lib/gcc/avr/4.8.2/avr5/libgcc.a(_mulhisi3.o)
 .data          0x0000000000800100        0x0 /usr/lib/gcc/avr/4.8.2/avr5/libgcc.a(_umulhisi3.o)
 .data          0x0000000000800100        0x0 /usr/lib/gcc/avr/4.8.2/avr5/libgcc.a(_usmulhisi3.o)
 .data          0x0000000000800100        0x0 /usr/lib/gcc/avr/4.8.2/avr5/libgcc.a(_muluhisi3.o)
 .data          0x0000000000800100        0x0 /usr/lib/gcc/avr/4.8.2/avr5/libgcc.a(_mulshisi3.o)
 .data          0x0000000000800100        0x0 /usr/lib/gcc/avr/4.8.2/avr5/libgcc.a(_divmodhi4.o)
 .data          0x0000000000800100        0x0 /usr/lib/gcc/avr/4.8.2/avr5/libgcc.a(_udivmodsi4.o)
 .data          0x0000000000800100        0x0 /usr/lib/gcc/avr/4.8.2/avr5/libgcc.a(_divmodsi4.o)
 .data          0x0000000000800100        0x0 /usr/lib/gcc/avr/4.8.2/avr5/libgcc.a(_negsi2.o)
 .data          0x0000000000800100        0x0 /usr/lib/gcc/avr/4.8.2/avr5/libgcc.a(_prologue.o)
 .data          0x0000000000800100        0x0 /usr/lib/gcc/avr/4.8.2/avr5/libgcc.a(_epilogue.o)
 .data          0x0000000000800100        0x0 /usr/lib/gcc/avr/4.8.2/avr5/libgcc.a(_exit.o)
 .data          0x0000000000800100        0x0 /usr/lib/gcc/avr/4.8.2/avr5/libgcc.a(_copy_data.o)
 .data          0x0000000000800100        0x0 /usr/lib/gcc/avr/4.8.2/avr5/libgcc.a(_clear_bss.o)
 .data          0x0000000000800100        0x0 /usr/lib/gcc/avr/4.8.2/avr5/libgcc.a(_udivmodhi4.o)
 .data          0x0000000000800100        0x0 /usr/lib/gcc/avr/4.8.2/../../../avr/lib/avr5/libc.a(ftoa_engine.o)
 .data          0x0000000000800100        0x0 /usr/lib/gcc/avr/4.8.2/../../../avr/lib/avr5/libc.a(strnlen_P.o)
 .data          0x0000000000800100        0x0 /usr/lib/gcc/avr/4.8.2/../../../avr/lib/avr5/libc.a(strnlen.o)
 .data          0x0000000000800100        0x0 /usr/lib/gcc/avr/4.8.2/../../../avr/lib/avr5/libc.a(fputc.o)
 .data          0x0000000000800100        0x0 /usr/lib/gcc/avr/4.8.2/../../../avr/lib/avr5/libc.a(iob.o)
 .data          0x0000000000800100        0x0 /usr/lib/gcc/avr/4.8.2/../../../avr/lib/avr5/libc.a(printf.o)
 .data          0x0000000000800100        0x0 /usr/lib/gcc/avr/4.8.2/../../../avr/lib/avr5/libc.a(puts.o)
 .data          0x0000000000800100        0x0 /usr/lib/gcc/avr/4.8.2/../../../avr/lib/avr5/libc.a(sprintf.o)
 .data          0x0000000000800100        0x0 /usr/lib/gcc/avr/4.8.2/../../../avr/lib/avr5/libc.a(ultoa_invert.o)
 *(.data*)
 .data.RBEOut   0x0000000000800100        0xe /home/james/workspace_old/RBELib/Release/libRBELib.a(Debug.o)
 .data.reset    0x000000000080010e        0x1 /home/james/workspace_old/RBELib/Release/libRBELib.a(motors.o)
 .data.curxy    0x000000000080010f        0x4 /home/james/workspace_old/RBELib/Release/libRBELib.a(motors.o)
 *(.rodata)
 *(.rodata*)
 .rodata.str1.1
                0x0000000000800113       0x52 ./main.o
                                         0x5f (size before relaxing)
 .rodata.t1lodeg
                0x0000000000800165        0x2 /home/james/workspace_old/RBELib/Release/libRBELib.a(constants.o)
                0x0000000000800165                t1lodeg
 .rodata.kWeightCutoff
                0x0000000000800167        0x2 /home/james/workspace_old/RBELib/Release/libRBELib.a(constants.o)
                0x0000000000800167                kWeightCutoff
 .rodata.kGripMoveTime
                0x0000000000800169        0x4 /home/james/workspace_old/RBELib/Release/libRBELib.a(constants.o)
                0x0000000000800169                kGripMoveTime
 .rodata.kArmMoveTime
                0x000000000080016d        0x4 /home/james/workspace_old/RBELib/Release/libRBELib.a(constants.o)
                0x000000000080016d                kArmMoveTime
 .rodata.kNearIRTime
                0x0000000000800171        0x2 /home/james/workspace_old/RBELib/Release/libRBELib.a(constants.o)
                0x0000000000800171                kNearIRTime
 .rodata.kFarIRTime
                0x0000000000800173        0x2 /home/james/workspace_old/RBELib/Release/libRBELib.a(constants.o)
                0x0000000000800173                kFarIRTime
 .rodata.kConveyorScale
                0x0000000000800175        0x4 /home/james/workspace_old/RBELib/Release/libRBELib.a(constants.o)
                0x0000000000800175                kConveyorScale
 .rodata.kConveyorNear
                0x0000000000800179        0x2 /home/james/workspace_old/RBELib/Release/libRBELib.a(constants.o)
                0x0000000000800179                kConveyorNear
 .rodata.kNoWeightCutoff
                0x000000000080017b        0x2 /home/james/workspace_old/RBELib/Release/libRBELib.a(constants.o)
                0x000000000080017b                kNoWeightCutoff
 .rodata.kNearIR
                0x000000000080017d        0x1 /home/james/workspace_old/RBELib/Release/libRBELib.a(constants.o)
                0x000000000080017d                kNearIR
 .rodata.kFarIR
                0x000000000080017e        0x1 /home/james/workspace_old/RBELib/Release/libRBELib.a(constants.o)
                0x000000000080017e                kFarIR
 .rodata.kGrabClose
                0x000000000080017f        0x1 /home/james/workspace_old/RBELib/Release/libRBELib.a(constants.o)
                0x000000000080017f                kGrabClose
 .rodata.kGrabOpen
                0x0000000000800180        0x1 /home/james/workspace_old/RBELib/Release/libRBELib.a(constants.o)
                0x0000000000800180                kGrabOpen
 .rodata.kServoConveyor
                0x0000000000800181        0x1 /home/james/workspace_old/RBELib/Release/libRBELib.a(constants.o)
                0x0000000000800181                kServoConveyor
 .rodata.kServoGrab
                0x0000000000800182        0x1 /home/james/workspace_old/RBELib/Release/libRBELib.a(constants.o)
                0x0000000000800182                kServoGrab
 .rodata.kConveyorOffset
                0x0000000000800183        0x2 /home/james/workspace_old/RBELib/Release/libRBELib.a(constants.o)
                0x0000000000800183                kConveyorOffset
 .rodata.kWeightHeight
                0x0000000000800185        0x2 /home/james/workspace_old/RBELib/Release/libRBELib.a(constants.o)
                0x0000000000800185                kWeightHeight
 .rodata.t2highrad
                0x0000000000800187        0x4 /home/james/workspace_old/RBELib/Release/libRBELib.a(constants.o)
                0x0000000000800187                t2highrad
 .rodata.t2lowrad
                0x000000000080018b        0x4 /home/james/workspace_old/RBELib/Release/libRBELib.a(constants.o)
                0x000000000080018b                t2lowrad
 .rodata.t1highrad
                0x000000000080018f        0x4 /home/james/workspace_old/RBELib/Release/libRBELib.a(constants.o)
                0x000000000080018f                t1highrad
 .rodata.t1lowrad
                0x0000000000800193        0x4 /home/james/workspace_old/RBELib/Release/libRBELib.a(constants.o)
                0x0000000000800193                t1lowrad
 .rodata.t2higdeg
                0x0000000000800197        0x2 /home/james/workspace_old/RBELib/Release/libRBELib.a(constants.o)
                0x0000000000800197                t2higdeg
 .rodata.t2lodeg
                0x0000000000800199        0x2 /home/james/workspace_old/RBELib/Release/libRBELib.a(constants.o)
                0x0000000000800199                t2lodeg
 .rodata.t1higdeg
                0x000000000080019b        0x2 /home/james/workspace_old/RBELib/Release/libRBELib.a(constants.o)
                0x000000000080019b                t1higdeg
 .rodata.kArmHeight
                0x000000000080019d        0x4 /home/james/workspace_old/RBELib/Release/libRBELib.a(constants.o)
                0x000000000080019d                kArmHeight
 .rodata.kArmLen
                0x00000000008001a1        0x4 /home/james/workspace_old/RBELib/Release/libRBELib.a(constants.o)
                0x00000000008001a1                kArmLen
 .rodata.kMaxDAC
                0x00000000008001a5        0x2 /home/james/workspace_old/RBELib/Release/libRBELib.a(constants.o)
                0x00000000008001a5                kMaxDAC
 .rodata.Kd_L   0x00000000008001a7        0x4 /home/james/workspace_old/RBELib/Release/libRBELib.a(constants.o)
                0x00000000008001a7                Kd_L
 .rodata.Ki_L   0x00000000008001ab        0x4 /home/james/workspace_old/RBELib/Release/libRBELib.a(constants.o)
                0x00000000008001ab                Ki_L
 .rodata.Kp_L   0x00000000008001af        0x4 /home/james/workspace_old/RBELib/Release/libRBELib.a(constants.o)
                0x00000000008001af                Kp_L
 .rodata.Kd_H   0x00000000008001b3        0x4 /home/james/workspace_old/RBELib/Release/libRBELib.a(constants.o)
                0x00000000008001b3                Kd_H
 .rodata.Ki_H   0x00000000008001b7        0x4 /home/james/workspace_old/RBELib/Release/libRBELib.a(constants.o)
                0x00000000008001b7                Ki_H
 .rodata.Kp_H   0x00000000008001bb        0x4 /home/james/workspace_old/RBELib/Release/libRBELib.a(constants.o)
                0x00000000008001bb                Kp_H
 .rodata.kdt    0x00000000008001bf        0x4 /home/james/workspace_old/RBELib/Release/libRBELib.a(constants.o)
                0x00000000008001bf                kdt
 .rodata.kVMotor
                0x00000000008001c3        0x2 /home/james/workspace_old/RBELib/Release/libRBELib.a(constants.o)
                0x00000000008001c3                kVMotor
 .rodata.kPotHigh
                0x00000000008001c5        0x1 /home/james/workspace_old/RBELib/Release/libRBELib.a(constants.o)
                0x00000000008001c5                kPotHigh
 .rodata.kPotLow
                0x00000000008001c6        0x1 /home/james/workspace_old/RBELib/Release/libRBELib.a(constants.o)
                0x00000000008001c6                kPotLow
 .rodata.kEncToDegH
                0x00000000008001c7        0x4 /home/james/workspace_old/RBELib/Release/libRBELib.a(constants.o)
                0x00000000008001c7                kEncToDegH
 .rodata.kEncToDegL
                0x00000000008001cb        0x4 /home/james/workspace_old/RBELib/Release/libRBELib.a(constants.o)
                0x00000000008001cb                kEncToDegL
 .rodata.kPotRawToVolts
                0x00000000008001cf        0x2 /home/james/workspace_old/RBELib/Release/libRBELib.a(constants.o)
                0x00000000008001cf                kPotRawToVolts
 .rodata.kRawOffsetH
                0x00000000008001d1        0x2 /home/james/workspace_old/RBELib/Release/libRBELib.a(constants.o)
                0x00000000008001d1                kRawOffsetH
 .rodata.kRawOffsetL
                0x00000000008001d3        0x2 /home/james/workspace_old/RBELib/Release/libRBELib.a(constants.o)
                0x00000000008001d3                kRawOffsetL
 .rodata.kPotRawToAngleScaleH
                0x00000000008001d5        0x4 /home/james/workspace_old/RBELib/Release/libRBELib.a(constants.o)
                0x00000000008001d5                kPotRawToAngleScaleH
 .rodata.kPotRawToAngleScaleL
                0x00000000008001d9        0x4 /home/james/workspace_old/RBELib/Release/libRBELib.a(constants.o)
                0x00000000008001d9                kPotRawToAngleScaleL
 .rodata.str1.1
                0x00000000008001dd       0x14 /home/james/workspace_old/RBELib/Release/libRBELib.a(SetServo.o)
 *(.gnu.linkonce.d*)
                0x00000000008001f2                . = ALIGN (0x2)
 *fill*         0x00000000008001f1        0x1 
                0x00000000008001f2                _edata = .
                0x00000000008001f2                PROVIDE (__data_end, .)

.bss            0x00000000008001f2       0x6c
                0x00000000008001f2                PROVIDE (__bss_start, .)
 *(.bss)
 .bss           0x00000000008001f2        0x0 /usr/lib/gcc/avr/4.8.2/../../../avr/lib/avr5/crtm644p.o
 .bss           0x00000000008001f2        0x0 /usr/lib/gcc/avr/4.8.2/../../../avr/lib/avr5/libprintf_flt.a(vfprintf_flt.o)
 .bss           0x00000000008001f2        0x0 ./main.o
 .bss           0x00000000008001f2        0x0 /home/james/workspace_old/RBELib/Release/libRBELib.a(ADC.o)
 .bss           0x00000000008001f2        0x0 /home/james/workspace_old/RBELib/Release/libRBELib.a(DAC.o)
 .bss           0x00000000008001f2        0x0 /home/james/workspace_old/RBELib/Release/libRBELib.a(Debug.o)
 .bss           0x00000000008001f2        0x0 /home/james/workspace_old/RBELib/Release/libRBELib.a(PID.o)
 .bss           0x00000000008001f2        0x0 /home/james/workspace_old/RBELib/Release/libRBELib.a(SPI.o)
 .bss           0x00000000008001f2        0x0 /home/james/workspace_old/RBELib/Release/libRBELib.a(USARTDebug.o)
 .bss           0x00000000008001f2        0x0 /home/james/workspace_old/RBELib/Release/libRBELib.a(constants.o)
 .bss           0x00000000008001f2        0x0 /home/james/workspace_old/RBELib/Release/libRBELib.a(drive.o)
 .bss           0x00000000008001f2        0x0 /home/james/workspace_old/RBELib/Release/libRBELib.a(forwardkin.o)
 .bss           0x00000000008001f2        0x0 /home/james/workspace_old/RBELib/Release/libRBELib.a(ik.o)
 .bss           0x00000000008001f2        0x0 /home/james/workspace_old/RBELib/Release/libRBELib.a(motors.o)
 .bss           0x00000000008001f2        0x0 /home/james/workspace_old/RBELib/Release/libRBELib.a(pot.o)
 .bss           0x00000000008001f2        0x0 /home/james/workspace_old/RBELib/Release/libRBELib.a(timer.o)
 .bss           0x00000000008001f2        0x0 /home/james/workspace_old/RBELib/Release/libRBELib.a(util.o)
 .bss           0x00000000008001f2        0x0 /home/james/workspace_old/RBELib/Release/libRBELib.a(SetServo.o)
 .bss           0x00000000008001f2        0x0 /home/james/workspace_old/RBELib/Release/libRBELib.a(Periph.o)
 .bss           0x00000000008001f2        0x0 /usr/lib/gcc/avr/4.8.2/../../../avr/lib/avr5/libm.a(acos.o)
 .bss           0x00000000008001f2        0x0 /usr/lib/gcc/avr/4.8.2/../../../avr/lib/avr5/libm.a(addsf3.o)
 .bss           0x00000000008001f2        0x0 /usr/lib/gcc/avr/4.8.2/../../../avr/lib/avr5/libm.a(addsf3x.o)
 .bss           0x00000000008001f2        0x0 /usr/lib/gcc/avr/4.8.2/../../../avr/lib/avr5/libm.a(atan2.o)
 .bss           0x00000000008001f2        0x0 /usr/lib/gcc/avr/4.8.2/../../../avr/lib/avr5/libm.a(atan.o)
 .bss           0x00000000008001f2        0x0 /usr/lib/gcc/avr/4.8.2/../../../avr/lib/avr5/libm.a(cmpsf2.o)
 .bss           0x00000000008001f2        0x0 /usr/lib/gcc/avr/4.8.2/../../../avr/lib/avr5/libm.a(cos.o)
 .bss           0x00000000008001f2        0x0 /usr/lib/gcc/avr/4.8.2/../../../avr/lib/avr5/libm.a(divsf3.o)
 .bss           0x00000000008001f2        0x0 /usr/lib/gcc/avr/4.8.2/../../../avr/lib/avr5/libm.a(divsf3x.o)
 .bss           0x00000000008001f2        0x0 /usr/lib/gcc/avr/4.8.2/../../../avr/lib/avr5/libm.a(fixsfsi.o)
 .bss           0x00000000008001f2        0x0 /usr/lib/gcc/avr/4.8.2/../../../avr/lib/avr5/libm.a(fixunssfsi.o)
 .bss           0x00000000008001f2        0x0 /usr/lib/gcc/avr/4.8.2/../../../avr/lib/avr5/libm.a(floatsisf.o)
 .bss           0x00000000008001f2        0x0 /usr/lib/gcc/avr/4.8.2/../../../avr/lib/avr5/libm.a(fp_arccos.o)
 .bss           0x00000000008001f2        0x0 /usr/lib/gcc/avr/4.8.2/../../../avr/lib/avr5/libm.a(fp_cmp.o)
 .bss           0x00000000008001f2        0x0 /usr/lib/gcc/avr/4.8.2/../../../avr/lib/avr5/libm.a(fp_inf.o)
 .bss           0x00000000008001f2        0x0 /usr/lib/gcc/avr/4.8.2/../../../avr/lib/avr5/libm.a(fp_nan.o)
 .bss           0x00000000008001f2        0x0 /usr/lib/gcc/avr/4.8.2/../../../avr/lib/avr5/libm.a(fp_powser.o)
 .bss           0x00000000008001f2        0x0 /usr/lib/gcc/avr/4.8.2/../../../avr/lib/avr5/libm.a(fp_pscA.o)
 .bss           0x00000000008001f2        0x0 /usr/lib/gcc/avr/4.8.2/../../../avr/lib/avr5/libm.a(fp_pscB.o)
 .bss           0x00000000008001f2        0x0 /usr/lib/gcc/avr/4.8.2/../../../avr/lib/avr5/libm.a(fp_rempio2.o)
 .bss           0x00000000008001f2        0x0 /usr/lib/gcc/avr/4.8.2/../../../avr/lib/avr5/libm.a(fp_round.o)
 .bss           0x00000000008001f2        0x0 /usr/lib/gcc/avr/4.8.2/../../../avr/lib/avr5/libm.a(fp_sinus.o)
 .bss           0x00000000008001f2        0x0 /usr/lib/gcc/avr/4.8.2/../../../avr/lib/avr5/libm.a(fp_split3.o)
 .bss           0x00000000008001f2        0x0 /usr/lib/gcc/avr/4.8.2/../../../avr/lib/avr5/libm.a(fp_zero.o)
 .bss           0x00000000008001f2        0x0 /usr/lib/gcc/avr/4.8.2/../../../avr/lib/avr5/libm.a(gesf2.o)
 .bss           0x00000000008001f2        0x0 /usr/lib/gcc/avr/4.8.2/../../../avr/lib/avr5/libm.a(inverse.o)
 .bss           0x00000000008001f2        0x0 /usr/lib/gcc/avr/4.8.2/../../../avr/lib/avr5/libm.a(mulsf3.o)
 .bss           0x00000000008001f2        0x0 /usr/lib/gcc/avr/4.8.2/../../../avr/lib/avr5/libm.a(mulsf3x.o)
 .bss           0x00000000008001f2        0x0 /usr/lib/gcc/avr/4.8.2/../../../avr/lib/avr5/libm.a(pow.o)
 .bss           0x00000000008001f2        0x0 /usr/lib/gcc/avr/4.8.2/../../../avr/lib/avr5/libm.a(sin.o)
 .bss           0x00000000008001f2        0x0 /usr/lib/gcc/avr/4.8.2/../../../avr/lib/avr5/libm.a(sqrt.o)
 .bss           0x00000000008001f2        0x0 /usr/lib/gcc/avr/4.8.2/../../../avr/lib/avr5/libm.a(square.o)
 .bss           0x00000000008001f2        0x0 /usr/lib/gcc/avr/4.8.2/../../../avr/lib/avr5/libm.a(unordsf2.o)
 .bss           0x00000000008001f2        0x0 /usr/lib/gcc/avr/4.8.2/../../../avr/lib/avr5/libm.a(exp.o)
 .bss           0x00000000008001f2        0x0 /usr/lib/gcc/avr/4.8.2/../../../avr/lib/avr5/libm.a(fp_mpack.o)
 .bss           0x00000000008001f2        0x0 /usr/lib/gcc/avr/4.8.2/../../../avr/lib/avr5/libm.a(fp_norm2.o)
 .bss           0x00000000008001f2        0x0 /usr/lib/gcc/avr/4.8.2/../../../avr/lib/avr5/libm.a(fp_powsodd.o)
 .bss           0x00000000008001f2        0x0 /usr/lib/gcc/avr/4.8.2/../../../avr/lib/avr5/libm.a(ldexp.o)
 .bss           0x00000000008001f2        0x0 /usr/lib/gcc/avr/4.8.2/../../../avr/lib/avr5/libm.a(log.o)
 .bss           0x00000000008001f2        0x0 /usr/lib/gcc/avr/4.8.2/../../../avr/lib/avr5/libm.a(modf.o)
 .bss           0x00000000008001f2        0x0 /usr/lib/gcc/avr/4.8.2/avr5/libgcc.a(_mulhisi3.o)
 .bss           0x00000000008001f2        0x0 /usr/lib/gcc/avr/4.8.2/avr5/libgcc.a(_umulhisi3.o)
 .bss           0x00000000008001f2        0x0 /usr/lib/gcc/avr/4.8.2/avr5/libgcc.a(_usmulhisi3.o)
 .bss           0x00000000008001f2        0x0 /usr/lib/gcc/avr/4.8.2/avr5/libgcc.a(_muluhisi3.o)
 .bss           0x00000000008001f2        0x0 /usr/lib/gcc/avr/4.8.2/avr5/libgcc.a(_mulshisi3.o)
 .bss           0x00000000008001f2        0x0 /usr/lib/gcc/avr/4.8.2/avr5/libgcc.a(_divmodhi4.o)
 .bss           0x00000000008001f2        0x0 /usr/lib/gcc/avr/4.8.2/avr5/libgcc.a(_udivmodsi4.o)
 .bss           0x00000000008001f2        0x0 /usr/lib/gcc/avr/4.8.2/avr5/libgcc.a(_divmodsi4.o)
 .bss           0x00000000008001f2        0x0 /usr/lib/gcc/avr/4.8.2/avr5/libgcc.a(_negsi2.o)
 .bss           0x00000000008001f2        0x0 /usr/lib/gcc/avr/4.8.2/avr5/libgcc.a(_prologue.o)
 .bss           0x00000000008001f2        0x0 /usr/lib/gcc/avr/4.8.2/avr5/libgcc.a(_epilogue.o)
 .bss           0x00000000008001f2        0x0 /usr/lib/gcc/avr/4.8.2/avr5/libgcc.a(_exit.o)
 .bss           0x00000000008001f2        0x0 /usr/lib/gcc/avr/4.8.2/avr5/libgcc.a(_copy_data.o)
 .bss           0x00000000008001f2        0x0 /usr/lib/gcc/avr/4.8.2/avr5/libgcc.a(_clear_bss.o)
 .bss           0x00000000008001f2        0x0 /usr/lib/gcc/avr/4.8.2/avr5/libgcc.a(_udivmodhi4.o)
 .bss           0x00000000008001f2        0x0 /usr/lib/gcc/avr/4.8.2/../../../avr/lib/avr5/libc.a(ftoa_engine.o)
 .bss           0x00000000008001f2        0x0 /usr/lib/gcc/avr/4.8.2/../../../avr/lib/avr5/libc.a(strnlen_P.o)
 .bss           0x00000000008001f2        0x0 /usr/lib/gcc/avr/4.8.2/../../../avr/lib/avr5/libc.a(strnlen.o)
 .bss           0x00000000008001f2        0x0 /usr/lib/gcc/avr/4.8.2/../../../avr/lib/avr5/libc.a(fputc.o)
 .bss           0x00000000008001f2        0x0 /usr/lib/gcc/avr/4.8.2/../../../avr/lib/avr5/libc.a(iob.o)
 .bss           0x00000000008001f2        0x0 /usr/lib/gcc/avr/4.8.2/../../../avr/lib/avr5/libc.a(printf.o)
 .bss           0x00000000008001f2        0x0 /usr/lib/gcc/avr/4.8.2/../../../avr/lib/avr5/libc.a(puts.o)
 .bss           0x00000000008001f2        0x0 /usr/lib/gcc/avr/4.8.2/../../../avr/lib/avr5/libc.a(sprintf.o)
 .bss           0x00000000008001f2        0x0 /usr/lib/gcc/avr/4.8.2/../../../avr/lib/avr5/libc.a(ultoa_invert.o)
 *(.bss*)
 .bss.setpointh.2260
                0x00000000008001f2        0x2 ./main.o
 .bss.setpointl.2259
                0x00000000008001f4        0x2 ./main.o
 .bss.count     0x00000000008001f6        0x2 ./main.o
 .bss.totalh    0x00000000008001f8        0x4 ./main.o
 .bss.totall    0x00000000008001fc        0x4 ./main.o
 .bss.y         0x0000000000800200        0x2 ./main.o
 .bss.x         0x0000000000800202        0x2 ./main.o
 .bss.g_ADCCallback
                0x0000000000800204        0x2 /home/james/workspace_old/RBELib/Release/libRBELib.a(ADC.o)
 .bss.prevError.1572
                0x0000000000800206        0x4 /home/james/workspace_old/RBELib/Release/libRBELib.a(PID.o)
 .bss.suml.1570
                0x000000000080020a        0x2 /home/james/workspace_old/RBELib/Release/libRBELib.a(PID.o)
 .bss.sumh.1571
                0x000000000080020c        0x2 /home/james/workspace_old/RBELib/Release/libRBELib.a(PID.o)
 .bss.cnt.1699  0x000000000080020e        0x4 /home/james/workspace_old/RBELib/Release/libRBELib.a(drive.o)
 .bss.total.1698
                0x0000000000800212        0x8 /home/james/workspace_old/RBELib/Release/libRBELib.a(drive.o)
 .bss.useEnc.1653
                0x000000000080021a        0x5 /home/james/workspace_old/RBELib/Release/libRBELib.a(motors.o)
 .bss.timer     0x000000000080021f        0x4 /home/james/workspace_old/RBELib/Release/libRBELib.a(motors.o)
 .bss.manual    0x0000000000800223        0x1 /home/james/workspace_old/RBELib/Release/libRBELib.a(motors.o)
 .bss.goalvolts
                0x0000000000800224        0x5 /home/james/workspace_old/RBELib/Release/libRBELib.a(motors.o)
 .bss.enable    0x0000000000800229        0x1 /home/james/workspace_old/RBELib/Release/libRBELib.a(motors.o)
 .bss.curjoint  0x000000000080022a        0x5 /home/james/workspace_old/RBELib/Release/libRBELib.a(motors.o)
 .bss.goaljoint
                0x000000000080022f        0x5 /home/james/workspace_old/RBELib/Release/libRBELib.a(motors.o)
 .bss.isrdone   0x0000000000800234        0x1 /home/james/workspace_old/RBELib/Release/libRBELib.a(motors.o)
                0x0000000000800234                isrdone
 .bss.timer2    0x0000000000800235        0x2 /home/james/workspace_old/RBELib/Release/libRBELib.a(timer.o)
 .bss.timer1    0x0000000000800237        0x2 /home/james/workspace_old/RBELib/Release/libRBELib.a(timer.o)
 .bss.timer0    0x0000000000800239        0x2 /home/james/workspace_old/RBELib/Release/libRBELib.a(timer.o)
 .bss.vref      0x000000000080023b        0x2 /home/james/workspace_old/RBELib/Release/libRBELib.a(Periph.o)
 *(COMMON)
 COMMON         0x000000000080023d        0x3 ./main.o
                0x000000000080023d                mode
                0x000000000080023e                t1lowdeg
 COMMON         0x0000000000800240       0x18 /home/james/workspace_old/RBELib/Release/libRBELib.a(PID.o)
                0x0000000000800240                pidConsts
 COMMON         0x0000000000800258        0x6 /usr/lib/gcc/avr/4.8.2/../../../avr/lib/avr5/libc.a(iob.o)
                0x0000000000800258                __iob
                0x000000000080025e                PROVIDE (__bss_end, .)
                0x0000000000003902                __data_load_start = LOADADDR (.data)
                0x00000000000039f4                __data_load_end = (__data_load_start + SIZEOF (.data))

.noinit         0x000000000080025e        0x0
                0x000000000080025e                PROVIDE (__noinit_start, .)
 *(.noinit*)
                0x000000000080025e                PROVIDE (__noinit_end, .)
                0x000000000080025e                _end = .
                0x000000000080025e                PROVIDE (__heap_start, .)

.eeprom         0x0000000000810000        0x0
 *(.eeprom*)
                0x0000000000810000                __eeprom_end = .

.fuse
 *(.fuse)
 *(.lfuse)
 *(.hfuse)
 *(.efuse)

.lock
 *(.lock*)

.signature
 *(.signature*)

.user_signatures
 *(.user_signatures*)

.stab           0x0000000000000000     0x7b54
 *(.stab)
 .stab          0x0000000000000000      0x6cc /usr/lib/gcc/avr/4.8.2/../../../avr/lib/avr5/crtm644p.o
 .stab          0x00000000000006cc     0x1404 /usr/lib/gcc/avr/4.8.2/../../../avr/lib/avr5/libprintf_flt.a(vfprintf_flt.o)
                                       0x1410 (size before relaxing)
 .stab          0x0000000000001ad0       0xd8 /usr/lib/gcc/avr/4.8.2/../../../avr/lib/avr5/libm.a(acos.o)
                                         0xe4 (size before relaxing)
 .stab          0x0000000000001ba8       0x78 /usr/lib/gcc/avr/4.8.2/../../../avr/lib/avr5/libm.a(addsf3.o)
                                         0x84 (size before relaxing)
 .stab          0x0000000000001c20      0x4bc /usr/lib/gcc/avr/4.8.2/../../../avr/lib/avr5/libm.a(addsf3x.o)
                                        0x4c8 (size before relaxing)
 .stab          0x00000000000020dc      0x2f4 /usr/lib/gcc/avr/4.8.2/../../../avr/lib/avr5/libm.a(atan2.o)
                                        0x300 (size before relaxing)
 .stab          0x00000000000023d0      0x210 /usr/lib/gcc/avr/4.8.2/../../../avr/lib/avr5/libm.a(atan.o)
                                        0x21c (size before relaxing)
 .stab          0x00000000000025e0       0x90 /usr/lib/gcc/avr/4.8.2/../../../avr/lib/avr5/libm.a(cmpsf2.o)
                                         0x9c (size before relaxing)
 .stab          0x0000000000002670       0x54 /usr/lib/gcc/avr/4.8.2/../../../avr/lib/avr5/libm.a(cos.o)
                                         0x60 (size before relaxing)
 .stab          0x00000000000026c4       0x48 /usr/lib/gcc/avr/4.8.2/../../../avr/lib/avr5/libm.a(divsf3.o)
                                         0x54 (size before relaxing)
 .stab          0x000000000000270c      0x510 /usr/lib/gcc/avr/4.8.2/../../../avr/lib/avr5/libm.a(divsf3x.o)
                                        0x51c (size before relaxing)
 .stab          0x0000000000002c1c       0x6c /usr/lib/gcc/avr/4.8.2/../../../avr/lib/avr5/libm.a(fixsfsi.o)
                                         0x78 (size before relaxing)
 .stab          0x0000000000002c88      0x240 /usr/lib/gcc/avr/4.8.2/../../../avr/lib/avr5/libm.a(fixunssfsi.o)
                                        0x24c (size before relaxing)
 .stab          0x0000000000002ec8      0x318 /usr/lib/gcc/avr/4.8.2/../../../avr/lib/avr5/libm.a(floatsisf.o)
                                        0x324 (size before relaxing)
 .stab          0x00000000000031e0      0x174 /usr/lib/gcc/avr/4.8.2/../../../avr/lib/avr5/libm.a(fp_arccos.o)
                                        0x180 (size before relaxing)
 .stab          0x0000000000003354      0x1e0 /usr/lib/gcc/avr/4.8.2/../../../avr/lib/avr5/libm.a(fp_cmp.o)
                                        0x1ec (size before relaxing)
 .stab          0x0000000000003534       0x78 /usr/lib/gcc/avr/4.8.2/../../../avr/lib/avr5/libm.a(fp_inf.o)
                                         0x84 (size before relaxing)
 .stab          0x00000000000035ac       0x54 /usr/lib/gcc/avr/4.8.2/../../../avr/lib/avr5/libm.a(fp_nan.o)
                                         0x60 (size before relaxing)
 .stab          0x0000000000003600      0x1ec /usr/lib/gcc/avr/4.8.2/../../../avr/lib/avr5/libm.a(fp_powser.o)
                                        0x1f8 (size before relaxing)
 .stab          0x00000000000037ec       0x84 /usr/lib/gcc/avr/4.8.2/../../../avr/lib/avr5/libm.a(fp_pscA.o)
                                         0x90 (size before relaxing)
 .stab          0x0000000000003870       0x84 /usr/lib/gcc/avr/4.8.2/../../../avr/lib/avr5/libm.a(fp_pscB.o)
                                         0x90 (size before relaxing)
 .stab          0x00000000000038f4      0x21c /usr/lib/gcc/avr/4.8.2/../../../avr/lib/avr5/libm.a(fp_rempio2.o)
                                        0x228 (size before relaxing)
 .stab          0x0000000000003b10       0xfc /usr/lib/gcc/avr/4.8.2/../../../avr/lib/avr5/libm.a(fp_round.o)
                                        0x108 (size before relaxing)
 .stab          0x0000000000003c0c       0xfc /usr/lib/gcc/avr/4.8.2/../../../avr/lib/avr5/libm.a(fp_sinus.o)
                                        0x108 (size before relaxing)
 .stab          0x0000000000003d08      0x1d4 /usr/lib/gcc/avr/4.8.2/../../../avr/lib/avr5/libm.a(fp_split3.o)
                                        0x1e0 (size before relaxing)
 .stab          0x0000000000003edc       0x90 /usr/lib/gcc/avr/4.8.2/../../../avr/lib/avr5/libm.a(fp_zero.o)
                                         0x9c (size before relaxing)
 .stab          0x0000000000003f6c       0x6c /usr/lib/gcc/avr/4.8.2/../../../avr/lib/avr5/libm.a(gesf2.o)
                                         0x78 (size before relaxing)
 .stab          0x0000000000003fd8       0x84 /usr/lib/gcc/avr/4.8.2/../../../avr/lib/avr5/libm.a(inverse.o)
                                         0x90 (size before relaxing)
 .stab          0x000000000000405c       0x48 /usr/lib/gcc/avr/4.8.2/../../../avr/lib/avr5/libm.a(mulsf3.o)
                                         0x54 (size before relaxing)
 .stab          0x00000000000040a4      0x4d4 /usr/lib/gcc/avr/4.8.2/../../../avr/lib/avr5/libm.a(mulsf3x.o)
                                        0x4e0 (size before relaxing)
 .stab          0x0000000000004578      0x3c0 /usr/lib/gcc/avr/4.8.2/../../../avr/lib/avr5/libm.a(pow.o)
                                        0x3cc (size before relaxing)
 .stab          0x0000000000004938       0x78 /usr/lib/gcc/avr/4.8.2/../../../avr/lib/avr5/libm.a(sin.o)
                                         0x84 (size before relaxing)
 .stab          0x00000000000049b0      0x354 /usr/lib/gcc/avr/4.8.2/../../../avr/lib/avr5/libm.a(sqrt.o)
                                        0x360 (size before relaxing)
 .stab          0x0000000000004d04       0x54 /usr/lib/gcc/avr/4.8.2/../../../avr/lib/avr5/libm.a(square.o)
                                         0x60 (size before relaxing)
 .stab          0x0000000000004d58       0x60 /usr/lib/gcc/avr/4.8.2/../../../avr/lib/avr5/libm.a(unordsf2.o)
                                         0x6c (size before relaxing)
 .stab          0x0000000000004db8      0x288 /usr/lib/gcc/avr/4.8.2/../../../avr/lib/avr5/libm.a(exp.o)
                                        0x294 (size before relaxing)
 .stab          0x0000000000005040       0xe4 /usr/lib/gcc/avr/4.8.2/../../../avr/lib/avr5/libm.a(fp_mpack.o)
                                         0xf0 (size before relaxing)
 .stab          0x0000000000005124       0x84 /usr/lib/gcc/avr/4.8.2/../../../avr/lib/avr5/libm.a(fp_norm2.o)
                                         0x90 (size before relaxing)
 .stab          0x00000000000051a8       0xfc /usr/lib/gcc/avr/4.8.2/../../../avr/lib/avr5/libm.a(fp_powsodd.o)
                                        0x108 (size before relaxing)
 .stab          0x00000000000052a4      0x2c4 /usr/lib/gcc/avr/4.8.2/../../../avr/lib/avr5/libm.a(ldexp.o)
                                        0x2d0 (size before relaxing)
 .stab          0x0000000000005568      0x378 /usr/lib/gcc/avr/4.8.2/../../../avr/lib/avr5/libm.a(log.o)
                                        0x384 (size before relaxing)
 .stab          0x00000000000058e0      0x2a0 /usr/lib/gcc/avr/4.8.2/../../../avr/lib/avr5/libm.a(modf.o)
                                        0x2ac (size before relaxing)
 .stab          0x0000000000005b80      0xa38 /usr/lib/gcc/avr/4.8.2/../../../avr/lib/avr5/libc.a(ftoa_engine.o)
                                        0xa44 (size before relaxing)
 .stab          0x00000000000065b8       0x9c /usr/lib/gcc/avr/4.8.2/../../../avr/lib/avr5/libc.a(strnlen_P.o)
                                         0xa8 (size before relaxing)
 .stab          0x0000000000006654       0x9c /usr/lib/gcc/avr/4.8.2/../../../avr/lib/avr5/libc.a(strnlen.o)
                                         0xa8 (size before relaxing)
 .stab          0x00000000000066f0      0x354 /usr/lib/gcc/avr/4.8.2/../../../avr/lib/avr5/libc.a(fputc.o)
                                        0x534 (size before relaxing)
 .stab          0x0000000000006a44      0x2ac /usr/lib/gcc/avr/4.8.2/../../../avr/lib/avr5/libc.a(iob.o)
                                        0x48c (size before relaxing)
 .stab          0x0000000000006cf0      0x30c /usr/lib/gcc/avr/4.8.2/../../../avr/lib/avr5/libc.a(printf.o)
                                        0x4ec (size before relaxing)
 .stab          0x0000000000006ffc      0x36c /usr/lib/gcc/avr/4.8.2/../../../avr/lib/avr5/libc.a(puts.o)
                                        0x54c (size before relaxing)
 .stab          0x0000000000007368      0x36c /usr/lib/gcc/avr/4.8.2/../../../avr/lib/avr5/libc.a(sprintf.o)
                                        0x54c (size before relaxing)
 .stab          0x00000000000076d4      0x480 /usr/lib/gcc/avr/4.8.2/../../../avr/lib/avr5/libc.a(ultoa_invert.o)
                                        0x48c (size before relaxing)

.stabstr        0x0000000000000000     0x17e3
 *(.stabstr)
 .stabstr       0x0000000000000000     0x17e3 /usr/lib/gcc/avr/4.8.2/../../../avr/lib/avr5/crtm644p.o

.stab.excl
 *(.stab.excl)

.stab.exclstr
 *(.stab.exclstr)

.stab.index
 *(.stab.index)

.stab.indexstr
 *(.stab.indexstr)

.comment        0x0000000000000000       0x11
 *(.comment)
 .comment       0x0000000000000000       0x11 /usr/lib/gcc/avr/4.8.2/../../../avr/lib/avr5/libprintf_flt.a(vfprintf_flt.o)
                                         0x12 (size before relaxing)
 .comment       0x0000000000000000       0x12 ./main.o
 .comment       0x0000000000000000       0x12 /home/james/workspace_old/RBELib/Release/libRBELib.a(ADC.o)
 .comment       0x0000000000000000       0x12 /home/james/workspace_old/RBELib/Release/libRBELib.a(DAC.o)
 .comment       0x0000000000000000       0x12 /home/james/workspace_old/RBELib/Release/libRBELib.a(Debug.o)
 .comment       0x0000000000000000       0x12 /home/james/workspace_old/RBELib/Release/libRBELib.a(PID.o)
 .comment       0x0000000000000000       0x12 /home/james/workspace_old/RBELib/Release/libRBELib.a(SPI.o)
 .comment       0x0000000000000000       0x12 /home/james/workspace_old/RBELib/Release/libRBELib.a(USARTDebug.o)
 .comment       0x0000000000000000       0x12 /home/james/workspace_old/RBELib/Release/libRBELib.a(constants.o)
 .comment       0x0000000000000000       0x12 /home/james/workspace_old/RBELib/Release/libRBELib.a(drive.o)
 .comment       0x0000000000000000       0x12 /home/james/workspace_old/RBELib/Release/libRBELib.a(forwardkin.o)
 .comment       0x0000000000000000       0x12 /home/james/workspace_old/RBELib/Release/libRBELib.a(ik.o)
 .comment       0x0000000000000000       0x12 /home/james/workspace_old/RBELib/Release/libRBELib.a(motors.o)
 .comment       0x0000000000000000       0x12 /home/james/workspace_old/RBELib/Release/libRBELib.a(pot.o)
 .comment       0x0000000000000000       0x12 /home/james/workspace_old/RBELib/Release/libRBELib.a(timer.o)
 .comment       0x0000000000000000       0x12 /home/james/workspace_old/RBELib/Release/libRBELib.a(util.o)
 .comment       0x0000000000000000       0x12 /home/james/workspace_old/RBELib/Release/libRBELib.a(SetServo.o)
 .comment       0x0000000000000000       0x12 /home/james/workspace_old/RBELib/Release/libRBELib.a(Periph.o)
 .comment       0x0000000000000000       0x12 /usr/lib/gcc/avr/4.8.2/../../../avr/lib/avr5/libc.a(fputc.o)
 .comment       0x0000000000000000       0x12 /usr/lib/gcc/avr/4.8.2/../../../avr/lib/avr5/libc.a(iob.o)
 .comment       0x0000000000000000       0x12 /usr/lib/gcc/avr/4.8.2/../../../avr/lib/avr5/libc.a(printf.o)
 .comment       0x0000000000000000       0x12 /usr/lib/gcc/avr/4.8.2/../../../avr/lib/avr5/libc.a(puts.o)
 .comment       0x0000000000000000       0x12 /usr/lib/gcc/avr/4.8.2/../../../avr/lib/avr5/libc.a(sprintf.o)

.debug
 *(.debug)

.line
 *(.line)

.debug_srcinfo
 *(.debug_srcinfo)

.debug_sfnames
 *(.debug_sfnames)

.debug_aranges
 *(.debug_aranges)