Archive member included because of file (symbol)

/usr/lib/gcc/avr/4.8.2/../../../avr/lib/avr5/libprintf_flt.a(vfprintf_flt.o)
                              (vfprintf)
/home/james/workspace_old/RBELib/Release/libRBELib.a(ADC.o)
                              ./main.o (initADC)
/home/james/workspace_old/RBELib/Release/libRBELib.a(Debug.o)
                              ./main.o (initRBELib)
/home/james/workspace_old/RBELib/Release/libRBELib.a(USARTDebug.o)
                              ./main.o (debugUSARTInit)
/home/james/workspace_old/RBELib/Release/libRBELib.a(constants.o)
                              ./main.o (Tu)
/home/james/workspace_old/RBELib/Release/libRBELib.a(timer.o)
                              ./main.o (initTimer)
/home/james/workspace_old/RBELib/Release/libRBELib.a(SetServo.o)
                              /home/james/workspace_old/RBELib/Release/libRBELib.a(Debug.o) (initAltCom)
/usr/lib/gcc/avr/4.8.2/../../../avr/lib/avr5/libm.a(divsf3.o)
                              ./main.o (__divsf3)
/usr/lib/gcc/avr/4.8.2/../../../avr/lib/avr5/libm.a(divsf3x.o)
                              /usr/lib/gcc/avr/4.8.2/../../../avr/lib/avr5/libm.a(divsf3.o) (__divsf3x)
/usr/lib/gcc/avr/4.8.2/../../../avr/lib/avr5/libm.a(fixunssfsi.o)
                              ./main.o (__fixunssfsi)
/usr/lib/gcc/avr/4.8.2/../../../avr/lib/avr5/libm.a(floatsisf.o)
                              ./main.o (__floatunsisf)
/usr/lib/gcc/avr/4.8.2/../../../avr/lib/avr5/libm.a(fp_inf.o)
                              /usr/lib/gcc/avr/4.8.2/../../../avr/lib/avr5/libm.a(divsf3x.o) (__fp_inf)
/usr/lib/gcc/avr/4.8.2/../../../avr/lib/avr5/libm.a(fp_nan.o)
                              /usr/lib/gcc/avr/4.8.2/../../../avr/lib/avr5/libm.a(divsf3x.o) (__fp_nan)
/usr/lib/gcc/avr/4.8.2/../../../avr/lib/avr5/libm.a(fp_pscA.o)
                              /usr/lib/gcc/avr/4.8.2/../../../avr/lib/avr5/libm.a(divsf3x.o) (__fp_pscA)
/usr/lib/gcc/avr/4.8.2/../../../avr/lib/avr5/libm.a(fp_pscB.o)
                              /usr/lib/gcc/avr/4.8.2/../../../avr/lib/avr5/libm.a(divsf3x.o) (__fp_pscB)
/usr/lib/gcc/avr/4.8.2/../../../avr/lib/avr5/libm.a(fp_round.o)
                              /usr/lib/gcc/avr/4.8.2/../../../avr/lib/avr5/libm.a(divsf3.o) (__fp_round)
/usr/lib/gcc/avr/4.8.2/../../../avr/lib/avr5/libm.a(fp_split3.o)
                              /usr/lib/gcc/avr/4.8.2/../../../avr/lib/avr5/libm.a(divsf3x.o) (__fp_split3)
/usr/lib/gcc/avr/4.8.2/../../../avr/lib/avr5/libm.a(fp_zero.o)
                              /usr/lib/gcc/avr/4.8.2/../../../avr/lib/avr5/libm.a(fixunssfsi.o) (__fp_zero)
/usr/lib/gcc/avr/4.8.2/../../../avr/lib/avr5/libm.a(mulsf3.o)
                              ./main.o (__mulsf3)
/usr/lib/gcc/avr/4.8.2/../../../avr/lib/avr5/libm.a(mulsf3x.o)
                              /usr/lib/gcc/avr/4.8.2/../../../avr/lib/avr5/libm.a(mulsf3.o) (__mulsf3x)
/usr/lib/gcc/avr/4.8.2/avr5/libgcc.a(_muluhisi3.o)
                              /home/james/workspace_old/RBELib/Release/libRBELib.a(timer.o) (__muluhisi3)
/usr/lib/gcc/avr/4.8.2/avr5/libgcc.a(_udivmodsi4.o)
                              ./main.o (__udivmodsi4)
/usr/lib/gcc/avr/4.8.2/avr5/libgcc.a(_prologue.o)
                              /usr/lib/gcc/avr/4.8.2/../../../avr/lib/avr5/libprintf_flt.a(vfprintf_flt.o) (__prologue_saves__)
/usr/lib/gcc/avr/4.8.2/avr5/libgcc.a(_epilogue.o)
                              /usr/lib/gcc/avr/4.8.2/../../../avr/lib/avr5/libprintf_flt.a(vfprintf_flt.o) (__epilogue_restores__)
/usr/lib/gcc/avr/4.8.2/avr5/libgcc.a(_exit.o)
                              /usr/lib/gcc/avr/4.8.2/../../../avr/lib/avr5/crtm644p.o (exit)
/usr/lib/gcc/avr/4.8.2/avr5/libgcc.a(_copy_data.o)
                              ./main.o (__do_copy_data)
/usr/lib/gcc/avr/4.8.2/avr5/libgcc.a(_clear_bss.o)
                              ./main.o (__do_clear_bss)
/usr/lib/gcc/avr/4.8.2/avr5/libgcc.a(_umulhisi3.o)
                              /usr/lib/gcc/avr/4.8.2/avr5/libgcc.a(_muluhisi3.o) (__umulhisi3)
/usr/lib/gcc/avr/4.8.2/../../../avr/lib/avr5/libc.a(ftoa_engine.o)
                              /usr/lib/gcc/avr/4.8.2/../../../avr/lib/avr5/libprintf_flt.a(vfprintf_flt.o) (__ftoa_engine)
/usr/lib/gcc/avr/4.8.2/../../../avr/lib/avr5/libc.a(strnlen_P.o)
                              /usr/lib/gcc/avr/4.8.2/../../../avr/lib/avr5/libprintf_flt.a(vfprintf_flt.o) (strnlen_P)
/usr/lib/gcc/avr/4.8.2/../../../avr/lib/avr5/libc.a(strnlen.o)
                              /usr/lib/gcc/avr/4.8.2/../../../avr/lib/avr5/libprintf_flt.a(vfprintf_flt.o) (strnlen)
/usr/lib/gcc/avr/4.8.2/../../../avr/lib/avr5/libc.a(fputc.o)
                              /usr/lib/gcc/avr/4.8.2/../../../avr/lib/avr5/libprintf_flt.a(vfprintf_flt.o) (fputc)
/usr/lib/gcc/avr/4.8.2/../../../avr/lib/avr5/libc.a(iob.o)
                              /home/james/workspace_old/RBELib/Release/libRBELib.a(Debug.o) (__iob)
/usr/lib/gcc/avr/4.8.2/../../../avr/lib/avr5/libc.a(printf.o)
                              ./main.o (printf)
/usr/lib/gcc/avr/4.8.2/../../../avr/lib/avr5/libc.a(puts.o)
                              ./main.o (puts)
/usr/lib/gcc/avr/4.8.2/../../../avr/lib/avr5/libc.a(sprintf.o)
                              /home/james/workspace_old/RBELib/Release/libRBELib.a(SetServo.o) (sprintf)
/usr/lib/gcc/avr/4.8.2/../../../avr/lib/avr5/libc.a(ultoa_invert.o)
                              /usr/lib/gcc/avr/4.8.2/../../../avr/lib/avr5/libprintf_flt.a(vfprintf_flt.o) (__ultoa_invert)

Allocating common symbols
Common symbol       size              file

__iob               0x6               /usr/lib/gcc/avr/4.8.2/../../../avr/lib/avr5/libc.a(iob.o)

Memory Configuration

Name             Origin             Length             Attributes
text             0x0000000000000000 0x0000000000020000 xr
data             0x0000000000800060 0x000000000000ffa0 rw !x
eeprom           0x0000000000810000 0x0000000000010000 rw !x
fuse             0x0000000000820000 0x0000000000000400 rw !x
lock             0x0000000000830000 0x0000000000000400 rw !x
signature        0x0000000000840000 0x0000000000000400 rw !x
user_signatures  0x0000000000850000 0x0000000000000400 rw !x
*default*        0x0000000000000000 0xffffffffffffffff

Linker script and memory map

Address of section .data set to 0x800100
LOAD /usr/lib/gcc/avr/4.8.2/../../../avr/lib/avr5/crtm644p.o
LOAD /usr/lib/gcc/avr/4.8.2/../../../avr/lib/avr5/libprintf_flt.a
LOAD /usr/lib/gcc/avr/4.8.2/../../../avr/lib/avr5/libm.a
LOAD ./main.o
LOAD /home/james/workspace_old/RBELib/Release/libRBELib.a
LOAD /usr/lib/gcc/avr/4.8.2/../../../avr/lib/avr5/libm.a
START GROUP
LOAD /usr/lib/gcc/avr/4.8.2/avr5/libgcc.a
LOAD /usr/lib/gcc/avr/4.8.2/../../../avr/lib/avr5/libm.a
LOAD /usr/lib/gcc/avr/4.8.2/../../../avr/lib/avr5/libc.a
END GROUP

.hash
 *(.hash)

.dynsym
 *(.dynsym)

.dynstr
 *(.dynstr)

.gnu.version
 *(.gnu.version)

.gnu.version_d
 *(.gnu.version_d)

.gnu.version_r
 *(.gnu.version_r)

.rel.init
 *(.rel.init)

.rela.init
 *(.rela.init)

.rel.text
 *(.rel.text)
 *(.rel.text.*)
 *(.rel.gnu.linkonce.t*)

.rela.text
 *(.rela.text)
 *(.rela.text.*)
 *(.rela.gnu.linkonce.t*)

.rel.fini
 *(.rel.fini)

.rela.fini
 *(.rela.fini)

.rel.rodata
 *(.rel.rodata)
 *(.rel.rodata.*)
 *(.rel.gnu.linkonce.r*)

.rela.rodata
 *(.rela.rodata)
 *(.rela.rodata.*)
 *(.rela.gnu.linkonce.r*)

.rel.data
 *(.rel.data)
 *(.rel.data.*)
 *(.rel.gnu.linkonce.d*)

.rela.data
 *(.rela.data)
 *(.rela.data.*)
 *(.rela.gnu.linkonce.d*)

.rel.ctors
 *(.rel.ctors)

.rela.ctors
 *(.rela.ctors)

.rel.dtors
 *(.rel.dtors)

.rela.dtors
 *(.rela.dtors)

.rel.got
 *(.rel.got)

.rela.got
 *(.rela.got)

.rel.bss
 *(.rel.bss)

.rela.bss
 *(.rela.bss)

.rel.plt
 *(.rel.plt)

.rela.plt
 *(.rela.plt)

.text           0x0000000000000000     0x180c
 *(.vectors)
 .vectors       0x0000000000000000       0x7c /usr/lib/gcc/avr/4.8.2/../../../avr/lib/avr5/crtm644p.o
                0x0000000000000000                __vectors
                0x0000000000000000                __vector_default
 *(.vectors)
 *(.progmem.gcc*)
 *(.progmem*)
 .progmem.data  0x000000000000007c        0x8 /usr/lib/gcc/avr/4.8.2/../../../avr/lib/avr5/libprintf_flt.a(vfprintf_flt.o)
 .progmem.data  0x0000000000000084       0xfa /usr/lib/gcc/avr/4.8.2/../../../avr/lib/avr5/libc.a(ftoa_engine.o)
                0x000000000000017e                . = ALIGN (0x2)
                0x000000000000017e                __trampolines_start = .
 *(.trampolines)
 .trampolines   0x000000000000017e        0x0 linker stubs
 *(.trampolines*)
                0x000000000000017e                __trampolines_end = .
 *(.jumptables)
 *(.jumptables*)
 *(.lowtext)
 *(.lowtext*)
                0x000000000000017e                __ctors_start = .
 *(.ctors)
                0x000000000000017e                __ctors_end = .
                0x000000000000017e                __dtors_start = .
 *(.dtors)
                0x000000000000017e                __dtors_end = .
 SORT(*)(.ctors)
 SORT(*)(.dtors)
 *(.init0)
 .init0         0x000000000000017e        0x0 /usr/lib/gcc/avr/4.8.2/../../../avr/lib/avr5/crtm644p.o
                0x000000000000017e                __init
 *(.init0)
 *(.init1)
 *(.init1)
 *(.init2)
 .init2         0x000000000000017e        0xc /usr/lib/gcc/avr/4.8.2/../../../avr/lib/avr5/crtm644p.o
 *(.init2)
 *(.init3)
 *(.init3)
 *(.init4)
 .init4         0x000000000000018a       0x16 /usr/lib/gcc/avr/4.8.2/avr5/libgcc.a(_copy_data.o)
                0x000000000000018a                __do_copy_data
 .init4         0x00000000000001a0       0x10 /usr/lib/gcc/avr/4.8.2/avr5/libgcc.a(_clear_bss.o)
                0x00000000000001a0                __do_clear_bss
 *(.init4)
 *(.init5)
 *(.init5)
 *(.init6)
 *(.init6)
 *(.init7)
 *(.init7)
 *(.init8)
 *(.init8)
 *(.init9)
 .init9         0x00000000000001b0        0x8 /usr/lib/gcc/avr/4.8.2/../../../avr/lib/avr5/crtm644p.o
 *(.init9)
 *(.text)
 .text          0x00000000000001b8        0x4 /usr/lib/gcc/avr/4.8.2/../../../avr/lib/avr5/crtm644p.o
                0x00000000000001b8                __vector_22
                0x00000000000001b8                __vector_28
                0x00000000000001b8                __vector_1
                0x00000000000001b8                __vector_12
                0x00000000000001b8                __bad_interrupt
                0x00000000000001b8                __vector_6
                0x00000000000001b8                __vector_3
                0x00000000000001b8                __vector_23
                0x00000000000001b8                __vector_30
                0x00000000000001b8                __vector_25
                0x00000000000001b8                __vector_11
                0x00000000000001b8                __vector_17
                0x00000000000001b8                __vector_19
                0x00000000000001b8                __vector_7
                0x00000000000001b8                __vector_27
                0x00000000000001b8                __vector_5
                0x00000000000001b8                __vector_4
                0x00000000000001b8                __vector_2
                0x00000000000001b8                __vector_21
                0x00000000000001b8                __vector_15
                0x00000000000001b8                __vector_29
                0x00000000000001b8                __vector_8
                0x00000000000001b8                __vector_26
                0x00000000000001b8                __vector_14
                0x00000000000001b8                __vector_10
                0x00000000000001b8                __vector_18
                0x00000000000001b8                __vector_20
 .text          0x00000000000001bc        0x0 /usr/lib/gcc/avr/4.8.2/../../../avr/lib/avr5/libprintf_flt.a(vfprintf_flt.o)
 .text          0x00000000000001bc        0x0 ./main.o
 .text          0x00000000000001bc        0x0 /home/james/workspace_old/RBELib/Release/libRBELib.a(ADC.o)
 .text          0x00000000000001bc        0x0 /home/james/workspace_old/RBELib/Release/libRBELib.a(Debug.o)
 .text          0x00000000000001bc        0x0 /home/james/workspace_old/RBELib/Release/libRBELib.a(USARTDebug.o)
 .text          0x00000000000001bc        0x0 /home/james/workspace_old/RBELib/Release/libRBELib.a(constants.o)
 .text          0x00000000000001bc        0x0 /home/james/workspace_old/RBELib/Release/libRBELib.a(timer.o)
 .text          0x00000000000001bc        0x0 /home/james/workspace_old/RBELib/Release/libRBELib.a(SetServo.o)
 .text          0x00000000000001bc        0x0 /usr/lib/gcc/avr/4.8.2/../../../avr/lib/avr5/libm.a(divsf3.o)
 .text          0x00000000000001bc        0x0 /usr/lib/gcc/avr/4.8.2/../../../avr/lib/avr5/libm.a(divsf3x.o)
 .text          0x00000000000001bc        0x0 /usr/lib/gcc/avr/4.8.2/../../../avr/lib/avr5/libm.a(fixunssfsi.o)
 .text          0x00000000000001bc        0x0 /usr/lib/gcc/avr/4.8.2/../../../avr/lib/avr5/libm.a(floatsisf.o)
 .text          0x00000000000001bc        0x0 /usr/lib/gcc/avr/4.8.2/../../../avr/lib/avr5/libm.a(fp_inf.o)
 .text          0x00000000000001bc        0x0 /usr/lib/gcc/avr/4.8.2/../../../avr/lib/avr5/libm.a(fp_nan.o)
 .text          0x00000000000001bc        0x0 /usr/lib/gcc/avr/4.8.2/../../../avr/lib/avr5/libm.a(fp_pscA.o)
 .text          0x00000000000001bc        0x0 /usr/lib/gcc/avr/4.8.2/../../../avr/lib/avr5/libm.a(fp_pscB.o)
 .text          0x00000000000001bc        0x0 /usr/lib/gcc/avr/4.8.2/../../../avr/lib/avr5/libm.a(fp_round.o)
 .text          0x00000000000001bc        0x0 /usr/lib/gcc/avr/4.8.2/../../../avr/lib/avr5/libm.a(fp_split3.o)
 .text          0x00000000000001bc        0x0 /usr/lib/gcc/avr/4.8.2/../../../avr/lib/avr5/libm.a(fp_zero.o)
 .text          0x00000000000001bc        0x0 /usr/lib/gcc/avr/4.8.2/../../../avr/lib/avr5/libm.a(mulsf3.o)
 .text          0x00000000000001bc        0x0 /usr/lib/gcc/avr/4.8.2/../../../avr/lib/avr5/libm.a(mulsf3x.o)
 .text          0x00000000000001bc        0x0 /usr/lib/gcc/avr/4.8.2/avr5/libgcc.a(_muluhisi3.o)
 .text          0x00000000000001bc        0x0 /usr/lib/gcc/avr/4.8.2/avr5/libgcc.a(_udivmodsi4.o)
 .text          0x00000000000001bc        0x0 /usr/lib/gcc/avr/4.8.2/avr5/libgcc.a(_prologue.o)
 .text          0x00000000000001bc        0x0 /usr/lib/gcc/avr/4.8.2/avr5/libgcc.a(_epilogue.o)
 .text          0x00000000000001bc        0x0 /usr/lib/gcc/avr/4.8.2/avr5/libgcc.a(_exit.o)
 .text          0x00000000000001bc        0x0 /usr/lib/gcc/avr/4.8.2/avr5/libgcc.a(_copy_data.o)
 .text          0x00000000000001bc        0x0 /usr/lib/gcc/avr/4.8.2/avr5/libgcc.a(_clear_bss.o)
 .text          0x00000000000001bc        0x0 /usr/lib/gcc/avr/4.8.2/avr5/libgcc.a(_umulhisi3.o)
 .text          0x00000000000001bc        0x0 /usr/lib/gcc/avr/4.8.2/../../../avr/lib/avr5/libc.a(ftoa_engine.o)
 .text          0x00000000000001bc        0x0 /usr/lib/gcc/avr/4.8.2/../../../avr/lib/avr5/libc.a(strnlen_P.o)
 .text          0x00000000000001bc        0x0 /usr/lib/gcc/avr/4.8.2/../../../avr/lib/avr5/libc.a(strnlen.o)
 .text          0x00000000000001bc        0x0 /usr/lib/gcc/avr/4.8.2/../../../avr/lib/avr5/libc.a(fputc.o)
 .text          0x00000000000001bc        0x0 /usr/lib/gcc/avr/4.8.2/../../../avr/lib/avr5/libc.a(iob.o)
 .text          0x00000000000001bc        0x0 /usr/lib/gcc/avr/4.8.2/../../../avr/lib/avr5/libc.a(printf.o)
 .text          0x00000000000001bc        0x0 /usr/lib/gcc/avr/4.8.2/../../../avr/lib/avr5/libc.a(puts.o)
 .text          0x00000000000001bc        0x0 /usr/lib/gcc/avr/4.8.2/../../../avr/lib/avr5/libc.a(sprintf.o)
 .text          0x00000000000001bc        0x0 /usr/lib/gcc/avr/4.8.2/../../../avr/lib/avr5/libc.a(ultoa_invert.o)
                0x00000000000001bc                . = ALIGN (0x2)
 *(.text.*)
 .text.avr-libc
                0x00000000000001bc      0x6f6 /usr/lib/gcc/avr/4.8.2/../../../avr/lib/avr5/libprintf_flt.a(vfprintf_flt.o)
                0x00000000000001bc                vfprintf
 .text.ledFlopAndLog
                0x00000000000008b2       0x54 ./main.o
                0x00000000000008b2                ledFlopAndLog
 .text.logADC   0x0000000000000906       0x78 ./main.o
                0x0000000000000906                logADC
 .text.PWM      0x000000000000097e      0x12e ./main.o
                0x000000000000097e                PWM
 .text.runSampler
                0x0000000000000aac       0x64 ./main.o
                0x0000000000000aac                runSampler
 .text.testSingleADC
                0x0000000000000b10       0x1e ./main.o
                0x0000000000000b10                testSingleADC
 .text.startup.main
                0x0000000000000b2e       0x20 ./main.o
                0x0000000000000b2e                main
 .text.initADC  0x0000000000000b4e       0x6e /home/james/workspace_old/RBELib/Release/libRBELib.a(ADC.o)
                0x0000000000000b4e                initADC
 .text.clearADC
                0x0000000000000bbc       0x14 /home/james/workspace_old/RBELib/Release/libRBELib.a(ADC.o)
                0x0000000000000bbc                clearADC
 .text.getADCFree
                0x0000000000000bd0        0xa /home/james/workspace_old/RBELib/Release/libRBELib.a(ADC.o)
                0x0000000000000bd0                getADCFree
 .text.changeADC
                0x0000000000000bda       0x1c /home/james/workspace_old/RBELib/Release/libRBELib.a(ADC.o)
                0x0000000000000bda                changeADC
 .text.getADC   0x0000000000000bf6       0x2a /home/james/workspace_old/RBELib/Release/libRBELib.a(ADC.o)
                0x0000000000000bf6                getADC
 .text.setADCInterrupt
                0x0000000000000c20        0xa /home/james/workspace_old/RBELib/Release/libRBELib.a(ADC.o)
                0x0000000000000c20                setADCInterrupt
 .text.__vector_24
                0x0000000000000c2a       0x52 /home/james/workspace_old/RBELib/Release/libRBELib.a(ADC.o)
                0x0000000000000c2a                __vector_24
 .text.printfRBE
                0x0000000000000c7c        0xa /home/james/workspace_old/RBELib/Release/libRBELib.a(Debug.o)
                0x0000000000000c7c                printfRBE
 .text.initRBELib
                0x0000000000000c86       0x18 /home/james/workspace_old/RBELib/Release/libRBELib.a(Debug.o)
                0x0000000000000c86                initRBELib
 .text.debugUSARTInit
                0x0000000000000c9e       0x38 /home/james/workspace_old/RBELib/Release/libRBELib.a(USARTDebug.o)
                0x0000000000000c9e                debugUSARTInit
 .text.putCharDebug
                0x0000000000000cd6        0xe /home/james/workspace_old/RBELib/Release/libRBELib.a(USARTDebug.o)
                0x0000000000000cd6                putCharDebug
 .text.getCharDebug
                0x0000000000000ce4        0xe /home/james/workspace_old/RBELib/Release/libRBELib.a(USARTDebug.o)
                0x0000000000000ce4                getCharDebug
 .text.initTimer
                0x0000000000000cf2       0xb4 /home/james/workspace_old/RBELib/Release/libRBELib.a(timer.o)
                0x0000000000000cf2                initTimer
 .text.getTimer
                0x0000000000000da6       0x2c /home/james/workspace_old/RBELib/Release/libRBELib.a(timer.o)
                0x0000000000000da6                getTimer
 .text.initPWM  0x0000000000000dd2       0x38 /home/james/workspace_old/RBELib/Release/libRBELib.a(timer.o)
                0x0000000000000dd2                initPWM
 .text.setPWM   0x0000000000000e0a       0x2e /home/james/workspace_old/RBELib/Release/libRBELib.a(timer.o)
                0x0000000000000e0a                setPWM
 .text.setCompValue
                0x0000000000000e38       0x44 /home/james/workspace_old/RBELib/Release/libRBELib.a(timer.o)
                0x0000000000000e38                setCompValue
 .text.setTimerInterrupt
                0x0000000000000e7c       0x2a /home/james/workspace_old/RBELib/Release/libRBELib.a(timer.o)
                0x0000000000000e7c                setTimerInterrupt
 .text.__vector_16
                0x0000000000000ea6       0x52 /home/james/workspace_old/RBELib/Release/libRBELib.a(timer.o)
                0x0000000000000ea6                __vector_16
 .text.__vector_13
                0x0000000000000ef8       0x52 /home/james/workspace_old/RBELib/Release/libRBELib.a(timer.o)
                0x0000000000000ef8                __vector_13
 .text.__vector_9
                0x0000000000000f4a       0x52 /home/james/workspace_old/RBELib/Release/libRBELib.a(timer.o)
                0x0000000000000f4a                __vector_9
 .text.initAltCom
                0x0000000000000f9c       0x38 /home/james/workspace_old/RBELib/Release/libRBELib.a(SetServo.o)
                0x0000000000000f9c                initAltCom
 .text.setCharDebug
                0x0000000000000fd4        0xe /home/james/workspace_old/RBELib/Release/libRBELib.a(SetServo.o)
                0x0000000000000fd4                setCharDebug
 .text.coPrintf
                0x0000000000000fe2       0x18 /home/james/workspace_old/RBELib/Release/libRBELib.a(SetServo.o)
                0x0000000000000fe2                coPrintf
 .text.setServo
                0x0000000000000ffa       0x5c /home/james/workspace_old/RBELib/Release/libRBELib.a(SetServo.o)
                0x0000000000000ffa                setServo
 .text.avr-libc.fplib
                0x0000000000001056        0x4 /usr/lib/gcc/avr/4.8.2/../../../avr/lib/avr5/libm.a(divsf3.o)
                0x0000000000001056                __divsf3
 .text.avr-libc.fplib
                0x000000000000105a       0xcc /usr/lib/gcc/avr/4.8.2/../../../avr/lib/avr5/libm.a(divsf3x.o)
                0x0000000000001070                __divsf3x
                0x0000000000001074                __divsf3_pse
 .text.avr-libc.fplib
                0x0000000000001126       0x58 /usr/lib/gcc/avr/4.8.2/../../../avr/lib/avr5/libm.a(fixunssfsi.o)
                0x0000000000001126                __fixunssfsi
 .text.avr-libc.fplib
                0x000000000000117e       0x7a /usr/lib/gcc/avr/4.8.2/../../../avr/lib/avr5/libm.a(floatsisf.o)
                0x000000000000117e                __floatunsisf
                0x0000000000001182                __floatsisf
 .text.avr-libc.fplib
                0x00000000000011f8        0xc /usr/lib/gcc/avr/4.8.2/../../../avr/lib/avr5/libm.a(fp_inf.o)
                0x00000000000011f8                __fp_inf
 .text.avr-libc.fplib
                0x0000000000001204        0x6 /usr/lib/gcc/avr/4.8.2/../../../avr/lib/avr5/libm.a(fp_nan.o)
                0x0000000000001204                __fp_nan
 .text.avr-libc.fplib
                0x000000000000120a        0xe /usr/lib/gcc/avr/4.8.2/../../../avr/lib/avr5/libm.a(fp_pscA.o)
                0x000000000000120a                __fp_pscA
 .text.avr-libc.fplib
                0x0000000000001218        0xe /usr/lib/gcc/avr/4.8.2/../../../avr/lib/avr5/libm.a(fp_pscB.o)
                0x0000000000001218                __fp_pscB
 .text.avr-libc.fplib
                0x0000000000001226       0x22 /usr/lib/gcc/avr/4.8.2/../../../avr/lib/avr5/libm.a(fp_round.o)
                0x0000000000001226                __fp_round
 .text.avr-libc.fplib
                0x0000000000001248       0x44 /usr/lib/gcc/avr/4.8.2/../../../avr/lib/avr5/libm.a(fp_split3.o)
                0x0000000000001248                __fp_split3
                0x0000000000001258                __fp_splitA
 .text.avr-libc.fplib
                0x000000000000128c        0xe /usr/lib/gcc/avr/4.8.2/../../../avr/lib/avr5/libm.a(fp_zero.o)
                0x000000000000128c                __fp_zero
                0x000000000000128e                __fp_szero
 .text.avr-libc.fplib
                0x000000000000129a        0x4 /usr/lib/gcc/avr/4.8.2/../../../avr/lib/avr5/libm.a(mulsf3.o)
                0x000000000000129a                __mulsf3
 .text.avr-libc.fplib
                0x000000000000129e       0xc2 /usr/lib/gcc/avr/4.8.2/../../../avr/lib/avr5/libm.a(mulsf3x.o)
                0x00000000000012b2                __mulsf3x
                0x00000000000012b6                __mulsf3_pse
 .text.libgcc.mul
                0x0000000000001360       0x16 /usr/lib/gcc/avr/4.8.2/avr5/libgcc.a(_muluhisi3.o)
                0x0000000000001360                __muluhisi3
 .text.libgcc.div
                0x0000000000001376        0x0 /usr/lib/gcc/avr/4.8.2/avr5/libgcc.a(_muluhisi3.o)
 .text.libgcc   0x0000000000001376        0x0 /usr/lib/gcc/avr/4.8.2/avr5/libgcc.a(_muluhisi3.o)
 .text.libgcc.prologue
                0x0000000000001376        0x0 /usr/lib/gcc/avr/4.8.2/avr5/libgcc.a(_muluhisi3.o)
 .text.libgcc.builtins
                0x0000000000001376        0x0 /usr/lib/gcc/avr/4.8.2/avr5/libgcc.a(_muluhisi3.o)
 .text.libgcc.fmul
                0x0000000000001376        0x0 /usr/lib/gcc/avr/4.8.2/avr5/libgcc.a(_muluhisi3.o)
 .text.libgcc.fixed
                0x0000000000001376        0x0 /usr/lib/gcc/avr/4.8.2/avr5/libgcc.a(_muluhisi3.o)
 .text.libgcc.mul
                0x0000000000001376        0x0 /usr/lib/gcc/avr/4.8.2/avr5/libgcc.a(_udivmodsi4.o)
 .text.libgcc.div
                0x0000000000001376       0x44 /usr/lib/gcc/avr/4.8.2/avr5/libgcc.a(_udivmodsi4.o)
                0x0000000000001376                __udivmodsi4
 .text.libgcc   0x00000000000013ba        0x0 /usr/lib/gcc/avr/4.8.2/avr5/libgcc.a(_udivmodsi4.o)
 .text.libgcc.prologue
                0x00000000000013ba        0x0 /usr/lib/gcc/avr/4.8.2/avr5/libgcc.a(_udivmodsi4.o)
 .text.libgcc.builtins
                0x00000000000013ba        0x0 /usr/lib/gcc/avr/4.8.2/avr5/libgcc.a(_udivmodsi4.o)
 .text.libgcc.fmul
                0x00000000000013ba        0x0 /usr/lib/gcc/avr/4.8.2/avr5/libgcc.a(_udivmodsi4.o)
 .text.libgcc.fixed
                0x00000000000013ba        0x0 /usr/lib/gcc/avr/4.8.2/avr5/libgcc.a(_udivmodsi4.o)
 .text.libgcc.mul
                0x00000000000013ba        0x0 /usr/lib/gcc/avr/4.8.2/avr5/libgcc.a(_prologue.o)
 .text.libgcc.div
                0x00000000000013ba        0x0 /usr/lib/gcc/avr/4.8.2/avr5/libgcc.a(_prologue.o)
 .text.libgcc   0x00000000000013ba        0x0 /usr/lib/gcc/avr/4.8.2/avr5/libgcc.a(_prologue.o)
 .text.libgcc.prologue
                0x00000000000013ba       0x38 /usr/lib/gcc/avr/4.8.2/avr5/libgcc.a(_prologue.o)
                0x00000000000013ba                __prologue_saves__
 .text.libgcc.builtins
                0x00000000000013f2        0x0 /usr/lib/gcc/avr/4.8.2/avr5/libgcc.a(_prologue.o)
 .text.libgcc.fmul
                0x00000000000013f2        0x0 /usr/lib/gcc/avr/4.8.2/avr5/libgcc.a(_prologue.o)
 .text.libgcc.fixed
                0x00000000000013f2        0x0 /usr/lib/gcc/avr/4.8.2/avr5/libgcc.a(_prologue.o)
 .text.libgcc.mul
                0x00000000000013f2        0x0 /usr/lib/gcc/avr/4.8.2/avr5/libgcc.a(_epilogue.o)
 .text.libgcc.div
                0x00000000000013f2        0x0 /usr/lib/gcc/avr/4.8.2/avr5/libgcc.a(_epilogue.o)
 .text.libgcc   0x00000000000013f2        0x0 /usr/lib/gcc/avr/4.8.2/avr5/libgcc.a(_epilogue.o)
 .text.libgcc.prologue
                0x00000000000013f2       0x36 /usr/lib/gcc/avr/4.8.2/avr5/libgcc.a(_epilogue.o)
                0x00000000000013f2                __epilogue_restores__
 .text.libgcc.builtins
                0x0000000000001428        0x0 /usr/lib/gcc/avr/4.8.2/avr5/libgcc.a(_epilogue.o)
 .text.libgcc.fmul
                0x0000000000001428        0x0 /usr/lib/gcc/avr/4.8.2/avr5/libgcc.a(_epilogue.o)
 .text.libgcc.fixed
                0x0000000000001428        0x0 /usr/lib/gcc/avr/4.8.2/avr5/libgcc.a(_epilogue.o)
 .text.libgcc.mul
                0x0000000000001428        0x0 /usr/lib/gcc/avr/4.8.2/avr5/libgcc.a(_exit.o)
 .text.libgcc.div
                0x0000000000001428        0x0 /usr/lib/gcc/avr/4.8.2/avr5/libgcc.a(_exit.o)
 .text.libgcc   0x0000000000001428        0x0 /usr/lib/gcc/avr/4.8.2/avr5/libgcc.a(_exit.o)
 .text.libgcc.prologue
                0x0000000000001428        0x0 /usr/lib/gcc/avr/4.8.2/avr5/libgcc.a(_exit.o)
 .text.libgcc.builtins
                0x0000000000001428        0x0 /usr/lib/gcc/avr/4.8.2/avr5/libgcc.a(_exit.o)
 .text.libgcc.fmul
                0x0000000000001428        0x0 /usr/lib/gcc/avr/4.8.2/avr5/libgcc.a(_exit.o)
 .text.libgcc.fixed
                0x0000000000001428        0x0 /usr/lib/gcc/avr/4.8.2/avr5/libgcc.a(_exit.o)
 .text.libgcc.mul
                0x0000000000001428        0x0 /usr/lib/gcc/avr/4.8.2/avr5/libgcc.a(_copy_data.o)
 .text.libgcc.div
                0x0000000000001428        0x0 /usr/lib/gcc/avr/4.8.2/avr5/libgcc.a(_copy_data.o)
 .text.libgcc   0x0000000000001428        0x0 /usr/lib/gcc/avr/4.8.2/avr5/libgcc.a(_copy_data.o)
 .text.libgcc.prologue
                0x0000000000001428        0x0 /usr/lib/gcc/avr/4.8.2/avr5/libgcc.a(_copy_data.o)
 .text.libgcc.builtins
                0x0000000000001428        0x0 /usr/lib/gcc/avr/4.8.2/avr5/libgcc.a(_copy_data.o)
 .text.libgcc.fmul
                0x0000000000001428        0x0 /usr/lib/gcc/avr/4.8.2/avr5/libgcc.a(_copy_data.o)
 .text.libgcc.fixed
                0x0000000000001428        0x0 /usr/lib/gcc/avr/4.8.2/avr5/libgcc.a(_copy_data.o)
 .text.libgcc.mul
                0x0000000000001428        0x0 /usr/lib/gcc/avr/4.8.2/avr5/libgcc.a(_clear_bss.o)
 .text.libgcc.div
                0x0000000000001428        0x0 /usr/lib/gcc/avr/4.8.2/avr5/libgcc.a(_clear_bss.o)
 .text.libgcc   0x0000000000001428        0x0 /usr/lib/gcc/avr/4.8.2/avr5/libgcc.a(_clear_bss.o)
 .text.libgcc.prologue
                0x0000000000001428        0x0 /usr/lib/gcc/avr/4.8.2/avr5/libgcc.a(_clear_bss.o)
 .text.libgcc.builtins
                0x0000000000001428        0x0 /usr/lib/gcc/avr/4.8.2/avr5/libgcc.a(_clear_bss.o)
 .text.libgcc.fmul
                0x0000000000001428        0x0 /usr/lib/gcc/avr/4.8.2/avr5/libgcc.a(_clear_bss.o)
 .text.libgcc.fixed
                0x0000000000001428        0x0 /usr/lib/gcc/avr/4.8.2/avr5/libgcc.a(_clear_bss.o)
 .text.libgcc.mul
                0x0000000000001428       0x1e /usr/lib/gcc/avr/4.8.2/avr5/libgcc.a(_umulhisi3.o)
                0x0000000000001428                __umulhisi3
 .text.libgcc.div
                0x0000000000001446        0x0 /usr/lib/gcc/avr/4.8.2/avr5/libgcc.a(_umulhisi3.o)
 .text.libgcc   0x0000000000001446        0x0 /usr/lib/gcc/avr/4.8.2/avr5/libgcc.a(_umulhisi3.o)
 .text.libgcc.prologue
                0x0000000000001446        0x0 /usr/lib/gcc/avr/4.8.2/avr5/libgcc.a(_umulhisi3.o)
 .text.libgcc.builtins
                0x0000000000001446        0x0 /usr/lib/gcc/avr/4.8.2/avr5/libgcc.a(_umulhisi3.o)
 .text.libgcc.fmul
                0x0000000000001446        0x0 /usr/lib/gcc/avr/4.8.2/avr5/libgcc.a(_umulhisi3.o)
 .text.libgcc.fixed
                0x0000000000001446        0x0 /usr/lib/gcc/avr/4.8.2/avr5/libgcc.a(_umulhisi3.o)
 .text.avr-libc
                0x0000000000001446      0x1b0 /usr/lib/gcc/avr/4.8.2/../../../avr/lib/avr5/libc.a(ftoa_engine.o)
                0x0000000000001446                __ftoa_engine
 .text.avr-libc
                0x00000000000015f6       0x16 /usr/lib/gcc/avr/4.8.2/../../../avr/lib/avr5/libc.a(strnlen_P.o)
                0x00000000000015f6                strnlen_P
 .text.avr-libc
                0x000000000000160c       0x16 /usr/lib/gcc/avr/4.8.2/../../../avr/lib/avr5/libc.a(strnlen.o)
                0x000000000000160c                strnlen
 .text.avr-libc
                0x0000000000001622       0x64 /usr/lib/gcc/avr/4.8.2/../../../avr/lib/avr5/libc.a(fputc.o)
                0x0000000000001622                fputc
 .text.avr-libc
                0x0000000000001686       0x28 /usr/lib/gcc/avr/4.8.2/../../../avr/lib/avr5/libc.a(printf.o)
                0x0000000000001686                printf
 .text.avr-libc
                0x00000000000016ae       0x5a /usr/lib/gcc/avr/4.8.2/../../../avr/lib/avr5/libc.a(puts.o)
                0x00000000000016ae                puts
 .text.avr-libc
                0x0000000000001708       0x44 /usr/lib/gcc/avr/4.8.2/../../../avr/lib/avr5/libc.a(sprintf.o)
                0x0000000000001708                sprintf
 .text.avr-libc
                0x000000000000174c       0xbc /usr/lib/gcc/avr/4.8.2/../../../avr/lib/avr5/libc.a(ultoa_invert.o)
                0x000000000000174c                __ultoa_invert
                0x0000000000001808                . = ALIGN (0x2)
 *(.fini9)
 .fini9         0x0000000000001808        0x0 /usr/lib/gcc/avr/4.8.2/avr5/libgcc.a(_exit.o)
                0x0000000000001808                exit
                0x0000000000001808                _exit
 *(.fini9)
 *(.fini8)
 *(.fini8)
 *(.fini7)
 *(.fini7)
 *(.fini6)
 *(.fini6)
 *(.fini5)
 *(.fini5)
 *(.fini4)
 *(.fini4)
 *(.fini3)
 *(.fini3)
 *(.fini2)
 *(.fini2)
 *(.fini1)
 *(.fini1)
 *(.fini0)
 .fini0         0x0000000000001808        0x4 /usr/lib/gcc/avr/4.8.2/avr5/libgcc.a(_exit.o)
 *(.fini0)
                0x000000000000180c                _etext = .

.data           0x0000000000800100       0x88 load address 0x000000000000180c
                0x0000000000800100                PROVIDE (__data_start, .)
 *(.data)
 .data          0x0000000000800100        0x0 /usr/lib/gcc/avr/4.8.2/../../../avr/lib/avr5/crtm644p.o
 .data          0x0000000000800100        0x0 /usr/lib/gcc/avr/4.8.2/../../../avr/lib/avr5/libprintf_flt.a(vfprintf_flt.o)
 .data          0x0000000000800100        0x0 ./main.o
 .data          0x0000000000800100        0x0 /home/james/workspace_old/RBELib/Release/libRBELib.a(ADC.o)
 .data          0x0000000000800100        0x0 /home/james/workspace_old/RBELib/Release/libRBELib.a(Debug.o)
 .data          0x0000000000800100        0x0 /home/james/workspace_old/RBELib/Release/libRBELib.a(USARTDebug.o)
 .data          0x0000000000800100        0x0 /home/james/workspace_old/RBELib/Release/libRBELib.a(constants.o)
 .data          0x0000000000800100        0x0 /home/james/workspace_old/RBELib/Release/libRBELib.a(timer.o)
 .data          0x0000000000800100        0x0 /home/james/workspace_old/RBELib/Release/libRBELib.a(SetServo.o)
 .data          0x0000000000800100        0x0 /usr/lib/gcc/avr/4.8.2/../../../avr/lib/avr5/libm.a(divsf3.o)
 .data          0x0000000000800100        0x0 /usr/lib/gcc/avr/4.8.2/../../../avr/lib/avr5/libm.a(divsf3x.o)
 .data          0x0000000000800100        0x0 /usr/lib/gcc/avr/4.8.2/../../../avr/lib/avr5/libm.a(fixunssfsi.o)
 .data          0x0000000000800100        0x0 /usr/lib/gcc/avr/4.8.2/../../../avr/lib/avr5/libm.a(floatsisf.o)
 .data          0x0000000000800100        0x0 /usr/lib/gcc/avr/4.8.2/../../../avr/lib/avr5/libm.a(fp_inf.o)
 .data          0x0000000000800100        0x0 /usr/lib/gcc/avr/4.8.2/../../../avr/lib/avr5/libm.a(fp_nan.o)
 .data          0x0000000000800100        0x0 /usr/lib/gcc/avr/4.8.2/../../../avr/lib/avr5/libm.a(fp_pscA.o)
 .data          0x0000000000800100        0x0 /usr/lib/gcc/avr/4.8.2/../../../avr/lib/avr5/libm.a(fp_pscB.o)
 .data          0x0000000000800100        0x0 /usr/lib/gcc/avr/4.8.2/../../../avr/lib/avr5/libm.a(fp_round.o)
 .data          0x0000000000800100        0x0 /usr/lib/gcc/avr/4.8.2/../../../avr/lib/avr5/libm.a(fp_split3.o)
 .data          0x0000000000800100        0x0 /usr/lib/gcc/avr/4.8.2/../../../avr/lib/avr5/libm.a(fp_zero.o)
 .data          0x0000000000800100        0x0 /usr/lib/gcc/avr/4.8.2/../../../avr/lib/avr5/libm.a(mulsf3.o)
 .data          0x0000000000800100        0x0 /usr/lib/gcc/avr/4.8.2/../../../avr/lib/avr5/libm.a(mulsf3x.o)
 .data          0x0000000000800100        0x0 /usr/lib/gcc/avr/4.8.2/avr5/libgcc.a(_muluhisi3.o)
 .data          0x0000000000800100        0x0 /usr/lib/gcc/avr/4.8.2/avr5/libgcc.a(_udivmodsi4.o)
 .data          0x0000000000800100        0x0 /usr/lib/gcc/avr/4.8.2/avr5/libgcc.a(_prologue.o)
 .data          0x0000000000800100        0x0 /usr/lib/gcc/avr/4.8.2/avr5/libgcc.a(_epilogue.o)
 .data          0x0000000000800100        0x0 /usr/lib/gcc/avr/4.8.2/avr5/libgcc.a(_exit.o)
 .data          0x0000000000800100        0x0 /usr/lib/gcc/avr/4.8.2/avr5/libgcc.a(_copy_data.o)
 .data          0x0000000000800100        0x0 /usr/lib/gcc/avr/4.8.2/avr5/libgcc.a(_clear_bss.o)
 .data          0x0000000000800100        0x0 /usr/lib/gcc/avr/4.8.2/avr5/libgcc.a(_umulhisi3.o)
 .data          0x0000000000800100        0x0 /usr/lib/gcc/avr/4.8.2/../../../avr/lib/avr5/libc.a(ftoa_engine.o)
 .data          0x0000000000800100        0x0 /usr/lib/gcc/avr/4.8.2/../../../avr/lib/avr5/libc.a(strnlen_P.o)
 .data          0x0000000000800100        0x0 /usr/lib/gcc/avr/4.8.2/../../../avr/lib/avr5/libc.a(strnlen.o)
 .data          0x0000000000800100        0x0 /usr/lib/gcc/avr/4.8.2/../../../avr/lib/avr5/libc.a(fputc.o)
 .data          0x0000000000800100        0x0 /usr/lib/gcc/avr/4.8.2/../../../avr/lib/avr5/libc.a(iob.o)
 .data          0x0000000000800100        0x0 /usr/lib/gcc/avr/4.8.2/../../../avr/lib/avr5/libc.a(printf.o)
 .data          0x0000000000800100        0x0 /usr/lib/gcc/avr/4.8.2/../../../avr/lib/avr5/libc.a(puts.o)
 .data          0x0000000000800100        0x0 /usr/lib/gcc/avr/4.8.2/../../../avr/lib/avr5/libc.a(sprintf.o)
 .data          0x0000000000800100        0x0 /usr/lib/gcc/avr/4.8.2/../../../avr/lib/avr5/libc.a(ultoa_invert.o)
 *(.data*)
 .data.RBEOut   0x0000000000800100        0xe /home/james/workspace_old/RBELib/Release/libRBELib.a(Debug.o)
 *(.rodata)
 *(.rodata*)
 .rodata.str1.1
                0x000000000080010e       0x4f ./main.o
                                         0x56 (size before relaxing)
 .rodata.Tu     0x000000000080015d        0x4 /home/james/workspace_old/RBELib/Release/libRBELib.a(constants.o)
                0x000000000080015d                Tu
 .rodata.Ku     0x0000000000800161        0x4 /home/james/workspace_old/RBELib/Release/libRBELib.a(constants.o)
                0x0000000000800161                Ku
 .rodata.kdt    0x0000000000800165        0x4 /home/james/workspace_old/RBELib/Release/libRBELib.a(constants.o)
                0x0000000000800165                kdt
 .rodata.kVMotor
                0x0000000000800169        0x2 /home/james/workspace_old/RBELib/Release/libRBELib.a(constants.o)
                0x0000000000800169                kVMotor
 .rodata.kPotRawToVolts
                0x000000000080016b        0x2 /home/james/workspace_old/RBELib/Release/libRBELib.a(constants.o)
                0x000000000080016b                kPotRawToVolts
 .rodata.kRawOffset
                0x000000000080016d        0x2 /home/james/workspace_old/RBELib/Release/libRBELib.a(constants.o)
                0x000000000080016d                kRawOffset
 .rodata.kPotRawToAngleScale
                0x000000000080016f        0x4 /home/james/workspace_old/RBELib/Release/libRBELib.a(constants.o)
                0x000000000080016f                kPotRawToAngleScale
 .rodata.str1.1
                0x0000000000800173       0x14 /home/james/workspace_old/RBELib/Release/libRBELib.a(SetServo.o)
 *(.gnu.linkonce.d*)
                0x0000000000800188                . = ALIGN (0x2)
 *fill*         0x0000000000800187        0x1 
                0x0000000000800188                _edata = .
                0x0000000000800188                PROVIDE (__data_end, .)

.bss            0x0000000000800188       0x11
                0x0000000000800188                PROVIDE (__bss_start, .)
 *(.bss)
 .bss           0x0000000000800188        0x0 /usr/lib/gcc/avr/4.8.2/../../../avr/lib/avr5/crtm644p.o
 .bss           0x0000000000800188        0x0 /usr/lib/gcc/avr/4.8.2/../../../avr/lib/avr5/libprintf_flt.a(vfprintf_flt.o)
 .bss           0x0000000000800188        0x0 ./main.o
 .bss           0x0000000000800188        0x0 /home/james/workspace_old/RBELib/Release/libRBELib.a(ADC.o)
 .bss           0x0000000000800188        0x0 /home/james/workspace_old/RBELib/Release/libRBELib.a(Debug.o)
 .bss           0x0000000000800188        0x0 /home/james/workspace_old/RBELib/Release/libRBELib.a(USARTDebug.o)
 .bss           0x0000000000800188        0x0 /home/james/workspace_old/RBELib/Release/libRBELib.a(constants.o)
 .bss           0x0000000000800188        0x0 /home/james/workspace_old/RBELib/Release/libRBELib.a(timer.o)
 .bss           0x0000000000800188        0x0 /home/james/workspace_old/RBELib/Release/libRBELib.a(SetServo.o)
 .bss           0x0000000000800188        0x0 /usr/lib/gcc/avr/4.8.2/../../../avr/lib/avr5/libm.a(divsf3.o)
 .bss           0x0000000000800188        0x0 /usr/lib/gcc/avr/4.8.2/../../../avr/lib/avr5/libm.a(divsf3x.o)
 .bss           0x0000000000800188        0x0 /usr/lib/gcc/avr/4.8.2/../../../avr/lib/avr5/libm.a(fixunssfsi.o)
 .bss           0x0000000000800188        0x0 /usr/lib/gcc/avr/4.8.2/../../../avr/lib/avr5/libm.a(floatsisf.o)
 .bss           0x0000000000800188        0x0 /usr/lib/gcc/avr/4.8.2/../../../avr/lib/avr5/libm.a(fp_inf.o)
 .bss           0x0000000000800188        0x0 /usr/lib/gcc/avr/4.8.2/../../../avr/lib/avr5/libm.a(fp_nan.o)
 .bss           0x0000000000800188        0x0 /usr/lib/gcc/avr/4.8.2/../../../avr/lib/avr5/libm.a(fp_pscA.o)
 .bss           0x0000000000800188        0x0 /usr/lib/gcc/avr/4.8.2/../../../avr/lib/avr5/libm.a(fp_pscB.o)
 .bss           0x0000000000800188        0x0 /usr/lib/gcc/avr/4.8.2/../../../avr/lib/avr5/libm.a(fp_round.o)
 .bss           0x0000000000800188        0x0 /usr/lib/gcc/avr/4.8.2/../../../avr/lib/avr5/libm.a(fp_split3.o)
 .bss           0x0000000000800188        0x0 /usr/lib/gcc/avr/4.8.2/../../../avr/lib/avr5/libm.a(fp_zero.o)
 .bss           0x0000000000800188        0x0 /usr/lib/gcc/avr/4.8.2/../../../avr/lib/avr5/libm.a(mulsf3.o)
 .bss           0x0000000000800188        0x0 /usr/lib/gcc/avr/4.8.2/../../../avr/lib/avr5/libm.a(mulsf3x.o)
 .bss           0x0000000000800188        0x0 /usr/lib/gcc/avr/4.8.2/avr5/libgcc.a(_muluhisi3.o)
 .bss           0x0000000000800188        0x0 /usr/lib/gcc/avr/4.8.2/avr5/libgcc.a(_udivmodsi4.o)
 .bss           0x0000000000800188        0x0 /usr/lib/gcc/avr/4.8.2/avr5/libgcc.a(_prologue.o)
 .bss           0x0000000000800188        0x0 /usr/lib/gcc/avr/4.8.2/avr5/libgcc.a(_epilogue.o)
 .bss           0x0000000000800188        0x0 /usr/lib/gcc/avr/4.8.2/avr5/libgcc.a(_exit.o)
 .bss           0x0000000000800188        0x0 /usr/lib/gcc/avr/4.8.2/avr5/libgcc.a(_copy_data.o)
 .bss           0x0000000000800188        0x0 /usr/lib/gcc/avr/4.8.2/avr5/libgcc.a(_clear_bss.o)
 .bss           0x0000000000800188        0x0 /usr/lib/gcc/avr/4.8.2/avr5/libgcc.a(_umulhisi3.o)
 .bss           0x0000000000800188        0x0 /usr/lib/gcc/avr/4.8.2/../../../avr/lib/avr5/libc.a(ftoa_engine.o)
 .bss           0x0000000000800188        0x0 /usr/lib/gcc/avr/4.8.2/../../../avr/lib/avr5/libc.a(strnlen_P.o)
 .bss           0x0000000000800188        0x0 /usr/lib/gcc/avr/4.8.2/../../../avr/lib/avr5/libc.a(strnlen.o)
 .bss           0x0000000000800188        0x0 /usr/lib/gcc/avr/4.8.2/../../../avr/lib/avr5/libc.a(fputc.o)
 .bss           0x0000000000800188        0x0 /usr/lib/gcc/avr/4.8.2/../../../avr/lib/avr5/libc.a(iob.o)
 .bss           0x0000000000800188        0x0 /usr/lib/gcc/avr/4.8.2/../../../avr/lib/avr5/libc.a(printf.o)
 .bss           0x0000000000800188        0x0 /usr/lib/gcc/avr/4.8.2/../../../avr/lib/avr5/libc.a(puts.o)
 .bss           0x0000000000800188        0x0 /usr/lib/gcc/avr/4.8.2/../../../avr/lib/avr5/libc.a(sprintf.o)
 .bss           0x0000000000800188        0x0 /usr/lib/gcc/avr/4.8.2/../../../avr/lib/avr5/libc.a(ultoa_invert.o)
 *(.bss*)
 .bss.count     0x0000000000800188        0x2 ./main.o
 .bss.printADC  0x000000000080018a        0x1 ./main.o
 .bss.g_ADCCallback
                0x000000000080018b        0x2 /home/james/workspace_old/RBELib/Release/libRBELib.a(ADC.o)
 .bss.timer2    0x000000000080018d        0x2 /home/james/workspace_old/RBELib/Release/libRBELib.a(timer.o)
 .bss.timer1    0x000000000080018f        0x2 /home/james/workspace_old/RBELib/Release/libRBELib.a(timer.o)
 .bss.timer0    0x0000000000800191        0x2 /home/james/workspace_old/RBELib/Release/libRBELib.a(timer.o)
 *(COMMON)
 COMMON         0x0000000000800193        0x0 ./main.o
 COMMON         0x0000000000800193        0x6 /usr/lib/gcc/avr/4.8.2/../../../avr/lib/avr5/libc.a(iob.o)
                0x0000000000800193                __iob
                0x0000000000800199                PROVIDE (__bss_end, .)
                0x000000000000180c                __data_load_start = LOADADDR (.data)
                0x0000000000001894                __data_load_end = (__data_load_start + SIZEOF (.data))

.noinit         0x0000000000800199        0x0
                0x0000000000800199                PROVIDE (__noinit_start, .)
 *(.noinit*)
                0x0000000000800199                PROVIDE (__noinit_end, .)
                0x0000000000800199                _end = .
                0x0000000000800199                PROVIDE (__heap_start, .)

.eeprom         0x0000000000810000        0x0
 *(.eeprom*)
                0x0000000000810000                __eeprom_end = .

.fuse
 *(.fuse)
 *(.lfuse)
 *(.hfuse)
 *(.efuse)

.lock
 *(.lock*)

.signature
 *(.signature*)

.user_signatures
 *(.user_signatures*)

.stab           0x0000000000000000     0x4fa4
 *(.stab)
 .stab          0x0000000000000000      0x6cc /usr/lib/gcc/avr/4.8.2/../../../avr/lib/avr5/crtm644p.o
 .stab          0x00000000000006cc     0x1404 /usr/lib/gcc/avr/4.8.2/../../../avr/lib/avr5/libprintf_flt.a(vfprintf_flt.o)
                                       0x1410 (size before relaxing)
 .stab          0x0000000000001ad0       0x48 /usr/lib/gcc/avr/4.8.2/../../../avr/lib/avr5/libm.a(divsf3.o)
                                         0x54 (size before relaxing)
 .stab          0x0000000000001b18      0x510 /usr/lib/gcc/avr/4.8.2/../../../avr/lib/avr5/libm.a(divsf3x.o)
                                        0x51c (size before relaxing)
 .stab          0x0000000000002028      0x240 /usr/lib/gcc/avr/4.8.2/../../../avr/lib/avr5/libm.a(fixunssfsi.o)
                                        0x24c (size before relaxing)
 .stab          0x0000000000002268      0x318 /usr/lib/gcc/avr/4.8.2/../../../avr/lib/avr5/libm.a(floatsisf.o)
                                        0x324 (size before relaxing)
 .stab          0x0000000000002580       0x78 /usr/lib/gcc/avr/4.8.2/../../../avr/lib/avr5/libm.a(fp_inf.o)
                                         0x84 (size before relaxing)
 .stab          0x00000000000025f8       0x54 /usr/lib/gcc/avr/4.8.2/../../../avr/lib/avr5/libm.a(fp_nan.o)
                                         0x60 (size before relaxing)
 .stab          0x000000000000264c       0x84 /usr/lib/gcc/avr/4.8.2/../../../avr/lib/avr5/libm.a(fp_pscA.o)
                                         0x90 (size before relaxing)
 .stab          0x00000000000026d0       0x84 /usr/lib/gcc/avr/4.8.2/../../../avr/lib/avr5/libm.a(fp_pscB.o)
                                         0x90 (size before relaxing)
 .stab          0x0000000000002754       0xfc /usr/lib/gcc/avr/4.8.2/../../../avr/lib/avr5/libm.a(fp_round.o)
                                        0x108 (size before relaxing)
 .stab          0x0000000000002850      0x1d4 /usr/lib/gcc/avr/4.8.2/../../../avr/lib/avr5/libm.a(fp_split3.o)
                                        0x1e0 (size before relaxing)
 .stab          0x0000000000002a24       0x90 /usr/lib/gcc/avr/4.8.2/../../../avr/lib/avr5/libm.a(fp_zero.o)
                                         0x9c (size before relaxing)
 .stab          0x0000000000002ab4       0x48 /usr/lib/gcc/avr/4.8.2/../../../avr/lib/avr5/libm.a(mulsf3.o)
                                         0x54 (size before relaxing)
 .stab          0x0000000000002afc      0x4d4 /usr/lib/gcc/avr/4.8.2/../../../avr/lib/avr5/libm.a(mulsf3x.o)
                                        0x4e0 (size before relaxing)
 .stab          0x0000000000002fd0      0xa38 /usr/lib/gcc/avr/4.8.2/../../../avr/lib/avr5/libc.a(ftoa_engine.o)
                                        0xa44 (size before relaxing)
 .stab          0x0000000000003a08       0x9c /usr/lib/gcc/avr/4.8.2/../../../avr/lib/avr5/libc.a(strnlen_P.o)
                                         0xa8 (size before relaxing)
 .stab          0x0000000000003aa4       0x9c /usr/lib/gcc/avr/4.8.2/../../../avr/lib/avr5/libc.a(strnlen.o)
                                         0xa8 (size before relaxing)
 .stab          0x0000000000003b40      0x354 /usr/lib/gcc/avr/4.8.2/../../../avr/lib/avr5/libc.a(fputc.o)
                                        0x534 (size before relaxing)
 .stab          0x0000000000003e94      0x2ac /usr/lib/gcc/avr/4.8.2/../../../avr/lib/avr5/libc.a(iob.o)
                                        0x48c (size before relaxing)
 .stab          0x0000000000004140      0x30c /usr/lib/gcc/avr/4.8.2/../../../avr/lib/avr5/libc.a(printf.o)
                                        0x4ec (size before relaxing)
 .stab          0x000000000000444c      0x36c /usr/lib/gcc/avr/4.8.2/../../../avr/lib/avr5/libc.a(puts.o)
                                        0x54c (size before relaxing)
 .stab          0x00000000000047b8      0x36c /usr/lib/gcc/avr/4.8.2/../../../avr/lib/avr5/libc.a(sprintf.o)
                                        0x54c (size before relaxing)
 .stab          0x0000000000004b24      0x480 /usr/lib/gcc/avr/4.8.2/../../../avr/lib/avr5/libc.a(ultoa_invert.o)
                                        0x48c (size before relaxing)

.stabstr        0x0000000000000000     0x1325
 *(.stabstr)
 .stabstr       0x0000000000000000     0x1325 /usr/lib/gcc/avr/4.8.2/../../../avr/lib/avr5/crtm644p.o

.stab.excl
 *(.stab.excl)

.stab.exclstr
 *(.stab.exclstr)

.stab.index
 *(.stab.index)

.stab.indexstr
 *(.stab.indexstr)

.comment        0x0000000000000000       0x11
 *(.comment)
 .comment       0x0000000000000000       0x11 /usr/lib/gcc/avr/4.8.2/../../../avr/lib/avr5/libprintf_flt.a(vfprintf_flt.o)
                                         0x12 (size before relaxing)
 .comment       0x0000000000000000       0x12 ./main.o
 .comment       0x0000000000000000       0x12 /home/james/workspace_old/RBELib/Release/libRBELib.a(ADC.o)
 .comment       0x0000000000000000       0x12 /home/james/workspace_old/RBELib/Release/libRBELib.a(Debug.o)
 .comment       0x0000000000000000       0x12 /home/james/workspace_old/RBELib/Release/libRBELib.a(USARTDebug.o)
 .comment       0x0000000000000000       0x12 /home/james/workspace_old/RBELib/Release/libRBELib.a(constants.o)
 .comment       0x0000000000000000       0x12 /home/james/workspace_old/RBELib/Release/libRBELib.a(timer.o)
 .comment       0x0000000000000000       0x12 /home/james/workspace_old/RBELib/Release/libRBELib.a(SetServo.o)
 .comment       0x0000000000000000       0x12 /usr/lib/gcc/avr/4.8.2/../../../avr/lib/avr5/libc.a(fputc.o)
 .comment       0x0000000000000000       0x12 /usr/lib/gcc/avr/4.8.2/../../../avr/lib/avr5/libc.a(iob.o)
 .comment       0x0000000000000000       0x12 /usr/lib/gcc/avr/4.8.2/../../../avr/lib/avr5/libc.a(printf.o)
 .comment       0x0000000000000000       0x12 /usr/lib/gcc/avr/4.8.2/../../../avr/lib/avr5/libc.a(puts.o)
 .comment       0x0000000000000000       0x12 /usr/lib/gcc/avr/4.8.2/../../../avr/lib/avr5/libc.a(sprintf.o)

.debug
 *(.debug)

.line
 *(.line)

.debug_srcinfo
 *(.debug_srcinfo)

.debug_sfnames
 *(.debug_sfnames)

.debug_aranges
 *(.debug_aranges)

.debug_pubnames
 *(.debug_pubnames)

.debug_info
 *(.debug_info)
 *(.gnu.linkonce.wi.*)

.debug_abbrev
 *(.debug_abbrev)

.debug_line
 *(.debug_line)

.debug_frame
 *(.debug_frame)

.debug_str
 *(.debug_str)

.debug_loc
 *(.debug_loc)

.debug_macinfo
 *(.debug_macinfo)

.debug_pubtypes
 *(.debug_pubtypes)

.debug_ranges
 *(.debug_ranges)

.debug_macro
 *(.debug_macro)
OUTPUT(robot_stuff.elf elf32-avr)
LOAD linker stubs
